09-23 18:23:46.124   355   882 I wearable: WP_IMU: 	Observed shift in EKF: 0.02 deg 0.09 mm (0.30 pose arcmin) ts: 21987708516 (diff 0.66 mm)
09-23 18:23:46.137   723   806 D graph_pss: malleus/libs/ml_eyetracking/src/depth_plane_monitor.cc(242) run_ipd_monitor_states():
09-23 18:23:46.137   723   806 D graph_pss: ALW: IPD_MONITOR changing state from DEVICE_OFF to USING_DPS_CALIBRATED Switch: 0.063235
09-23 18:23:46.137   723   806 D graph_pss: malleus/workloads/pss/impl/eyecal_component.cpp(1074) operator()():
09-23 18:23:46.137   723   806 D graph_pss: ALW: IPD_MONITOR Firing prq triggers with seq = 58
09-23 18:23:46.144   723   841 D graph_pss: malleus/libs/headpose/loopclosure/impl/datastructures.cpp(251) DetectCandidateEdges():
09-23 18:23:46.144   723   841 D graph_pss: ALW: Loop closure  edge idx:0 tmps:21987679238 to KeyRig 43 drift: 18.69 arcmin 5.11 mm (13.20 arcmin 5.01 mm) angle: 0.2754 deg
09-23 18:23:46.147   723   841 D graph_pss: malleus/libs/headpose/loopclosure/impl/pose_refinement.cpp(160) RefineMultipleLoopClosureEdgesG2O():
09-23 18:23:46.147   723   841 D graph_pss: ALW: Refining final LC edge failed: not enough inliers 25 (< 45)
09-23 18:23:46.164   355   882 I wearable: UNASSIGNED: 	EyeCalibrationUpdate user seq = 58 with coefficients (-1700.00, 108.80, err:10000.0000) and rms (10000.0000, 10000
09-23 18:23:46.164   355   882 I wearable: .0
09-23 18:23:46.164   355   882 I wearable: UNASSIGNED: 	EyeCalibrationUpdate PUPIL_CALIBRATION Left (x,y,z): ( 0.000000 , 0.000000 , 0.000000 ) , radius: ( 0.002000 , 0.0
09-23 18:23:46.164   355   882 I wearable: 02
09-23 18:23:46.164   355   882 I wearable: UNASSIGNED: 	EyeCalibrationUpdate PUPIL_CALIBRATION Right (x,y,z): ( 0.000000 , 0.000000 , 0.000000 ) , radius: ( 0.002000 , 0.
09-23 18:23:46.164   355   882 I wearable: 00
09-23 18:23:46.165   377   657 I CloudService: : : nova/frameworks/services/cloud_service/ncpsservice/src/cloud_service.cpp:821: rxed what -> 1 while in state -> CONNECTED 
09-23 18:23:46.165   377   657 I CloudService: : : nova/frameworks/services/cloud_service/ncpsservice/src/cloud_service.cpp:966: sending message -> DeviceTelemetryEvent
09-23 18:23:46.229   861   930 D PfMonitor: nova/frameworks/services/perception_monitor/src/pf_monitor.cpp(947) ActivityVerdict():
09-23 18:23:46.229   861   930 D PfMonitor: ALW: Activity verdict state [INACTIVE >> ACTIVE]
09-23 18:23:46.231   374   734 D KratosPM: KratosPMActivityLock: : nova/frameworks/services/powermanagerservice/KratosPMActivityLock.cpp:133: acquired: type=ACTIVITY_LOCK_NO_WRBL_SLEEP pid=861 count=4
09-23 18:23:46.233   374   734 D KratosPM: KratosPM: : nova/frameworks/services/powermanagerservice/KratosPM.cpp:988: Uploading data to cloud
09-23 18:23:46.250   374   729 D KratosPM: KratosPM: : nova/frameworks/services/powermanagerservice/KratosPM.cpp:928: POWER_EVT_WEARABLE_ACTIVE in KPM_STATE_STANDBY ws=WEARABLE_ONHEAD wp=3067 pp=1693 u=1(0) lk= 0 0 0 1 0 ns=0 nas=0(1) ni=0 st=243370945344 pm=24
09-23 18:23:46.250   374   729 D KratosPM: KratosPM: : nova/frameworks/services/powermanagerservice/KratosPM.cpp:268: KPM_STATE_STANDBY ==> KPM_STATE_ACTIVE time 357(2596) secs
09-23 18:23:46.260   377   657 I CloudService: : : nova/frameworks/services/cloud_service/ncpsservice/src/cloud_service.cpp:821: rxed what -> 1 while in state -> CONNECTED 
09-23 18:23:46.260   377   657 I CloudService: : : nova/frameworks/services/cloud_service/ncpsservice/src/cloud_service.cpp:966: sending message -> DeviceTelemetryEvent
09-23 18:23:46.260   374   734 D KratosPM: KratosPM: : nova/frameworks/services/powermanagerservice/KratosPM.cpp:1579: Acquired ACTIVITY_LOCK_NO_WRBL_SLEEP
09-23 18:23:46.261   374   729 D KratosPM: KratosPM: : nova/frameworks/services/powermanagerservice/KratosPM.cpp:392: Notifying listeners of transition from POWER_STATE_STANDBY to POWER_STATE_ACTIVE
09-23 18:23:46.261   374   729 D KratosPM: KratosPM: : nova/frameworks/services/powermanagerservice/KratosPM.cpp:407: Num listeners 18, Going from POWER_STATE_STANDBY to POWER_STATE_ACTIVE seq 57
09-23 18:23:46.261   724   761 E MagicFlinger: frameworks/graphics/components/lightpack/src/service/lightpackpowerstate.cpp(484) NotifyPowerManagerEvent():
09-23 18:23:46.261   724   761 E MagicFlinger: ERR: Got a powerstate change op from powermanager, from: 3 to: 0
09-23 18:23:46.261   941  1400 I LifecycleService: LifecycleService: Received transition from STANDBY to ACTIVE
09-23 18:23:46.261   941  1400 D LifecycleService: LifecycleService: : nova/frameworks/services/lifecycleservice/lifecycleservice.cpp:3457: Device transitioned from STANDBY to ACTIVE
09-23 18:23:46.261   941  1400 I LifecycleService: LifecycleService: Handling device transition to ACTIVE
09-23 18:23:46.261   355   885 D mlog    : : : nova/system/core/mlog/daemon/mlogd_pm_listener.cpp:58: power state change to 0
09-23 18:23:46.261   355   885 D mlog    : : : nova/system/core/mlog/daemon/mlogd_pm_listener.cpp:80: Sending listener response to PM
09-23 18:23:46.262  1390     3 D NovaAppHelpers: NovaApplication: : nova/apps/common/apphelpers/src/NovaApplication.cpp:128: Calling onDeviceActive
09-23 18:23:46.262  1392    14 D NovaAppHelpers: NovaApplication: : nova/apps/common/apphelpers/src/NovaApplication.cpp:128: Calling onDeviceActive
09-23 18:23:46.262  1392    14 D NovaAppHelpers: NovaApplication: : nova/apps/common/apphelpers/src/NovaApplication.cpp:78: The application didn't override the method. Just logging.
09-23 18:23:46.262  1390     3 D NovaAppHelpers: NovaApplication: : nova/apps/common/apphelpers/src/NovaApplication.cpp:78: The application didn't override the method. Just logging.
09-23 18:23:46.262   360   760 I Bluetooth: PmEvents: : nova/frameworks/services/bluetoothservice/src/adapterservice/PmEvents.cpp:174: Power manager requested active seqNum=57
09-23 18:23:46.262   328   798 I wearable_monitor: wearable previous power state = 3, current power state = 0, seq = 57
09-23 18:23:46.262   723   805 D graph_pss: malleus/workloads/pss/impl/pss_pm_event_listener.cpp(47) notifyPowerManagerEvent():
09-23 18:23:46.262   723   805 D graph_pss: ALW: component=PowerManagement,reason=PssPmEventReceived,fromState=kpm-standby(3),toState=kpm-active(0) seq=57
09-23 18:23:46.262   861   861 D PfMonitor: nova/frameworks/services/perception_monitor/src/pf_monitor.cpp(1562) SetCurrentPowerStateLocked():
09-23 18:23:46.262   861   861 D PfMonitor: ALW: Current power state: 0 (was 3)
09-23 18:23:46.262   358  1475 I WifiService: WifiPwrMgmt: : nova/frameworks/services/wifiservices/src/WifiPwrMgmt.cpp:149: PowerManagerEvent notification 3 => 0, seq 57
09-23 18:23:46.262   358  1475 I WifiService: WifiPwrMgmt: : nova/frameworks/services/wifiservices/src/WifiPwrMgmt.cpp:141: void nova::frameworks::services::WifiPwrMgmt::eventHandled(int32_t): PowerManagerEvent handled, seq_number=57
09-23 18:23:46.263   362   983 D LedService: LedService: : nova/frameworks/services/ledservice/ledservice.cpp:123: Power event received
09-23 18:23:46.263   362   983 D LedService: LedService: : nova/frameworks/services/ledservice/ledservice.cpp:1216: Previous State:3 Current State:0
09-23 18:23:46.263   362   983 D LedService: LedService: : nova/frameworks/services/ledservice/ledservice.cpp:1243: Transition not allowed
09-23 18:23:46.263   360   757 I Bluetooth: BluetoothAdapter: : nova/frameworks/services/bluetoothservice/src/adapterservice/BluetoothAdapter.cpp:199: Handling power manager resume request
09-23 18:23:46.264   369   369 I TotemService: TotemService: : nova/frameworks/services/bluetoothservice/totemservice/src/TotemService.cpp:1178: Power manager resume requested
09-23 18:23:46.264   369  2130 I TotemService: TotemInstance: : nova/frameworks/services/bluetoothservice/totemservice/src/TotemInstance.cpp:507: Totem 1: Configure connection interval to 6 (high priority)
09-23 18:23:46.264  1131  1166 I MediaScannerService: Resume scanning of paused requests due to power transition from STANDBY/SLEEP(3) to ACTIVE
09-23 18:23:46.264   360   757 I Bluetooth: PmEvents: : nova/frameworks/services/bluetoothservice/src/adapterservice/PmEvents.cpp:163: Power manger seqNum=57 handled
09-23 18:23:46.268   723   841 D graph_pss: malleus/libs/headpose/loopclosure/impl/datastructures.cpp(251) DetectCandidateEdges():
09-23 18:23:46.268   723   841 D graph_pss: ALW: Loop closure  edge idx:0 tmps:21987812631 to KeyRig 42 drift: 16.44 arcmin 2.94 mm (5.62 arcmin 2.82 mm) angle: 0.3272 deg
09-23 18:23:46.270   355   882 I wearable: DISPLAY: 	SLEEP 1s disable requested
09-23 18:23:46.270   958  1001 D NovaLiveServer: New connections Allowed - Current State 0
09-23 18:23:46.270   958  1001 D NovaLiveServer: Processed PM transiton - Active
09-23 18:23:46.270   957  1296 D captureservice: captureservice: : nova/apps/capture/service/src/CaptureService.cpp:804: Power manager event: 0 reason: -1
09-23 18:23:46.265   959  1012 D NovaRTSPServer: New connections Allowed 0
09-23 18:23:46.276   959  2798 D NovaRTSPServer: Processed PM transiton - Active
09-23 18:23:46.289   355   882 I wearable: DISPLAY: 	display monocle 0 state: changing from DISPLAY_MSTATE_SLEEP_1S to DISPLAY_MSTATE_WAIT_FOR_DP_LOCK
09-23 18:23:46.289   355   882 I wearable: DISPLAY: 	display monocle 1 state: changing from DISPLAY_MSTATE_SLEEP_1S to DISPLAY_MSTATE_WAIT_FOR_DP_LOCK
09-23 18:23:46.289   355   882 I wearable: DISPLAY: 	display state: changing from DISPLAY_STATE_SLEEP_1S to DISPLAY_STATE_WAIT_FOR_DP_LOCK (51E944976)
09-23 18:23:46.289   355   882 I wearable: DISPLAY: 	SLEEP 1s disable complete
09-23 18:23:46.291   723   805 D graph_pss: malleus/workloads/pss/impl/totem_lifecycle_component.cpp(443) SetComponentPowerState():
09-23 18:23:46.291   723   805 D graph_pss: ALW: reason=pssPmEventReceived,component=tlc,previous_state=pspm-standby(3),new_state=pspm-active(0)
09-23 18:23:46.291   723   805 D graph_pss: malleus/workloads/pss/impl/totem_lifecycle_component.cpp(217) Relentlessly():
09-23 18:23:46.291   723   805 D graph_pss: ALW: reason=getDeviceInfoTrying,id=1
09-23 18:23:46.291   723   805 D graph_pss: malleus/workloads/pss/impl/totem_lifecycle_component.cpp(233) Relentlessly():
09-23 18:23:46.291   723   805 D graph_pss: ALW: reason=getDeviceInfoSuccess,id=1,code=0,attempt=0
09-23 18:23:46.291   723   805 D graph_pss: malleus/workloads/pss/impl/totem_lifecycle_component.cpp(217) Relentlessly():
09-23 18:23:46.291   723   805 D graph_pss: ALW: reason=getMagCalAsaValuesTrying,id=1
09-23 18:23:46.291   723   808 D graph_pss: malleus/drivers/totem_service/impl/totem_service_listener_impl.cpp(516) onGetDeviceInfo():
09-23 18:23:46.291   723   808 D graph_pss: ALW: TT-totemServiceListener,reason=onGetDeviceInfoSuccess,device={id=1  address=EA:F9:6A:D5:75:03}
09-23 18:23:46.291   723   814 D graph_pss: malleus/workloads/pss/impl/totem_lifecycle_component.cpp(957) operator()():
09-23 18:23:46.291   723   814 D graph_pss: ALW: reason=onInfo,component=tlc,id=1,sn=MLT_0320
09-23 18:23:46.291   369  2130 I TotemService: TotemService: : nova/frameworks/services/bluetoothservice/totemservice/src/TotemService.cpp:2309: Totem 1: Sending MagCalAsa data from file
09-23 18:23:46.293   723   805 D graph_pss: malleus/workloads/pss/impl/totem_lifecycle_component.cpp(233) Relentlessly():
09-23 18:23:46.293   723   805 D graph_pss: ALW: reason=getMagCalAsaValuesSuccess,id=1,code=0,attempt=0
09-23 18:23:46.293   723   805 D graph_pss: malleus/workloads/pss/impl/totem_lifecycle_component.cpp(345) GetFrequenciesFromProperty():
09-23 18:23:46.293   723   805 D graph_pss: ALW: reason=frequencyPropertyNotSet,id=1,key=persist.em.freqset
09-23 18:23:46.293   723   805 D graph_pss: malleus/workloads/pss/impl/totem_lifecycle_component.cpp(433) SetupDeferredTotemConnections():
09-23 18:23:46.293   723   805 D graph_pss: ALW: reason=totemNotConnectedOrReadyForSetup,component=tlc,id=2,readyForSetup=0
09-23 18:23:46.293   723   805 D graph_pss: malleus/workloads/pss/impl/hand_tracking_component.cpp(1000) SetComponentPowerState():
09-23 18:23:46.293   723   805 D graph_pss: ALW: component=HandTracking,reason=pssPmEventReceived,fromState=pspm-standby(3),toState=pspm-active(0)
09-23 18:23:46.293   723   805 D graph_pss: malleus/workloads/pss/impl/location_config_component.cpp(85) SetComponentPowerState():
09-23 18:23:46.293   723   805 D graph_pss: ALW: reason=pssPmEventReceived,component=LocationConfig,fromState=pspm-standby(3),toState=pspm-active(0)
09-23 18:23:46.293   723   805 D graph_pss: malleus/workloads/pss/impl/power_management_component.cpp(420) ChangePowerState():
09-23 18:23:46.293   723   805 D graph_pss: ALW: component=PowerManagement,reason=PowerStateChanged,toState=ACTIVE
09-23 18:23:46.293   723   805 D graph_pss: malleus/workloads/pss/impl/pss_pm_event_listener.cpp(65) notifyPowerManagerEvent():
09-23 18:23:46.293   723   805 D graph_pss: ALW: component=PowerManagement,reason=pssPmEventResponse,message=binderIpcReturningBackToPm
09-23 18:23:46.293   723   808 D graph_pss: malleus/drivers/totem_service/impl/totem_service_listener_impl.cpp(570) onGetMagCalAsaValues():
09-23 18:23:46.293   723   808 D graph_pss: ALW: TT-totemServiceListener,smartCompass,reason=onGetMagCalAsaSuccess,device={id=1  address=EA:F9:6A:D5:75:03}
09-23 18:23:46.294   723   806 D graph_pss: malleus/workloads/pss/impl/totem_lifecycle_component.cpp(982) operator()():
09-23 18:23:46.294   723   806 D graph_pss: ALW: reason=onTotemMagAsa,component=tlc,id=1
09-23 18:23:46.294   723   806 D graph_pss: malleus/workloads/pss/impl/totem_lifecycle_component.cpp(217) Relentlessly():
09-23 18:23:46.294   723   806 D graph_pss: ALW: reason=getMagCalWarmStartValuesTrying,id=1
09-23 18:23:46.294   723   806 D graph_pss: malleus/workloads/pss/impl/totem_lifecycle_component.cpp(233) Relentlessly():
09-23 18:23:46.294   723   806 D graph_pss: ALW: reason=getMagCalWarmStartValuesSuccess,id=1,code=0,attempt=0
09-23 18:23:46.294   369  2130 I TotemService: FunctionHelper: : nova/frameworks/services/bluetoothservice/totemservice/src/FunctionHelper.cpp:135: Totem 1: Read MAG_CAL_WARM_START
09-23 18:23:46.295   355   882 I wearable: Time to exit standby: 24567
09-23 18:23:46.296   723  2799 E EMT     : Failed to turn 6DOF on
09-23 18:23:46.296   723  2799 D graph_pss: malleus/drivers/totem_em_hal/impl/totem_em_hal_impl.cpp(190) enableTotem():
09-23 18:23:46.296   723  2799 D graph_pss: ALW: reason=enableRcvrSlotWaitingForHw,id=1
09-23 18:23:46.298   723   811 D graph_pss: malleus/libs/headpose/loopclosure/impl/pose_graph.cpp(314) SolveProblem():
09-23 18:23:46.298   723   811 D graph_pss: ALW: Pose graph optimization succeeded! Cost (before -> after) = (14.245737 -> 0.481109), iterations 10, vertices 48, edges 48 (covis 47, loc 0)
09-23 18:23:46.307   723   811 D graph_pss: malleus/libs/headpose/loopclosure/impl/datastructures.cpp(590) PostLoopClosure():
09-23 18:23:46.307   723   811 D graph_pss: ALW: Loop closure KR 48 -> 43 successful, lc edges 3, final inliers 47, PG size 48, moving points: 507, fusing points: 3
09-23 18:23:46.312   360   755 I bt_btif_gatt: set_read_value len = 25 
09-23 18:23:46.312   723   808 D graph_pss: malleus/drivers/totem_service/impl/totem_service_listener_impl.cpp(635) onGetMagCalWarmStartValues():
09-23 18:23:46.312   723   808 D graph_pss: ALW: TT-totemServiceListener,smartCompass,reason=onGetMagCalWarmStartSuccess,device={id=1  address=EA:F9:6A:D5:75:03}
09-23 18:23:46.312   723   806 D graph_pss: malleus/workloads/pss/impl/totem_lifecycle_component.cpp(1122) operator()():
09-23 18:23:46.312   723   806 D graph_pss: ALW: reason=smartCompassOnTotemMagGetWarmStart,component=tlc,id=1
09-23 18:23:46.312   723   806 D graph_pss: malleus/workloads/pss/impl/totem_lifecycle_component.cpp(1186) operator()():
09-23 18:23:46.312   723   806 D graph_pss: ALW: reason=smartCompassGetWarmStartValues,id=1,accuracy=3,fine_offset=[206,-844,497],rough_values=[443,-1869,125],rough_offset=[0,0,0]
09-23 18:23:46.312   723   806 I         : smartCompass,reason=mlHwInitStart,ASA=[163,171,153]
09-23 18:23:46.313   723   806 D graph_pss: malleus/drivers/totem_imu/impl/totem_imu_message_tracker.cpp(362) smartCompassPrmInit():
09-23 18:23:46.313   723   806 D graph_pss: ALW: reason=smartCompassLibInitSuccess,id=1,inst=0,this=0x40005cd679a8
09-23 18:23:46.313   723   855 E         : smartCompass,reason=akmErrorNotYetCalculated
09-23 18:23:46.313   723   855 E         : smartCompass,reason=aklGetVectorFailed,ret=-7
09-23 18:23:46.315   723   855 D graph_pss: frameworks/libs/totem_6dof_fusion/ml_totem_magcal_tracker/src/magcal_accuracy_tracker.cpp(76) Update():
09-23 18:23:46.315   723   855 D graph_pss: ALW: reason=smartCompassMagAccuracy,inst=0,id=1,accuracy=3,last_accuracy=0,time_taken_ms=2,curr_ts_ms=1569277426315,last_ts_ms=1569277426313
09-23 18:23:46.316   723   806 D graph_pss: malleus/workloads/pss/impl/totem_lifecycle_component.cpp(1228) operator()():
09-23 18:23:46.316   723   806 D graph_pss: ALW: reason=smartCompassOnTotemMagSetWarmStart,id=1,component=tlc
09-23 18:23:46.316   723   806 D graph_pss: malleus/workloads/pss/impl/totem_lifecycle_component.cpp(1283) operator()():
09-23 18:23:46.316   723   806 D graph_pss: ALW: reason=smartCompassSetMagCalWarmStartValuesSucceeded,id=1,accuracy=3,fine_offset=[206,-844,497],rough_values=[443,-1869,125],rough_offset=[0,0,0]
09-23 18:23:46.316   369  2130 I TotemService: FunctionHelper: : nova/frameworks/services/bluetoothservice/totemservice/src/FunctionHelper.cpp:99: Totem 1: Write MAG_CAL_WARM_START
09-23 18:23:46.319   377   657 I CloudService: : : nova/frameworks/services/cloud_service/ncpsservice/src/cloud_service.cpp:821: rxed what -> 1 while in state -> CONNECTED 
09-23 18:23:46.319   377   657 I CloudService: : : nova/frameworks/services/cloud_service/ncpsservice/src/cloud_service.cpp:966: sending message -> DeviceTelemetryEvent
09-23 18:23:46.321  1392     1 I ServiceConnector: UniversePrivilegedServiceConnector: : nova/apps/common/serviceconnector/src/UniversePrivilegedServiceConnector.cpp:53: requesting dense mesh enabled state
09-23 18:23:46.321  1392     1 I SettingsApp: LandingScreen: : nova/apps/settings/app/src/main/LandingScreen.cpp:830: Check Mesh Status  visible 1
09-23 18:23:46.325   724   793 I hwcomposer: hotplug: display 0 connected = 0
09-23 18:23:46.325   724   793 W hwcomposer: hotplug: got redundant event. Working around...
09-23 18:23:46.325   724   793 I hwcomposer: edid: Manufacturer ID: "MLP"
09-23 18:23:46.325   724   793 I hwcomposer: edid: Manufacturer Product Code: 0100
09-23 18:23:46.325   724   793 I hwcomposer: edid: Monitor name: "MLONE"
09-23 18:23:46.325   724   793 V hwcomposer: Display 0 (head 0): creating default mode
09-23 18:23:46.325   724   793 V hwcomposer: New DC mode 1280 x 720 @ 60.00 Hz (RGB/8/Rec.709)
09-23 18:23:46.325   724   793 V hwcomposer: Chosen mode: 0: 1280 x 720 @ 60.00 Hz (RGB/8/Rec.709)
09-23 18:23:46.325   724   793 V hwcomposer: display 0: vblank period = 16666667 ns
09-23 18:23:46.325   724   793 V hwcomposer: int hwc_hotplug(void *, int, nvfb_hotplug_status): display 0 disconnected
09-23 18:23:46.325   724   793 V hwcomposer: void hwc_blank_display(nvhwc_context *, int, int): display 0: [1 -> 1]
09-23 18:23:46.325   724   796 V hwcomposer: hdcp_poll: processing pipe fd
09-23 18:23:46.325   724   796 D         : signalling poll disabled
09-23 18:23:46.325   724   796 I         : SecureHdcp_PollDisabled
09-23 18:23:46.337   723   808 D graph_pss: malleus/drivers/totem_service/impl/totem_service_listener_impl.cpp(657) onSetMagCalWarmStartValues():
09-23 18:23:46.337   723   808 D graph_pss: ALW: TT-totemServiceListener,smartCompass,reason=onSetMagCalWarmStartSuccess,device={id=1  address=EA:F9:6A:D5:75:03}
09-23 18:23:46.340   369   369 I TotemService: TotemInstance: : nova/frameworks/services/bluetoothservice/totemservice/src/TotemInstance.cpp:1119: Totem 1: Resuming, set power mode 0
09-23 18:23:46.340   369  2130 I TotemService: FunctionHelper: : nova/frameworks/services/bluetoothservice/totemservice/src/FunctionHelper.cpp:99: Totem 1: Write DEVICE_CONFIG
09-23 18:23:46.344   355   882 I wearable: WP_MAP_MANAGER: 	Applying Loop Closure results: Optimized KeyRigs 48 and map points 507, OldKR: 0, LastKR: 48
09-23 18:23:46.344   355   882 I wearable: WP_MAP_MANAGER: 	KeyRigs in map: 48, Map Points in sparse map block: 619, LastKRInMap: 48
09-23 18:23:46.347   723   841 D graph_pss: kraken/Head/Mapping/MapUpdate/Deltas/MapOptimizationResults.cpp(79) ApplyResultsPreProc():
09-23 18:23:46.347   723   841 D graph_pss: ALW: Applying Loop Closure results: Optimized KeyRigs 48 and map points 507, OldKR: 0, LastKR: 48
09-23 18:23:46.347   723   841 D graph_pss: kraken/Head/Mapping/MapUpdate/Deltas/MapOptimizationResults.cpp(82) ApplyResultsPreProc():
09-23 18:23:46.347   723   841 D graph_pss: ALW: KeyRigs in map: 48, Map Points in sparse map block: 619, LastKRInMap: 48
09-23 18:23:46.349   723   841 D graph_pss: kraken/Head/Mapping/MapUpdate/Deltas/LoopClosure.cpp(107) FusePoints():
09-23 18:23:46.349   723   841 D graph_pss: ALW: Fused 3 / 3 points
09-23 18:23:46.352   723   841 D graph_pss: malleus/libs/headpose/map/impl/map_computation_manager.cpp(1184) CheckGlobalBATriggersBeforeLoadProblem():
09-23 18:23:46.352   723   841 D graph_pss: ALW: PreGlobalBA: Loop closure trigger - waiting for new keyrig
09-23 18:23:46.358   956  1021 D pwservice: localized[1] mapQualityOk[0] sameReferenceMap[1]
09-23 18:23:46.362   377   657 I CloudService: : : nova/frameworks/services/cloud_service/ncpsservice/src/cloud_service.cpp:821: rxed what -> 1 while in state -> CONNECTED 
09-23 18:23:46.362   377   657 I CloudService: : : nova/frameworks/services/cloud_service/ncpsservice/src/cloud_service.cpp:966: sending message -> DeviceTelemetryEvent
09-23 18:23:46.367   355   882 I wearable: WP_MAP_MANAGER: 	Fused 3 / 3 points
09-23 18:23:46.367   355   882 I wearable: WP_MAP_MANAGER: 	Applied shift from LoopClosure: 0.24 deg 10.11 mm (34.50 pose arcmin) ts: 21987945993
09-23 18:23:46.384   723   841 D graph_pss: kraken/Head/Mapping/MapUpdate/Deltas/MapDelta.cpp(577) ApplyResultsPreProc():
09-23 18:23:46.384   723   841 D graph_pss: ALW: New keyrig: 49, g1-1, features: 159 159 131 148, mp: 13 3 3, ts: 21987945993
09-23 18:23:46.384   723   841 D graph_pss: kraken/Head/Mapping/MapUpdate/Deltas/MapDelta.cpp(582) ApplyResultsPreProc():
09-23 18:23:46.384   723   841 D graph_pss: ALW: NKRP [0.790340 -0.218677 0.535873 0.200956] [0.009924 0.038311 -0.030694] 
09-23 18:23:46.392   723   841 D graph_pss: malleus/libs/headpose/map/impl/map_computation_manager.cpp(1195) CheckGlobalBATriggersBeforeLoadProblem():
09-23 18:23:46.392   723   841 D graph_pss: ALW: PreGlobalBA: Loop closure trigger - new keyrig inserted
09-23 18:23:46.394   355   882 I wearable: DISPLAY: 	Bridge interrupt 0x0010
09-23 18:23:46.394   355   882 I wearable: WP_IMU: 	Observed shift in EKF: 0.01 deg 0.08 mm (0.89 pose arcmin) ts: 21987977071 (diff 4.01 mm)
09-23 18:23:46.397   355   882 I wearable: WP_MAP_MANAGER: 	New keyrig: 49, g1-1, features: 159 159 131 148, mp: 13 3 3, ts: 21987945993
09-23 18:23:46.397   355   882 I wearable: WP_MAP_MANAGER: 	NKRP [0.790340 -0.218677 0.535873 0.200956] [0.009924 0.038311 -0.030694] 
09-23 18:23:46.408   724   793 I hwcomposer: hotplug: display 0 connected = 1
09-23 18:23:46.409   724   793 I hwcomposer: edid: Manufacturer ID: "MLP"
09-23 18:23:46.409   724   793 I hwcomposer: edid: Manufacturer Product Code: 0100
09-23 18:23:46.409   724   793 I hwcomposer: edid: Monitor name: "MLONE"
09-23 18:23:46.409   724   793 V hwcomposer: Display 0 has RGB quant selectable: 0, YUV quant selectable: 0
09-23 18:23:46.409   724   793 V hwcomposer: Display 0 HDR capabilities: 0
09-23 18:23:46.409   724   793 V hwcomposer: Display 0 (head 0): found 1 modes
09-23 18:23:46.409   724   793 V hwcomposer: New DC mode 2560 x 961 @ 120.00 Hz (RGB/8/Rec.709/limited)
09-23 18:23:46.409   724   793 V hwcomposer: Chosen mode: 0: 2560 x 961 @ 120.00 Hz (RGB/8/Rec.709)
09-23 18:23:46.409   724   793 V hwcomposer: New DC mode 2560 x 961 @ 120.00 Hz (RGB/8/Rec.709)
09-23 18:23:46.409   724   793 V hwcomposer: display 0: vblank period = 8333333 ns
09-23 18:23:46.425   366   938 D /system/bin/audiorenderservice: frameworks/perception/src/perception_context.cpp(946) SetRigTransforms():
09-23 18:23:46.425   366   938 D /system/bin/audiorenderservice: ALW: Setting new rig transforms in perception_context
09-23 18:23:46.425   366   938 D /system/bin/audiorenderservice: frameworks/perception/src/trackers/calibration.cpp(1008) Update():
09-23 18:23:46.425   366   938 D /system/bin/audiorenderservice: ALW: reason=processedUpdatedRigModel,timestamp=21907531225000
09-23 18:23:46.426   366   938 I audiorenderservice: : : nova/frameworks/services/audioservice/render/render_device.cc:1091: render open - data
09-23 18:23:46.430  1392     4 I SettingsApp: LandingScreen: : nova/apps/settings/app/src/main/LandingScreen.cpp:150: dense mesh is enabled
09-23 18:23:46.430  1392     1 I ServiceConnector: UniversePrivilegedServiceConnector: : nova/apps/common/serviceconnector/src/UniversePrivilegedServiceConnector.cpp:71: requesting dense mesh render enabled state
09-23 18:23:46.437   366   938 I audiorenderservice: : : nova/frameworks/services/audioservice/render/render_device.cc:1159: render mixer enable - data
09-23 18:23:46.442   723   841 D graph_pss: malleus/libs/headpose/bundle_adjust/bundle_adjuster.cpp(433) CollectAndCheckBAProblemStats():
09-23 18:23:46.442   723   841 D graph_pss: ALW: GlobalBA: 48 free keyrigs, 1 fixed keyrigs; 6072 free-keyrig observations, 119 fixed-keyrig observations; 606 map points; 0 loc constraints
09-23 18:23:46.442   723   841 D graph_pss: malleus/libs/headpose/map/impl/map_computation_manager.cpp(3014) PreGravityEstimation():
09-23 18:23:46.442   723   841 D graph_pss: ALW: Gravity changed: accepting_gravity: false->false, vio_gravity: true->false, sparse_map_id: true->false, gravity_epoch: false->false
09-23 18:23:46.463   724   793 V hwcomposer: setting property sys.display-size to 2560x961
09-23 18:23:46.465   724   793 V hwcomposer: int hwc_hotplug(void *, int, nvfb_hotplug_status): display 0 connected
09-23 18:23:46.465   724   793 V hwcomposer: void hwc_blank_display(nvhwc_context *, int, int): display 0: [1 -> 0]
09-23 18:23:46.465   724   793 V hwcomposer: Display 0 device size is 2560 x 961
09-23 18:23:46.465   724   793 V hwcomposer: Display 0 device clip is (0, 0, 2560, 961)
09-23 18:23:46.465   724   796 V hwcomposer: hdcp_poll: processing pipe fd
09-23 18:23:46.465   724   796 D         : signalling poll disabled
09-23 18:23:46.465   724   796 I         : SecureHdcp_PollDisabled
09-23 18:23:46.465   724   796 V hwcomposer: hdcp_poll: processing pipe fd
09-23 18:23:46.470   724   796 D         : signalling poll failure
09-23 18:23:46.470   724   796 I         : SecureHdcp_PollFailure
09-23 18:23:46.521   328   337 I wearable_monitor: Wearable transitioned from mode SLEEP_1S (5) to OPERATIONAL (3)
09-23 18:23:46.572   368   609 D SettingsService: SettingsService: : nova/apps/settings/service/src/SettingsService.cpp:530: [type : System], [key : WIFI_HIDDEN_SSIDS_LIST_V2]
09-23 18:23:46.572   368   609 D SettingsService: SettingsService: : nova/apps/settings/service/src/SettingsService.cpp:1069: name [WIFI_HIDDEN_SSIDS_LIST_V2], requestingForUser=1
09-23 18:23:46.572   368   609 D SettingsService: SettingsService: : nova/apps/settings/service/src/SettingsService.cpp:542: Success : [WIFI_HIDDEN_SSIDS_LIST_V2] ["wifi-demo"	"wifi-demo"	"wifi-demo"	"wifi-demo"	]
09-23 18:23:46.572   368   609 D SettingsService: SettingsService: : nova/apps/settings/service/src/SettingsService.cpp:530: [type : System], [key : WIFI_HIDDEN_SSIDS_LIST_V2]
09-23 18:23:46.572   368   609 D SettingsService: SettingsService: : nova/apps/settings/service/src/SettingsService.cpp:1069: name [WIFI_HIDDEN_SSIDS_LIST_V2], requestingForUser=1
09-23 18:23:46.572   368   609 D SettingsService: SettingsService: : nova/apps/settings/service/src/SettingsService.cpp:542: Success : [WIFI_HIDDEN_SSIDS_LIST_V2] ["wifi-demo"	"wifi-demo"	"wifi-demo"	"wifi-demo"	]
09-23 18:23:46.598   358   911 I WifiService: WifiSm: : nova/frameworks/services/wifiservices/src/WifiStateMachine.cpp:1686: Ev 4 WIFI_EV_BSS_CONNECTED in WIFI_STATE_IP_ADDR_ASSIGNED: IFNAME=wlan0 CTRL-EVENT-CONNECTED - connection to 44:48:c1:80:85:b2 completed (auth) [id=0 id_str=]
09-23 18:23:46.598   358   911 I WifiService: WifiSm: : nova/frameworks/services/wifiservices/src/WifiStateMachine.cpp:1431: event - WIFI_EV_BSS_CONNECTED in State WIFI_STATE_IP_ADDR_ASSIGNED
09-23 18:23:46.637   723   814 D graph_pss: malleus/libs/headpose/bundle_adjust/bundle_adjuster.cpp(572) OptimizeAndGetResults():
09-23 18:23:46.637   723   814 D graph_pss: ALW: GlobalBA: Succeeded! Cost (before -> after) = (10715.743459 -> 3981.195454). # iterations: 4.
09-23 18:23:46.651   723   814 D graph_pss: malleus/libs/headpose/bundle_adjust/bundle_adjuster.cpp(506) CollectOptimizedCameraExtrinsics():
09-23 18:23:46.651   723   814 D graph_pss: ALW: OC_V3: delta WR_T_WL (arcmin) --- Rx: -0.022425, Ry: 0.126571, Rz: -0.982965
09-23 18:23:46.674   724   724 V hwcomposer: void hwc_blank_display(nvhwc_context *, int, int): display 0: [0 -> 0]
09-23 18:23:46.674   724   724 V hwcomposer: Display 0 device size is 2560 x 961
09-23 18:23:46.674   724   724 V hwcomposer: Display 0 device clip is (0, 0, 2560, 961)
09-23 18:23:46.674   724   724 V hwcomposer: virtual int dc_display::set_blank(int): display 0, [0 -> 0]
09-23 18:23:46.673   367  1364 I audiocaptureservice: : : nova/frameworks/services/audioservice/capture/capture_device.cc:867: Open device @ active 1, src 8
09-23 18:23:46.679   724   724 V hwcomposer: int hwc_setPowerMode(struct hwc_composer_device_1 *, int, int): display 0: unblank success
09-23 18:23:46.679   724   796 V hwcomposer: hdcp_poll: processing pipe fd
09-23 18:23:46.681   374  1935 I KratosPM: KratosPM: : nova/frameworks/services/powermanagerservice/KratosPM.cpp:1741: All responses received seq=57, last pid=724
09-23 18:23:46.682   367  1360 I audiocaptureservice: : : nova/frameworks/services/audioservice/capture/capture_device.cc:867: Open device @ active 1, src 0
09-23 18:23:46.683   724   796 D         : signalling poll failure
09-23 18:23:46.683   724   796 I         : SecureHdcp_PollFailure
09-23 18:23:46.687   724   724 D MagicFlinger: frameworks/perception/src/perception_context.cpp(946) SetRigTransforms():
09-23 18:23:46.687   724   724 D MagicFlinger: ALW: Setting new rig transforms in perception_context
09-23 18:23:46.687   724   724 D MagicFlinger: frameworks/perception/src/trackers/calibration.cpp(1008) Update():
09-23 18:23:46.687   724   724 D MagicFlinger: ALW: reason=processedUpdatedRigModel,timestamp=21907531225000
09-23 18:23:46.688   724   724 E MagicFlinger: frameworks/graphics/components/system/src/service/result_handler_service.cpp(167) PurgeGlobalErrors():
09-23 18:23:46.688   724   724 E MagicFlinger: ERR: -------------- Global Error Log ----------------
09-23 18:23:46.688   724   724 E MagicFlinger:   - 1 occurrences of Client - Inactive #0
09-23 18:23:46.688   724   724 E MagicFlinger:   - 1 occurrences of Client - Not Dirty
09-23 18:23:46.688   724   724 E MagicFlinger: -----------------------------------------
09-23 18:23:46.689   723   814 D graph_pss: malleus/libs/ml_online_calib/src/oc_updates_util.cpp(660) ProcessSensorOCOrDie():
09-23 18:23:46.689   723   814 D graph_pss: ALW: OC: world_left_T_world_right_before_oc.rotation = (0.999891, -0.000831, -0.001707, 0.014649)
09-23 18:23:46.689   723   814 D graph_pss: malleus/libs/ml_online_calib/src/oc_updates_util.cpp(662) ProcessSensorOCOrDie():
09-23 18:23:46.689   723   814 D graph_pss: ALW: OC: world_left_T_world_right_after_oc.rotation = (0.999893, -0.000835, -0.001688, 0.014506)
09-23 18:23:46.689   723   814 D graph_pss: malleus/libs/ml_online_calib/src/oc_updates_util.cpp(670) ProcessSensorOCOrDie():
09-23 18:23:46.689   723   814 D graph_pss: ALW: OC: The rig model (extrinsics) was updated at 1970-01-01 06:06:28 GMT
09-23 18:23:46.698   724   761 D MagicFlinger: malleus/ml_binder/calibration/calibration_sub_client_binder.cpp(66) onRigModel():
09-23 18:23:46.698   724   761 D MagicFlinger: ALW: reason=onRigModelReceivedRigModel,bufferSize=550278
09-23 18:23:46.698   864  1423 D /system/bin/systemui_server: malleus/ml_binder/calibration/calibration_sub_client_binder.cpp(66) onRigModel():
09-23 18:23:46.698   864  1423 D /system/bin/systemui_server: ALW: reason=onRigModelReceivedRigModel,bufferSize=550278
09-23 18:23:46.699  1126  1405 D /system/bin/universe: malleus/ml_binder/calibration/calibration_sub_client_binder.cpp(66) onRigModel():
09-23 18:23:46.699  1126  1405 D /system/bin/universe: ALW: reason=onRigModelReceivedRigModel,bufferSize=550278
09-23 18:23:46.699   863  1880 D /system/bin/systemui: malleus/ml_binder/calibration/calibration_sub_client_binder.cpp(66) onRigModel():
09-23 18:23:46.699   863  1880 D /system/bin/systemui: ALW: reason=onRigModelReceivedRigModel,bufferSize=550278
09-23 18:23:46.701   861   861 D PfMonitor: malleus/ml_binder/calibration/calibration_sub_client_binder.cpp(66) onRigModel():
09-23 18:23:46.701   861   861 D PfMonitor: ALW: reason=onRigModelReceivedRigModel,bufferSize=550278
09-23 18:23:46.703  1392     4 I SettingsApp: LandingScreen: : nova/apps/settings/app/src/main/LandingScreen.cpp:165: dense mesh render is disabled
09-23 18:23:46.712  1126  1262 D KaliRenderer: KaliNovaContextNova: : nova/frameworks/kali/renderer/src/context/KaliNovaContext.cpp:443: MLGraphicsBeginFrame new result: MLResult_Ok (0). Previous result was MLResult_Timeout (2) returned 29 times!
09-23 18:23:46.712   957  1296 D /system/bin/captureservice: malleus/ml_binder/calibration/calibration_sub_client_binder.cpp(66) onRigModel():
09-23 18:23:46.712   957  1296 D /system/bin/captureservice: ALW: reason=onRigModelReceivedRigModel,bufferSize=550278
09-23 18:23:46.715   366   682 D /system/bin/audiorenderservice: malleus/ml_binder/calibration/calibration_sub_client_binder.cpp(66) onRigModel():
09-23 18:23:46.715   366   682 D /system/bin/audiorenderservice: ALW: reason=onRigModelReceivedRigModel,bufferSize=550278
09-23 18:23:46.718   723   841 D graph_pss: kraken/Head/Mapping/MapUpdate/Deltas/MapOptimizationResults.cpp(79) ApplyResultsPreProc():
09-23 18:23:46.718   723   841 D graph_pss: ALW: Applying Global BA results: Optimized KeyRigs 48 and map points 606, OldKR: 1, LastKR: 49
09-23 18:23:46.718   723   841 D graph_pss: kraken/Head/Mapping/MapUpdate/Deltas/MapOptimizationResults.cpp(82) ApplyResultsPreProc():
09-23 18:23:46.718   723   841 D graph_pss: ALW: KeyRigs in map: 49, Map Points in sparse map block: 605, LastKRInMap: 49
09-23 18:23:46.718  1120  1184 D /system/bin/htkeyedataservice: malleus/ml_binder/calibration/calibration_sub_client_binder.cpp(66) onRigModel():
09-23 18:23:46.718  1120  1184 D /system/bin/htkeyedataservice: ALW: reason=onRigModelReceivedRigModel,bufferSize=550278
09-23 18:23:46.718   723   841 D graph_pss: kraken/Head/Mapping/MapUpdate/Deltas/MapOptimizationResults.cpp(324) ApplyResultsShard():
09-23 18:23:46.718   723   841 D graph_pss: ALW: Global BA results: removed 0 outlier measurements and uploaded new 0 measurements. Deleted 0 points
09-23 18:23:46.718   723   841 D graph_pss: kraken/Head/Mapping/MapUpdate/Deltas/MapOptimizationResults.cpp(324) ApplyResultsShard():
09-23 18:23:46.718   723   841 D graph_pss: ALW: Global BA results: removed 0 outlier measurements and uploaded new 0 measurements. Deleted 0 points
09-23 18:23:46.718   723   841 D graph_pss: kraken/Head/Mapping/MapUpdate/Deltas/MapOptimizationResults.cpp(324) ApplyResultsShard():
09-23 18:23:46.718   723   841 D graph_pss: ALW: Global BA results: removed 0 outlier measurements and uploaded new 0 measurements. Deleted 0 points
09-23 18:23:46.718   723   841 D graph_pss: kraken/Head/Mapping/MapUpdate/Deltas/MapOptimizationResults.cpp(324) ApplyResultsShard():
09-23 18:23:46.718   723   841 D graph_pss: ALW: Global BA results: removed 0 outlier measurements and uploaded new 0 measurements. Deleted 0 points
09-23 18:23:46.720   723   841 D graph_pss: kraken/Head/Mapping/MapUpdate/Deltas/MapOptimizationResults.cpp(324) ApplyResultsShard():
09-23 18:23:46.720   723   841 D graph_pss: ALW: Global BA results: removed 48 outlier measurements and uploaded new 16 measurements. Deleted 4 points
09-23 18:23:46.720   723   841 D graph_pss: kraken/Head/Mapping/MapUpdate/Deltas/MapOptimizationResults.cpp(324) ApplyResultsShard():
09-23 18:23:46.720   723   841 D graph_pss: ALW: Global BA results: removed 0 outlier measurements and uploaded new 0 measurements. Deleted 0 points
09-23 18:23:46.720   723   841 D graph_pss: kraken/Head/Mapping/MapUpdate/Deltas/MapOptimizationResults.cpp(324) ApplyResultsShard():
09-23 18:23:46.720   723   841 D graph_pss: ALW: Global BA results: removed 0 outlier measurements and uploaded new 0 measurements. Deleted 0 points
09-23 18:23:46.720   723   841 D graph_pss: kraken/Head/Mapping/MapUpdate/Deltas/MapOptimizationResults.cpp(324) ApplyResultsShard():
09-23 18:23:46.720   723   841 D graph_pss: ALW: Global BA results: removed 0 outlier measurements and uploaded new 0 measurements. Deleted 0 points
09-23 18:23:46.720   723   841 D graph_pss: kraken/Head/Mapping/MapUpdate/Deltas/MapOptimizationResults.cpp(324) ApplyResultsShard():
09-23 18:23:46.720   723   841 D graph_pss: ALW: Global BA results: removed 0 outlier measurements and uploaded new 0 measurements. Deleted 0 points
09-23 18:23:46.730   355   882 I wearable: WP_MAP_MANAGER: 	Global BA results: removed 0 outlier measurements and uploaded new 0 measurements. Deleted 0 points
09-23 18:23:46.730   355   882 I wearable: WP_MAP_MANAGER: 	Applied shift from GlobalBA: 0.17 deg 3.91 mm (19.54 pose arcmin) ts: 21988312875
09-23 18:23:46.732  1126  1262 D KaliLib : KaliServer: : nova/frameworks/kali/core/src/KaliServer.cpp:2289: setSGIColor: SGI 5 <1.000000, 0.500000, 0.200000, 1.000000>
09-23 18:23:46.732  1126  1262 D Universe: PrivilegeWatch: : nova/frameworks/universe/PrivilegeWatch.cpp:53: attempting to begin decay for uid [110018]
09-23 18:23:46.732  1126  1262 D Universe: PrivilegeWatch: : nova/frameworks/universe/PrivilegeWatch.cpp:80: start decay for uid [110018]
09-23 18:23:46.732  1126  1256 D Universe: UniverseInputHandler: : nova/frameworks/universe/UniverseInputHandler.cpp:493: Setting app input state of pid [1126] to [FOREGROUND]
09-23 18:23:46.732   377  2801 I CloudService: : : nova/frameworks/services/cloud_service/ncpsservice/src/upload_manager.cpp:67: Upload request fd = 16, type = 1
09-23 18:23:46.735   363   363 I chatty  : uid=4046(input_service) novainputservic expire 39 lines
09-23 18:23:46.736   363   944 I chatty  : uid=4046(input_service) TotemHaptics Th expire 4 lines
09-23 18:23:46.737   369  2130 I TotemService: FunctionHelper: : nova/frameworks/services/bluetoothservice/totemservice/src/FunctionHelper.cpp:99: Totem 1: Write HAPTICS
09-23 18:23:46.737   355   882 I wearable: WP_MAP_MANAGER: 	Applying Global BA results: Optimized KeyRigs 48 and map points 606, OldKR: 1, LastKR: 49
09-23 18:23:46.737   355   882 I wearable: WP_MAP_MANAGER: 	KeyRigs in map: 49, Map Points in sparse map block: 605, LastKRInMap: 49
09-23 18:23:46.737   355   882 I wearable: WP_MAP_MANAGER: 	Global BA results: removed 0 outlier measurements and uploaded new 0 measurements. Deleted 0 points
09-23 18:23:46.737   355   882 I wearable: WP_MAP_MANAGER: 	Global BA results: removed 0 outlier measurements and uploaded new 0 measurements. Deleted 0 points
09-23 18:23:46.737   355   882 I wearable: WP_MAP_MANAGER: 	Global BA results: removed 0 outlier measurements and uploaded new 0 measurements. Deleted 0 points
09-23 18:23:46.737   355   882 I wearable: WP_MAP_MANAGER: 	Global BA results: removed 48 outlier measurements and uploaded new 16 measurements. Deleted 4 points
09-23 18:23:46.737   355   882 I wearable: WP_MAP_MANAGER: 	Global BA results: removed 0 outlier measurements and uploaded new 0 measurements. Deleted 0 points
09-23 18:23:46.737   355   882 I wearable: WP_MAP_MANAGER: 	Global BA results: removed 0 outlier measurements and uploaded new 0 measurements. Deleted 0 points
09-23 18:23:46.737   355   882 I wearable: WP_MAP_MANAGER: 	Global BA results: removed 0 outlier measurements and uploaded new 0 measurements. Deleted 0 points
09-23 18:23:46.739   363   363 I chatty  : uid=4046(input_service) novainputservic expire 21 lines
09-23 18:23:46.740   363   541 I chatty  : uid=4046(input_service) VoiceManager expire 1 line
09-23 18:23:46.741   329   329 I llcommservice: App with PID 1384 is now in BACKGROUND
09-23 18:23:46.741   329   329 I llcommservice: App with PID 1126 is now in FOREGROUND
09-23 18:23:46.742   374   729 D KratosPM: KratosPM: : nova/frameworks/services/powermanagerservice/KratosPM.cpp:928: POWER_EVT_RESPONSES_RECEIVED in KPM_STATE_ACTIVE ws=WEARABLE_ONHEAD wp=3526 pp=3389 u=1(0) lk= 0 0 0 1 0 ns=0 nas=0(1) ni=0 st=9518893952 pm=23
09-23 18:23:46.751   723   841 D graph_pss: malleus/libs/headpose/bundle_adjust/bundle_adjuster.cpp(433) CollectAndCheckBAProblemStats():
09-23 18:23:46.751   723   841 D graph_pss: ALW: LocalSpatialBA: 5 free keyrigs, 44 fixed keyrigs; 1058 free-keyrig observations, 4219 fixed-keyrig observations; 428 map points; 0 loc constraints
09-23 18:23:46.751   723   841 D graph_pss: malleus/libs/headpose/map/impl/map_computation_manager.cpp(3014) PreGravityEstimation():
09-23 18:23:46.751   723   841 D graph_pss: ALW: Gravity changed: accepting_gravity: false->false, vio_gravity: false->true, sparse_map_id: false->true, gravity_epoch: false->false
09-23 18:23:46.751   723   841 D graph_pss: malleus/libs/headpose/map/impl/map_computation_manager.cpp(3020) PreGravityEstimation():
09-23 18:23:46.751   723   841 D graph_pss: ALW: accepting_gravity: 1-1 --> 1-1
09-23 18:23:46.752   374   880 D KratosPM: KratosPMActivityLock: : nova/frameworks/services/powermanagerservice/KratosPMActivityLock.cpp:133: acquired: type=ACTIVITY_LOCK_NO_DISP_DIM pid=724 count=21
09-23 18:23:46.752   374   880 D KratosPM: KratosPM: : nova/frameworks/services/powermanagerservice/KratosPM.cpp:1579: Acquired ACTIVITY_LOCK_NO_DISP_DIM
09-23 18:23:46.763   355   882 I wearable: DISPLAY: 	Display LED controller received request to turn projectors on
09-23 18:23:46.767   374   729 D KratosPM: KratosPM: : nova/frameworks/services/powermanagerservice/KratosPM.cpp:928: POWER_EVT_ACQUIRE_LOCK_DISPLAY_ON in KPM_STATE_ACTIVE ws=WEARABLE_ONHEAD wp=3632 pp=3687 u=1(0) lk= 0 0 1 1 0 ns=0 nas=0(1) ni=0 st=9974728544 pm=23
09-23 18:23:46.769   377  2801 D cpsutil : : : nova/frameworks/services/cloud_service/lib/utils/curl_uploader.cpp:205: header -> file_hash: 5850ef867d52484de5e850ebe7c2df6afc9d29d42d7dea9bdd66f64ced7523d9f8918258b75196f98da60b0d810abfa18e4be5344531c90f6c9bca8a05d75dfd
09-23 18:23:46.769   377  2801 D cpsutil : : : nova/frameworks/services/cloud_service/lib/utils/curl_uploader.cpp:205: header -> file_size: 550280
09-23 18:23:46.769   377  2801 D cpsutil : : : nova/frameworks/services/cloud_service/lib/utils/curl_uploader.cpp:205: header -> content-length: 550280
09-23 18:23:46.769   377  2801 D cpsutil : : : nova/frameworks/services/cloud_service/lib/utils/curl_uploader.cpp:205: header -> timestamp: 1569277426000
09-23 18:23:46.772   368   609 D SettingsService: SettingsService: : nova/apps/settings/service/src/SettingsService.cpp:469: [type : Global], [key : cloud_service_device_management_service_upload_url], [default val : https://upload.test.mglp.net:443]
09-23 18:23:46.772   368   609 D SettingsService: SettingsService: : nova/apps/settings/service/src/SettingsService.cpp:1047: name : [cloud_service_device_management_service_upload_url]
09-23 18:23:46.772   368   609 D SettingsService: SettingsService: : nova/apps/settings/service/src/SettingsService.cpp:482: Success : [cloud_service_device_management_service_upload_url] [https://upload.staging.mglp.net:443]
09-23 18:23:46.772   377  2801 D cpsutil : : : nova/frameworks/services/cloud_service/lib/utils/curl_uploader.cpp:304: upload url -> https://upload.staging.mglp.net:443/UPLOAD
09-23 18:23:46.772   377  2801 D cpsutil : : : nova/frameworks/services/cloud_service/lib/utils/curl_uploader.cpp:205: header -> file_type: ONLINE_CALIBRATION_DATA_V2
09-23 18:23:46.772   377  2801 D cpsutil : : : nova/frameworks/services/cloud_service/lib/utils/curl_uploader.cpp:205: header -> filename: online_calibration.rig
09-23 18:23:46.772   377  2801 D cpsutil : : : nova/frameworks/services/cloud_service/lib/utils/curl_uploader.cpp:205: header -> ro.build.fingerprint: ml/phaedrax_full/phaedra:0.98.00/A1D.190918.04-R.046/46:userdebug/test-keys
09-23 18:23:46.772   377  2801 D cpsutil : : : nova/frameworks/services/cloud_service/lib/utils/curl_uploader.cpp:205: header -> ro.hardware.revision: r0a
09-23 18:23:46.772   377  2801 D cpsutil : : : nova/frameworks/services/cloud_service/lib/utils/curl_uploader.cpp:205: header -> token: eyJhbGciOiJIUzI1NiIsInR5cCI6IkpXVCJ9.eyJhdWQiOlsiY3Jhc2hfcmVwb3J0Il0sImV4cCI6MTYwMDgxMjA0NSwiaXNzIjoic3NsOi8vZGNnLnN0YWdpbmcubWdscC5uZXQ6NDQzIiwic3ViIjpudWxsfQ.zlYsSO4EP6PmiRvMn3ao27PQMbCMnc89hcDml1eQeVk
09-23 18:23:46.772   377  2801 I cpsutil : : : nova/frameworks/services/cloud_service/lib/utils/curl_uploader.cpp:167: Uploading...
09-23 18:23:46.773   369  2130 I TotemService: FunctionHelper: : nova/frameworks/services/bluetoothservice/totemservice/src/FunctionHelper.cpp:99: Totem 1: Write HAPTICS
09-23 18:23:46.797   723  2799 D EMT     : TDSP mode is on
09-23 18:23:46.869   355   882 I wearable: DISPLAY: 	Bridge interrupt 0x0006
09-23 18:23:46.879   723   838 D graph_pss: malleus/libs/headpose/bundle_adjust/bundle_adjuster.cpp(572) OptimizeAndGetResults():
09-23 18:23:46.879   723   838 D graph_pss: ALW: LocalSpatialBA: Succeeded! Cost (before -> after) = (3045.239554 -> 3032.805260). # iterations: 2.
09-23 18:23:46.910   724   724 D MagicFlinger: frameworks/perception/src/perception_context.cpp(946) SetRigTransforms():
09-23 18:23:46.910   724   724 D MagicFlinger: ALW: Setting new rig transforms in perception_context
09-23 18:23:46.910   724   724 D MagicFlinger: frameworks/perception/src/trackers/calibration.cpp(1008) Update():
09-23 18:23:46.910   724   724 D MagicFlinger: ALW: reason=processedUpdatedRigModel,timestamp=21988297054000
09-23 18:23:46.911  1126  1262 D /system/bin/universe: frameworks/perception/src/perception_context.cpp(946) SetRigTransforms():
09-23 18:23:46.911  1126  1262 D /system/bin/universe: ALW: Setting new rig transforms in perception_context
09-23 18:23:46.911  1126  1262 D /system/bin/universe: frameworks/perception/src/trackers/calibration.cpp(1008) Update():
09-23 18:23:46.911  1126  1262 D /system/bin/universe: ALW: reason=processedUpdatedRigModel,timestamp=21988297054000
09-23 18:23:46.924   355   882 I wearable: DISPLAY: 	HDMI/DP bridge detected source 2560x961
09-23 18:23:46.924   355   882 I wearable: DISPLAY: 	display state: changing from DISPLAY_STATE_WAIT_FOR_DP_LOCK to DISPLAY_STATE_SOURCE_LOCKED (51E9E37F5)
09-23 18:23:46.931   366   938 E /system/bin/audiorenderservice: frameworks/perception/src/perception_context.cpp(840) GetMyriadTime():
09-23 18:23:46.931   366   938 E /system/bin/audiorenderservice: ERR: [ LLComm ] Edge case detected: Flash interval greater than 50ms! Interval [ 357346161 ]
09-23 18:23:46.933   363   542 I chatty  : uid=4046(input_service) PerceptionDevic expire 3 lines
09-23 18:23:46.936   366   938 E /system/bin/audiorenderservice: frameworks/perception/src/perception_context.cpp(840) GetMyriadTime():
09-23 18:23:46.936   366   938 E /system/bin/audiorenderservice: ERR: [ LLComm ] Edge case detected: Flash interval greater than 50ms! Interval [ 357346161 ]
09-23 18:23:46.939   355   882 I wearable: DISPLAY: 	display monocle 0 state: changing from DISPLAY_MSTATE_WAIT_FOR_DP_LOCK to DISPLAY_MSTATE_WAIT_FOR_MIPI_LOCK
09-23 18:23:46.939   355   882 I wearable: DISPLAY: 	display monocle 1 state: changing from DISPLAY_MSTATE_WAIT_FOR_DP_LOCK to DISPLAY_MSTATE_WAIT_FOR_MIPI_LOCK
09-23 18:23:46.939   355   882 I wearable: DISPLAY: 	display state: changing from DISPLAY_STATE_SOURCE_LOCKED to DISPLAY_STATE_STREAMING_TO_MONOCLES (51E9E6D3E)
09-23 18:23:46.948   723   841 D graph_pss: kraken/Head/Mapping/MapUpdate/CommonMapManager.cpp(72) HandleUpdatesStart():
09-23 18:23:46.948   723   841 D graph_pss: ALW: CommonMapManager: Applying the deltas from LBA.
09-23 18:23:46.948   723   841 D graph_pss: kraken/Head/Mapping/MapUpdate/Deltas/BundleAdjust.cpp(26) ApplyResultsPreProc():
09-23 18:23:46.948   723   841 D graph_pss: ALW: Keyrigs inserted since last LBA: 1
09-23 18:23:46.948   723   841 D graph_pss: kraken/Head/Mapping/MapUpdate/Deltas/MapOptimizationResults.cpp(79) ApplyResultsPreProc():
09-23 18:23:46.948   723   841 D graph_pss: ALW: Applying Local BA results: Optimized KeyRigs 5 and map points 428, OldKR: 21, LastKR: 49
09-23 18:23:46.948   723   841 D graph_pss: kraken/Head/Mapping/MapUpdate/Deltas/MapOptimizationResults.cpp(82) ApplyResultsPreProc():
09-23 18:23:46.948   723   841 D graph_pss: ALW: KeyRigs in map: 49, Map Points in sparse map block: 601, LastKRInMap: 49
09-23 18:23:46.948   723   841 D graph_pss: kraken/Head/Mapping/MapUpdate/Deltas/MapOptimizationResults.cpp(324) ApplyResultsShard():
09-23 18:23:46.948   723   841 D graph_pss: ALW: Local BA results: removed 0 outlier measurements and uploaded new 0 measurements. Deleted 0 points
09-23 18:23:46.948   723   841 D graph_pss: kraken/Head/Mapping/MapUpdate/Deltas/MapOptimizationResults.cpp(324) ApplyResultsShard():
09-23 18:23:46.948   723   841 D graph_pss: ALW: Local BA results: removed 0 outlier measurements and uploaded new 0 measurements. Deleted 0 points
