--------- system info
ro.build.fingerprint=ml/phaedrax_full/phaedra:0.98.00/A1D.190918.04-R.046/46:userdebug/test-keys
ro.hardware.revision=r0a
ro.serialno=G331N1000052
--------- beginning of system
09-23 12:17:34.513   289   289 I vold    : Vold 3.0 (the awakening) firing up
09-23 12:17:34.513   289   289 V vold    : Detected support for: ext4 f2fs vfat
09-23 12:17:34.521   289   289 I vold    : Link to primary storage? 0
09-23 12:17:34.522   289   289 W Vold    : Tearing down stale mount /mnt/tmp
09-23 12:17:34.528   289   289 V vold    : /system/bin/lsusb
09-23 12:17:34.691   289   289 V vold    : Bus 001 Device 001: ID 1d6b:0002 Linux Foundation 2.0 root hub
09-23 12:17:34.691   289   289 V vold    : 
09-23 12:17:34.691   289   289 V vold    : Bus 002 Device 002: ID 2c55:e100 Magic Leap, Inc. Minotaur
09-23 12:17:34.691   289   289 V vold    : 
09-23 12:17:34.691   289   289 V vold    : Bus 002 Device 001: ID 1d6b:0003 Linux Foundation 3.0 root hub
09-23 12:17:34.691   289   289 V vold    : 
09-23 12:17:35.206   289   297 D vold    : e4crypt_init_de
09-23 12:17:35.206   289   297 D vold    : Preparing: /data/misc/vold
09-23 12:17:35.206   289   297 D vold    : Preparing: /data/misc/vold/user_keys
09-23 12:17:35.207   289   297 D vold    : Preparing: /data/misc/vold/user_keys/C0
09-23 12:17:35.207   289   297 D vold    : Preparing: /data/misc/vold/user_keys/C1
09-23 12:17:35.208   289   297 D vold    : Preparing: /data/misc/vold/user_keys/C2
09-23 12:17:35.208   289   297 D vold    : Skipping non-C0-key .
09-23 12:17:35.208   289   297 D vold    : Skipping non-C0-key ..
09-23 12:17:35.217   289   297 D vold    : Added key 991188029 (ext4:1c5ef6bdc2e04242) to keyring 551002303 in process 289
09-23 12:17:35.217   289   297 D vold    : Added key 645010463 (ext4:1c5ef6bdc2e04242:0) to keyring 551002303 in process 289
09-23 12:17:35.217   289   297 D vold    : Installed C0 key for user 1
09-23 12:17:35.511   341   341 I update_verifier: Started with arg 1: nonencrypted
09-23 12:17:35.586   341   341 I update_verifier: Booting slot 0: isSlotMarkedSuccessful=1
09-23 12:17:35.586   341   341 I update_verifier: Leaving update_verifier.
--------- beginning of app
09-23 12:17:35.929   382   382 I ProvisioningService: ProvisioningService: No provisioning profile found on device
09-23 12:17:35.929   382   382 I ProvisioningService: ProvisioningService: Provisioning Service Up and Running
09-23 12:17:40.276   289   474 D Cryptfs : Received UnlockUser binder call from pid: 353 uid: 4072
09-23 12:17:40.276   289   474 D vold    : e4crypt_unlock_user_key 1 serial=0 token_present=1
09-23 12:17:40.277   289   474 D vold    : Skipping non-key .
09-23 12:17:40.277   289   474 D vold    : Skipping non-key ..
09-23 12:17:40.277   289   474 D vold    : Trying user CE key /data/misc/vold/user_keys/C1/1/current
09-23 12:17:40.528   289   474 D vold    : Supplying auth token to Keymaster
09-23 12:17:40.528   289   474 D vold    : Successfully retrieved key
09-23 12:17:40.529   289   474 D vold    : Added key 953974361 (ext4:307772313f64203f) to keyring 551002303 in process 289
09-23 12:17:40.529   289   474 D vold    : Added key 614234795 (ext4:307772313f64203f:1) to keyring 551002303 in process 289
09-23 12:17:40.529   289   474 D vold    : Installed ce key for user 1
09-23 12:17:40.530   289   474 D vold    : Skipping non-key .
09-23 12:17:40.530   289   474 D vold    : Skipping non-key ..
09-23 12:17:40.530   289   474 D vold    : Trying user CE key /data/misc/vold/user_keys/C2/1/current
09-23 12:17:40.764   289   474 D vold    : Supplying auth token to Keymaster
09-23 12:17:40.764   289   474 D vold    : Successfully retrieved key
09-23 12:17:40.765   289   474 D vold    : Added key 436720270 (ext4:d3fd2b20ef172d65) to keyring 551002303 in process 289
09-23 12:17:40.765   289   474 D vold    : Added key 197876538 (ext4:d3fd2b20ef172d65:2) to keyring 551002303 in process 289
09-23 12:17:40.765   289   474 D vold    : Installed ce key for user 1
09-23 12:17:45.642   723   812 D graph_pss: ALW: reason=controllerTrackingStopped,id=1
09-23 12:17:47.230   723   821 D graph_pss: ALW: reason=controllerTrackingStarted,id=1
09-23 12:18:10.205   941  1396 I LifecycleService: LifecycleService: Received transition from ACTIVE to STANDBY
09-23 12:18:10.205   941  1396 I LifecycleService: LifecycleService: Handling device transition to STANDBY
09-23 12:18:10.299   723   809 D graph_pss: ALW: reason=controllerTrackingStopped,id=1
09-23 12:28:10.327   941  1396 I LifecycleService: LifecycleService: Received transition from STANDBY to SLEEP
09-23 12:28:10.395   941  1396 I LifecycleService: LifecycleService: Device is locked
09-23 12:28:10.734   723   806 D graph_pss: ALW: reason=controllerTrackingStopped,id=1
09-23 12:37:30.285   941  1396 I LifecycleService: LifecycleService: Received transition from SLEEP to ACTIVE
09-23 12:37:30.286   941  1396 I LifecycleService: LifecycleService: Device is locked. onUnlock will handle resume
09-23 12:37:30.290   941  1396 I LifecycleService: LifecycleService: Device is unlocked
09-23 12:37:43.143   941  1396 I LifecycleService: LifecycleService: Received transition from ACTIVE to STANDBY
09-23 12:37:43.143   941  1396 I LifecycleService: LifecycleService: Handling device transition to STANDBY
09-23 12:39:51.234   289   474 D Cryptfs : Received EnsureUserPolicy binder call from pid: 926 uid: 104003
09-23 12:39:51.234   289   474 D vold    : e4crypt_ensure_user_policy for user 1, path /data/user/1/apps/qa.mxs.densemesh_i/tmp/, policy 1
09-23 12:39:51.235   289   474 I vold    : Policy for /data/user/1/apps/qa.mxs.densemesh_i/tmp/ set to 307772313f64203f
09-23 12:39:51.236   289   474 D Cryptfs : Received EnsureUserPolicy binder call from pid: 926 uid: 104003
09-23 12:39:51.236   289   474 D vold    : e4crypt_ensure_user_policy for user 1, path /data/user/1/apps/qa.mxs.densemesh_i/documents/C1/, policy 1
09-23 12:39:51.236   289   474 I vold    : Policy for /data/user/1/apps/qa.mxs.densemesh_i/documents/C1/ set to 307772313f64203f
09-23 12:39:51.237   289   474 D Cryptfs : Received EnsureUserPolicy binder call from pid: 926 uid: 104003
09-23 12:39:51.237   289   474 D vold    : e4crypt_ensure_user_policy for user 1, path /data/user/1/apps/qa.mxs.densemesh_i/documents/C2/, policy 2
09-23 12:39:51.238   289   474 I vold    : Policy for /data/user/1/apps/qa.mxs.densemesh_i/documents/C2/ set to d3fd2b20ef172d65
09-23 12:39:54.038   289   474 D Cryptfs : Received EnsureUserPolicy binder call from pid: 926 uid: 104003
09-23 12:39:54.038   289   474 D vold    : e4crypt_ensure_user_policy for user 1, path /data/user/1/apps/qa.mxs.eyetracking/tmp/, policy 1
09-23 12:39:54.038   289   474 I vold    : Policy for /data/user/1/apps/qa.mxs.eyetracking/tmp/ set to 307772313f64203f
09-23 12:39:54.040   289   474 D Cryptfs : Received EnsureUserPolicy binder call from pid: 926 uid: 104003
09-23 12:39:54.040   289   474 D vold    : e4crypt_ensure_user_policy for user 1, path /data/user/1/apps/qa.mxs.eyetracking/documents/C1/, policy 1
09-23 12:39:54.040   289   474 I vold    : Policy for /data/user/1/apps/qa.mxs.eyetracking/documents/C1/ set to 307772313f64203f
09-23 12:39:54.041   289   474 D Cryptfs : Received EnsureUserPolicy binder call from pid: 926 uid: 104003
09-23 12:39:54.041   289   474 D vold    : e4crypt_ensure_user_policy for user 1, path /data/user/1/apps/qa.mxs.eyetracking/documents/C2/, policy 2
09-23 12:39:54.041   289   474 I vold    : Policy for /data/user/1/apps/qa.mxs.eyetracking/documents/C2/ set to d3fd2b20ef172d65
09-23 12:39:57.324   289   474 D Cryptfs : Received EnsureUserPolicy binder call from pid: 926 uid: 104003
09-23 12:39:57.325   289   474 D vold    : e4crypt_ensure_user_policy for user 1, path /data/user/1/apps/qa.mxs.handgestures_i/tmp/, policy 1
09-23 12:39:57.326   289   474 I vold    : Policy for /data/user/1/apps/qa.mxs.handgestures_i/tmp/ set to 307772313f64203f
09-23 12:39:57.327   289   474 D Cryptfs : Received EnsureUserPolicy binder call from pid: 926 uid: 104003
09-23 12:39:57.327   289   474 D vold    : e4crypt_ensure_user_policy for user 1, path /data/user/1/apps/qa.mxs.handgestures_i/documents/C1/, policy 1
09-23 12:39:57.328   289   474 I vold    : Policy for /data/user/1/apps/qa.mxs.handgestures_i/documents/C1/ set to 307772313f64203f
09-23 12:39:57.328   289   474 D Cryptfs : Received EnsureUserPolicy binder call from pid: 926 uid: 104003
09-23 12:39:57.328   289   474 D vold    : e4crypt_ensure_user_policy for user 1, path /data/user/1/apps/qa.mxs.handgestures_i/documents/C2/, policy 2
09-23 12:39:57.329   289   474 I vold    : Policy for /data/user/1/apps/qa.mxs.handgestures_i/documents/C2/ set to d3fd2b20ef172d65
09-23 12:40:01.411   289   474 D Cryptfs : Received EnsureUserPolicy binder call from pid: 926 uid: 104003
09-23 12:40:01.411   289   474 D vold    : e4crypt_ensure_user_policy for user 1, path /data/user/1/apps/qa.mxs.planes_i/tmp/, policy 1
09-23 12:40:01.411   289   474 I vold    : Policy for /data/user/1/apps/qa.mxs.planes_i/tmp/ set to 307772313f64203f
09-23 12:40:01.416   289   474 D Cryptfs : Received EnsureUserPolicy binder call from pid: 926 uid: 104003
09-23 12:40:01.416   289   474 D vold    : e4crypt_ensure_user_policy for user 1, path /data/user/1/apps/qa.mxs.planes_i/documents/C1/, policy 1
09-23 12:40:01.417   289   474 I vold    : Policy for /data/user/1/apps/qa.mxs.planes_i/documents/C1/ set to 307772313f64203f
09-23 12:40:01.420   289   474 D Cryptfs : Received EnsureUserPolicy binder call from pid: 926 uid: 104003
09-23 12:40:01.420   289   474 D vold    : e4crypt_ensure_user_policy for user 1, path /data/user/1/apps/qa.mxs.planes_i/documents/C2/, policy 2
09-23 12:40:01.420   289   474 I vold    : Policy for /data/user/1/apps/qa.mxs.planes_i/documents/C2/ set to d3fd2b20ef172d65
09-23 12:40:06.669   289   474 D Cryptfs : Received EnsureUserPolicy binder call from pid: 926 uid: 104003
09-23 12:40:06.670   289   474 D vold    : e4crypt_ensure_user_policy for user 1, path /data/user/1/apps/qa.mxs.raycast_i/tmp/, policy 1
09-23 12:40:06.670   289   474 I vold    : Policy for /data/user/1/apps/qa.mxs.raycast_i/tmp/ set to 307772313f64203f
09-23 12:40:06.675   289   474 D Cryptfs : Received EnsureUserPolicy binder call from pid: 926 uid: 104003
09-23 12:40:06.676   289   474 D vold    : e4crypt_ensure_user_policy for user 1, path /data/user/1/apps/qa.mxs.raycast_i/documents/C1/, policy 1
09-23 12:40:06.676   289   474 I vold    : Policy for /data/user/1/apps/qa.mxs.raycast_i/documents/C1/ set to 307772313f64203f
09-23 12:40:06.682   289   474 D Cryptfs : Received EnsureUserPolicy binder call from pid: 926 uid: 104003
09-23 12:40:06.682   289   474 D vold    : e4crypt_ensure_user_policy for user 1, path /data/user/1/apps/qa.mxs.raycast_i/documents/C2/, policy 2
09-23 12:40:06.683   289   474 I vold    : Policy for /data/user/1/apps/qa.mxs.raycast_i/documents/C2/ set to d3fd2b20ef172d65
09-23 12:47:43.338   941  1396 I LifecycleService: LifecycleService: Received transition from STANDBY to SLEEP
09-23 12:47:43.421   941  1396 I LifecycleService: LifecycleService: Device is locked
09-23 16:49:34.513   941  1396 I LifecycleService: LifecycleService: Received transition from SLEEP to ACTIVE
09-23 16:49:34.513   941  1396 I LifecycleService: LifecycleService: Device is locked. onUnlock will handle resume
09-23 16:49:34.518   941  1396 I LifecycleService: LifecycleService: Device is unlocked
09-23 16:49:47.433   941  1396 I LifecycleService: LifecycleService: Received transition from ACTIVE to STANDBY
09-23 16:49:47.433   941  1396 I LifecycleService: LifecycleService: Handling device transition to STANDBY
09-23 16:59:47.577   941  1396 I LifecycleService: LifecycleService: Received transition from STANDBY to SLEEP
09-23 16:59:47.666   941  1396 I LifecycleService: LifecycleService: Device is locked
09-23 18:00:36.487   941  1396 I LifecycleService: LifecycleService: Received transition from SLEEP to ACTIVE
09-23 18:00:36.487   941  1396 I LifecycleService: LifecycleService: Device is locked. onUnlock will handle resume
09-23 18:00:36.491   941  1396 I LifecycleService: LifecycleService: Device is unlocked
09-23 18:00:49.361   941  1396 I LifecycleService: LifecycleService: Received transition from ACTIVE to STANDBY
09-23 18:00:49.361   941  1396 I LifecycleService: LifecycleService: Handling device transition to STANDBY
09-23 18:05:58.867   723   812 D graph_pss: ALW: reason=controllerTrackingStopped,id=1
09-23 18:07:18.652   941  1396 I LifecycleService: LifecycleService: Received transition from STANDBY to ACTIVE
09-23 18:07:18.652   941  1396 I LifecycleService: LifecycleService: Handling device transition to ACTIVE
09-23 18:07:23.922   723   821 D graph_pss: ALW: reason=controllerTrackingStarted,id=1
09-23 18:08:11.788   941  1059 I LifecycleService: LifecycleService: Received transition from ACTIVE to DISPLAY_OFF
09-23 18:08:15.288   941  1059 I LifecycleService: LifecycleService: Received transition from DISPLAY_OFF to ACTIVE
09-23 18:08:25.314   941  1059 I LifecycleService: LifecycleService: Received transition from ACTIVE to DISPLAY_OFF
09-23 18:08:34.917   941  1059 I LifecycleService: LifecycleService: Received transition from DISPLAY_OFF to ACTIVE
09-23 18:08:50.969   941  1059 I LifecycleService: LifecycleService: Received transition from ACTIVE to STANDBY
09-23 18:08:50.969   941  1059 I LifecycleService: LifecycleService: Handling device transition to STANDBY
09-23 18:08:51.051   723   814 D graph_pss: ALW: reason=controllerTrackingStopped,id=1
09-23 18:09:39.087   723   806 D graph_pss: ALW: reason=controllerTrackingStopped,id=1
09-23 18:09:40.657   941  1059 I LifecycleService: LifecycleService: Received transition from STANDBY to ACTIVE
09-23 18:09:40.657   941  1059 I LifecycleService: LifecycleService: Handling device transition to ACTIVE
09-23 18:09:43.252   723   821 D graph_pss: ALW: reason=controllerTrackingStarted,id=1
09-23 18:09:48.020   926   926 I InstallUtils: install_utils: Magicscript package is debuggable
09-23 18:09:48.043   289   474 D Cryptfs : Received EnsureUserPolicy binder call from pid: 926 uid: 104003
09-23 18:09:48.043   289   474 D vold    : e4crypt_ensure_user_policy for user 1, path /data/user/1/apps/qa.mxs.jsxintegration/tmp/, policy 1
09-23 18:09:48.043   289   474 I vold    : Policy for /data/user/1/apps/qa.mxs.jsxintegration/tmp/ set to 307772313f64203f
09-23 18:09:48.045   289   474 D Cryptfs : Received EnsureUserPolicy binder call from pid: 926 uid: 104003
09-23 18:09:48.045   289   474 D vold    : e4crypt_ensure_user_policy for user 1, path /data/user/1/apps/qa.mxs.jsxintegration/documents/C1/, policy 1
09-23 18:09:48.045   289   474 I vold    : Policy for /data/user/1/apps/qa.mxs.jsxintegration/documents/C1/ set to 307772313f64203f
09-23 18:09:48.048   289   474 D Cryptfs : Received EnsureUserPolicy binder call from pid: 926 uid: 104003
09-23 18:09:48.048   289   474 D vold    : e4crypt_ensure_user_policy for user 1, path /data/user/1/apps/qa.mxs.jsxintegration/documents/C2/, policy 2
09-23 18:09:48.049   289   474 I vold    : Policy for /data/user/1/apps/qa.mxs.jsxintegration/documents/C2/ set to d3fd2b20ef172d65
--------- beginning of app_internal
09-23 18:09:50.619  2252     1 D LifecycleService: LifecycleService: : nova/frameworks/services/lifecycleservice/process_tools.cpp:694: Jailing the app
09-23 18:09:50.634  2252     1 D LifecycleService: LifecycleService: : nova/frameworks/services/lifecycleservice/process_tools.cpp:712: Adding env var: _DEBUG_SYSTEM_PID=2252
09-23 18:09:50.634  2252     1 D LifecycleService: LifecycleService: : nova/frameworks/services/lifecycleservice/process_tools.cpp:718: Adding env var: _DEBUG_SYSTEM_PKGNAME=qa.mxs.jsxintegration
09-23 18:09:50.634  2252     1 D LifecycleService: LifecycleService: : nova/frameworks/services/lifecycleservice/process_tools.cpp:118: Preserving env var: ANDROID_ROOT=/system
09-23 18:09:50.634  2252     1 D LifecycleService: LifecycleService: : nova/frameworks/services/lifecycleservice/process_tools.cpp:118: Preserving env var: MAGIC_LEAP=1
09-23 18:09:50.634  2252     1 D LifecycleService: LifecycleService: : nova/frameworks/services/lifecycleservice/process_tools.cpp:729: Adding env var: LD_LIBRARY_PATH=/package/bin
09-23 18:09:50.634  2252     1 D LifecycleService: LifecycleService: : nova/frameworks/services/lifecycleservice/process_tools.cpp:774: Setting SELinux context on 'bin/index.js'
09-23 18:09:52.580  2252     1 D ml-unspecified: frameworks/perception/src/perception_context.cpp(946) SetRigTransforms():
09-23 18:09:52.580  2252     1 D ml-unspecified: ALW: Setting new rig transforms in perception_context
09-23 18:09:52.639  2252     1 I MagicScript: mxs: Launching: 'bin/index.js'
09-23 18:09:52.639  2252     1 D MagicScript: VM: : nova/frameworks/magicscript/vm/src/MagicScript.cpp:177: Starting up the V8 engine
09-23 18:09:52.670  2252     1 D MagicScript: VM: : nova/frameworks/magicscript/vm/src/MagicScript.cpp:214: Evaluating: 'bin/index.js'
09-23 18:09:52.683  2252     1 D MagicScript: VM: : nova/frameworks/magicscript/vm/src/nova/DigestChecker.cpp:203: Checking signed digest file: 'digest.sha512.signed'
09-23 18:09:52.702  2252     1 D MagicScript: VM: : nova/frameworks/magicscript/vm/src/InspectorClient.cpp:107: Starting inspector websocket server...
09-23 18:09:52.703  2252     1 D MagicScript: VM: : nova/frameworks/magicscript/vm/src/InspectorClient.cpp:118: Starting inspector websocket server...
09-23 18:09:52.703  2252     1 D MagicScript: VM: : nova/frameworks/magicscript/vm/src/ModuleLoader.cpp:133: Fetching module: 'bin/index.js'
09-23 18:09:52.703  2252     1 D MagicScript: VM: : nova/frameworks/magicscript/vm/src/ModuleLoader.cpp:290: Looking for module in cache: 'bin/index.js'
09-23 18:09:52.703  2252     1 D MagicScript: VM: : nova/frameworks/magicscript/vm/src/ModuleLoader.cpp:305: Checking for module digest: 'bin/index.js'
09-23 18:09:52.703  2252     1 D MagicScript: VM: : nova/frameworks/magicscript/vm/src/nova/DigestChecker.cpp:215: Verifying signed module: 'bin/index.js'
09-23 18:09:52.703  2252     1 D MagicScript: VM: : nova/frameworks/magicscript/vm/src/ModuleLoader.cpp:311: Loading module from filesystem: 'bin/index.js'
09-23 18:09:52.704  2252     1 D MagicScript: VM: : nova/frameworks/magicscript/vm/src/ModuleLoader.cpp:362: Found 1 dependencies...
09-23 18:09:52.704  2252     1 D MagicScript: VM: : nova/frameworks/magicscript/vm/src/ModuleLoader.cpp:392: Recursively loading './src/main.js' from 'bin/index.js'
09-23 18:09:52.704  2252     1 D MagicScript: VM: : nova/frameworks/magicscript/vm/src/ModuleLoader.cpp:290: Looking for module in cache: 'bin/src/main.js'
09-23 18:09:52.704  2252     1 D MagicScript: VM: : nova/frameworks/magicscript/vm/src/ModuleLoader.cpp:305: Checking for module digest: 'bin/src/main.js'
09-23 18:09:52.704  2252     1 D MagicScript: VM: : nova/frameworks/magicscript/vm/src/nova/DigestChecker.cpp:215: Verifying signed module: 'bin/src/main.js'
09-23 18:09:52.704  2252     1 D MagicScript: VM: : nova/frameworks/magicscript/vm/src/ModuleLoader.cpp:311: Loading module from filesystem: 'bin/src/main.js'
09-23 18:09:52.704  2252     1 D MagicScript: VM: : nova/frameworks/magicscript/vm/src/ModuleLoader.cpp:362: Found 5 dependencies...
09-23 18:09:52.704  2252     1 D MagicScript: VM: : nova/frameworks/magicscript/vm/src/ModuleLoader.cpp:392: Recursively loading '../node_modules/magic-script-polyfills/src/polyfills.js' from 'bin/src/main.js'
09-23 18:09:52.704  2252     1 D MagicScript: VM: : nova/frameworks/magicscript/vm/src/ModuleLoader.cpp:290: Looking for module in cache: 'bin/node_modules/magic-script-polyfills/src/polyfills.js'
09-23 18:09:52.704  2252     1 D MagicScript: VM: : nova/frameworks/magicscript/vm/src/ModuleLoader.cpp:305: Checking for module digest: 'bin/node_modules/magic-script-polyfills/src/polyfills.js'
09-23 18:09:52.704  2252     1 D MagicScript: VM: : nova/frameworks/magicscript/vm/src/nova/DigestChecker.cpp:215: Verifying signed module: 'bin/node_modules/magic-script-polyfills/src/polyfills.js'
09-23 18:09:52.704  2252     1 D MagicScript: VM: : nova/frameworks/magicscript/vm/src/ModuleLoader.cpp:311: Loading module from filesystem: 'bin/node_modules/magic-script-polyfills/src/polyfills.js'
09-23 18:09:52.705  2252     1 D MagicScript: VM: : nova/frameworks/magicscript/vm/src/ModuleLoader.cpp:362: Found 6 dependencies...
09-23 18:09:52.705  2252     1 D MagicScript: VM: : nova/frameworks/magicscript/vm/src/ModuleLoader.cpp:392: Recursively loading './timers.js' from 'bin/node_modules/magic-script-polyfills/src/polyfills.js'
09-23 18:09:52.705  2252     1 D MagicScript: VM: : nova/frameworks/magicscript/vm/src/ModuleLoader.cpp:290: Looking for module in cache: 'bin/node_modules/magic-script-polyfills/src/timers.js'
09-23 18:09:52.705  2252     1 D MagicScript: VM: : nova/frameworks/magicscript/vm/src/ModuleLoader.cpp:305: Checking for module digest: 'bin/node_modules/magic-script-polyfills/src/timers.js'
09-23 18:09:52.705  2252     1 D MagicScript: VM: : nova/frameworks/magicscript/vm/src/nova/DigestChecker.cpp:215: Verifying signed module: 'bin/node_modules/magic-script-polyfills/src/timers.js'
09-23 18:09:52.705  2252     1 D MagicScript: VM: : nova/frameworks/magicscript/vm/src/ModuleLoader.cpp:311: Loading module from filesystem: 'bin/node_modules/magic-script-polyfills/src/timers.js'
09-23 18:09:52.705  2252     1 D MagicScript: VM: : nova/frameworks/magicscript/vm/src/ModuleLoader.cpp:362: Found 1 dependencies...
09-23 18:09:52.705  2252     1 D MagicScript: VM: : nova/frameworks/magicscript/vm/src/ModuleLoader.cpp:208: Loading new native module: 'uv'
09-23 18:09:52.713  2252     1 D MagicScript: VM: : nova/frameworks/magicscript/vm/src/ModuleLoader.cpp:402: Loaded module from filesystem: 'bin/node_modules/magic-script-polyfills/src/timers.js'
09-23 18:09:52.713  2252     1 D MagicScript: VM: : nova/frameworks/magicscript/vm/src/ModuleLoader.cpp:392: Recursively loading './text-encoder.js' from 'bin/node_modules/magic-script-polyfills/src/polyfills.js'
09-23 18:09:52.713  2252     1 D MagicScript: VM: : nova/frameworks/magicscript/vm/src/ModuleLoader.cpp:290: Looking for module in cache: 'bin/node_modules/magic-script-polyfills/src/text-encoder.js'
09-23 18:09:52.713  2252     1 D MagicScript: VM: : nova/frameworks/magicscript/vm/src/ModuleLoader.cpp:305: Checking for module digest: 'bin/node_modules/magic-script-polyfills/src/text-encoder.js'
09-23 18:09:52.713  2252     1 D MagicScript: VM: : nova/frameworks/magicscript/vm/src/nova/DigestChecker.cpp:215: Verifying signed module: 'bin/node_modules/magic-script-polyfills/src/text-encoder.js'
09-23 18:09:52.713  2252     1 D MagicScript: VM: : nova/frameworks/magicscript/vm/src/ModuleLoader.cpp:311: Loading module from filesystem: 'bin/node_modules/magic-script-polyfills/src/text-encoder.js'
09-23 18:09:52.713  2252     1 D MagicScript: VM: : nova/frameworks/magicscript/vm/src/ModuleLoader.cpp:362: Found 0 dependencies...
09-23 18:09:52.713  2252     1 D MagicScript: VM: : nova/frameworks/magicscript/vm/src/ModuleLoader.cpp:402: Loaded module from filesystem: 'bin/node_modules/magic-script-polyfills/src/text-encoder.js'
09-23 18:09:52.713  2252     1 D MagicScript: VM: : nova/frameworks/magicscript/vm/src/ModuleLoader.cpp:392: Recursively loading './headers.js' from 'bin/node_modules/magic-script-polyfills/src/polyfills.js'
09-23 18:09:52.713  2252     1 D MagicScript: VM: : nova/frameworks/magicscript/vm/src/ModuleLoader.cpp:290: Looking for module in cache: 'bin/node_modules/magic-script-polyfills/src/headers.js'
09-23 18:09:52.713  2252     1 D MagicScript: VM: : nova/frameworks/magicscript/vm/src/ModuleLoader.cpp:305: Checking for module digest: 'bin/node_modules/magic-script-polyfills/src/headers.js'
09-23 18:09:52.713  2252     1 D MagicScript: VM: : nova/frameworks/magicscript/vm/src/nova/DigestChecker.cpp:215: Verifying signed module: 'bin/node_modules/magic-script-polyfills/src/headers.js'
09-23 18:09:52.713  2252     1 D MagicScript: VM: : nova/frameworks/magicscript/vm/src/ModuleLoader.cpp:311: Loading module from filesystem: 'bin/node_modules/magic-script-polyfills/src/headers.js'
09-23 18:09:52.714  2252     1 D MagicScript: VM: : nova/frameworks/magicscript/vm/src/ModuleLoader.cpp:362: Found 0 dependencies...
09-23 18:09:52.714  2252     1 D MagicScript: VM: : nova/frameworks/magicscript/vm/src/ModuleLoader.cpp:402: Loaded module from filesystem: 'bin/node_modules/magic-script-polyfills/src/headers.js'
09-23 18:09:52.714  2252     1 D MagicScript: VM: : nova/frameworks/magicscript/vm/src/ModuleLoader.cpp:392: Recursively loading './fetch.js' from 'bin/node_modules/magic-script-polyfills/src/polyfills.js'
09-23 18:09:52.714  2252     1 D MagicScript: VM: : nova/frameworks/magicscript/vm/src/ModuleLoader.cpp:290: Looking for module in cache: 'bin/node_modules/magic-script-polyfills/src/fetch.js'
09-23 18:09:52.714  2252     1 D MagicScript: VM: : nova/frameworks/magicscript/vm/src/ModuleLoader.cpp:305: Checking for module digest: 'bin/node_modules/magic-script-polyfills/src/fetch.js'
09-23 18:09:52.714  2252     1 D MagicScript: VM: : nova/frameworks/magicscript/vm/src/nova/DigestChecker.cpp:215: Verifying signed module: 'bin/node_modules/magic-script-polyfills/src/fetch.js'
09-23 18:09:52.714  2252     1 D MagicScript: VM: : nova/frameworks/magicscript/vm/src/ModuleLoader.cpp:311: Loading module from filesystem: 'bin/node_modules/magic-script-polyfills/src/fetch.js'
09-23 18:09:52.715  2252     1 D MagicScript: VM: : nova/frameworks/magicscript/vm/src/ModuleLoader.cpp:362: Found 10 dependencies...
09-23 18:09:52.715  2252     1 D MagicScript: VM: : nova/frameworks/magicscript/vm/src/ModuleLoader.cpp:392: Recursively loading './mime.js' from 'bin/node_modules/magic-script-polyfills/src/fetch.js'
09-23 18:09:52.715  2252     1 D MagicScript: VM: : nova/frameworks/magicscript/vm/src/ModuleLoader.cpp:290: Looking for module in cache: 'bin/node_modules/magic-script-polyfills/src/mime.js'
09-23 18:09:52.715  2252     1 D MagicScript: VM: : nova/frameworks/magicscript/vm/src/ModuleLoader.cpp:305: Checking for module digest: 'bin/node_modules/magic-script-polyfills/src/mime.js'
09-23 18:09:52.715  2252     1 D MagicScript: VM: : nova/frameworks/magicscript/vm/src/nova/DigestChecker.cpp:215: Verifying signed module: 'bin/node_modules/magic-script-polyfills/src/mime.js'
09-23 18:09:52.715  2252     1 D MagicScript: VM: : nova/frameworks/magicscript/vm/src/ModuleLoader.cpp:311: Loading module from filesystem: 'bin/node_modules/magic-script-polyfills/src/mime.js'
09-23 18:09:52.717  2252     1 D MagicScript: VM: : nova/frameworks/magicscript/vm/src/ModuleLoader.cpp:362: Found 0 dependencies...
09-23 18:09:52.717  2252     1 D MagicScript: VM: : nova/frameworks/magicscript/vm/src/ModuleLoader.cpp:402: Loaded module from filesystem: 'bin/node_modules/magic-script-polyfills/src/mime.js'
09-23 18:09:52.717  2252     1 D MagicScript: VM: : nova/frameworks/magicscript/vm/src/ModuleLoader.cpp:392: Recursively loading './socket-wrap.js' from 'bin/node_modules/magic-script-polyfills/src/fetch.js'
09-23 18:09:52.717  2252     1 D MagicScript: VM: : nova/frameworks/magicscript/vm/src/ModuleLoader.cpp:290: Looking for module in cache: 'bin/node_modules/magic-script-polyfills/src/socket-wrap.js'
09-23 18:09:52.717  2252     1 D MagicScript: VM: : nova/frameworks/magicscript/vm/src/ModuleLoader.cpp:305: Checking for module digest: 'bin/node_modules/magic-script-polyfills/src/socket-wrap.js'
09-23 18:09:52.717  2252     1 D MagicScript: VM: : nova/frameworks/magicscript/vm/src/nova/DigestChecker.cpp:215: Verifying signed module: 'bin/node_modules/magic-script-polyfills/src/socket-wrap.js'
09-23 18:09:52.717  2252     1 D MagicScript: VM: : nova/frameworks/magicscript/vm/src/ModuleLoader.cpp:311: Loading module from filesystem: 'bin/node_modules/magic-script-polyfills/src/socket-wrap.js'
09-23 18:09:52.717  2252     1 D MagicScript: VM: : nova/frameworks/magicscript/vm/src/ModuleLoader.cpp:362: Found 2 dependencies...
09-23 18:09:52.718  2252     1 D MagicScript: VM: : nova/frameworks/magicscript/vm/src/ModuleLoader.cpp:205: Native module already in cache: 'uv'
09-23 18:09:52.718  2252     1 D MagicScript: VM: : nova/frameworks/magicscript/vm/src/ModuleLoader.cpp:392: Recursively loading './assert.js' from 'bin/node_modules/magic-script-polyfills/src/socket-wrap.js'
09-23 18:09:52.718  2252     1 D MagicScript: VM: : nova/frameworks/magicscript/vm/src/ModuleLoader.cpp:290: Looking for module in cache: 'bin/node_modules/magic-script-polyfills/src/assert.js'
09-23 18:09:52.718  2252     1 D MagicScript: VM: : nova/frameworks/magicscript/vm/src/ModuleLoader.cpp:305: Checking for module digest: 'bin/node_modules/magic-script-polyfills/src/assert.js'
09-23 18:09:52.718  2252     1 D MagicScript: VM: : nova/frameworks/magicscript/vm/src/nova/DigestChecker.cpp:215: Verifying signed module: 'bin/node_modules/magic-script-polyfills/src/assert.js'
09-23 18:09:52.718  2252     1 D MagicScript: VM: : nova/frameworks/magicscript/vm/src/ModuleLoader.cpp:311: Loading module from filesystem: 'bin/node_modules/magic-script-polyfills/src/assert.js'
09-23 18:09:52.718  2252     1 D MagicScript: VM: : nova/frameworks/magicscript/vm/src/ModuleLoader.cpp:362: Found 0 dependencies...
09-23 18:09:52.718  2252     1 D MagicScript: VM: : nova/frameworks/magicscript/vm/src/ModuleLoader.cpp:402: Loaded module from filesystem: 'bin/node_modules/magic-script-polyfills/src/assert.js'
09-23 18:09:52.718  2252     1 D MagicScript: VM: : nova/frameworks/magicscript/vm/src/ModuleLoader.cpp:402: Loaded module from filesystem: 'bin/node_modules/magic-script-polyfills/src/socket-wrap.js'
09-23 18:09:52.718  2252     1 D MagicScript: VM: : nova/frameworks/magicscript/vm/src/ModuleLoader.cpp:392: Recursively loading './tls-wrap.js' from 'bin/node_modules/magic-script-polyfills/src/fetch.js'
09-23 18:09:52.718  2252     1 D MagicScript: VM: : nova/frameworks/magicscript/vm/src/ModuleLoader.cpp:290: Looking for module in cache: 'bin/node_modules/magic-script-polyfills/src/tls-wrap.js'
09-23 18:09:52.718  2252     1 D MagicScript: VM: : nova/frameworks/magicscript/vm/src/ModuleLoader.cpp:305: Checking for module digest: 'bin/node_modules/magic-script-polyfills/src/tls-wrap.js'
09-23 18:09:52.718  2252     1 D MagicScript: VM: : nova/frameworks/magicscript/vm/src/nova/DigestChecker.cpp:215: Verifying signed module: 'bin/node_modules/magic-script-polyfills/src/tls-wrap.js'
09-23 18:09:52.734  2252     1 I liblog  : dropped 165
09-23 18:09:52.734  2252     1 D MagicScript: VM: : nova/frameworks/magicscript/vm/src/ModuleLoader.cpp:305: Checking for module digest: 'bin/node_modules/react/cjs/react.production.min.js'
09-23 18:09:52.734  2252     1 D MagicScript: VM: : nova/frameworks/magicscript/vm/src/nova/DigestChecker.cpp:215: Verifying signed module: 'bin/node_modules/react/cjs/react.production.min.js'
09-23 18:09:52.734  2252     1 D MagicScript: VM: : nova/frameworks/magicscript/vm/src/ModuleLoader.cpp:311: Loading module from filesystem: 'bin/node_modules/react/cjs/react.production.min.js'
09-23 18:09:52.736  2252     1 D MagicScript: VM: : nova/frameworks/magicscript/vm/src/ModuleLoader.cpp:362: Found 2 dependencies...
09-23 18:09:52.736  2252     1 D MagicScript: VM: : nova/frameworks/magicscript/vm/src/ModuleLoader.cpp:392: Recursively loading '../../object-assign/index.js' from 'bin/node_modules/react/cjs/react.production.min.js'
09-23 18:09:52.736  2252     1 D MagicScript: VM: : nova/frameworks/magicscript/vm/src/ModuleLoader.cpp:290: Looking for module in cache: 'bin/node_modules/object-assign/index.js'
09-23 18:09:52.736  2252     1 D MagicScript: VM: : nova/frameworks/magicscript/vm/src/ModuleLoader.cpp:305: Checking for module digest: 'bin/node_modules/object-assign/index.js'
09-23 18:09:52.736  2252     1 D MagicScript: VM: : nova/frameworks/magicscript/vm/src/nova/DigestChecker.cpp:215: Verifying signed module: 'bin/node_modules/object-assign/index.js'
09-23 18:09:52.736  2252     1 D MagicScript: VM: : nova/frameworks/magicscript/vm/src/ModuleLoader.cpp:311: Loading module from filesystem: 'bin/node_modules/object-assign/index.js'
09-23 18:09:52.737  2252     1 D MagicScript: VM: : nova/frameworks/magicscript/vm/src/ModuleLoader.cpp:362: Found 0 dependencies...
09-23 18:09:52.737  2252     1 D MagicScript: VM: : nova/frameworks/magicscript/vm/src/ModuleLoader.cpp:402: Loaded module from filesystem: 'bin/node_modules/object-assign/index.js'
09-23 18:09:52.737  2252     1 D MagicScript: VM: : nova/frameworks/magicscript/vm/src/ModuleLoader.cpp:392: Recursively loading '../../../_virtual/index.js' from 'bin/node_modules/react/cjs/react.production.min.js'
09-23 18:09:52.737  2252     1 D MagicScript: VM: : nova/frameworks/magicscript/vm/src/ModuleLoader.cpp:290: Looking for module in cache: 'bin/_virtual/index.js'
09-23 18:09:52.737  2252     1 D MagicScript: VM: : nova/frameworks/magicscript/vm/src/ModuleLoader.cpp:305: Checking for module digest: 'bin/_virtual/index.js'
09-23 18:09:52.737  2252     1 D MagicScript: VM: : nova/frameworks/magicscript/vm/src/nova/DigestChecker.cpp:215: Verifying signed module: 'bin/_virtual/index.js'
09-23 18:09:52.737  2252     1 D MagicScript: VM: : nova/frameworks/magicscript/vm/src/ModuleLoader.cpp:311: Loading module from filesystem: 'bin/_virtual/index.js'
09-23 18:09:52.737  2252     1 D MagicScript: VM: : nova/frameworks/magicscript/vm/src/ModuleLoader.cpp:362: Found 1 dependencies...
09-23 18:09:52.737  2252     1 D MagicScript: VM: : nova/frameworks/magicscript/vm/src/ModuleLoader.cpp:392: Recursively loading '../node_modules/object-assign/index.js' from 'bin/_virtual/index.js'
09-23 18:09:52.737  2252     1 D MagicScript: VM: : nova/frameworks/magicscript/vm/src/ModuleLoader.cpp:290: Looking for module in cache: 'bin/node_modules/object-assign/index.js'
09-23 18:09:52.737  2252     1 D MagicScript: VM: : nova/frameworks/magicscript/vm/src/ModuleLoader.cpp:293: Loading module from cache: 'bin/node_modules/object-assign/index.js'
09-23 18:09:52.737  2252     1 D MagicScript: VM: : nova/frameworks/magicscript/vm/src/ModuleLoader.cpp:402: Loaded module from filesystem: 'bin/_virtual/index.js'
09-23 18:09:52.737  2252     1 D MagicScript: VM: : nova/frameworks/magicscript/vm/src/ModuleLoader.cpp:402: Loaded module from filesystem: 'bin/node_modules/react/cjs/react.production.min.js'
09-23 18:09:52.737  2252     1 D MagicScript: VM: : nova/frameworks/magicscript/vm/src/ModuleLoader.cpp:392: Recursively loading './cjs/react.development.js' from 'bin/node_modules/react/index.js'
09-23 18:09:52.737  2252     1 D MagicScript: VM: : nova/frameworks/magicscript/vm/src/ModuleLoader.cpp:290: Looking for module in cache: 'bin/node_modules/react/cjs/react.development.js'
09-23 18:09:52.737  2252     1 D MagicScript: VM: : nova/frameworks/magicscript/vm/src/ModuleLoader.cpp:305: Checking for module digest: 'bin/node_modules/react/cjs/react.development.js'
09-23 18:09:52.737  2252     1 D MagicScript: VM: : nova/frameworks/magicscript/vm/src/nova/DigestChecker.cpp:215: Verifying signed module: 'bin/node_modules/react/cjs/react.development.js'
09-23 18:09:52.793  2252     1 I liblog  : dropped 139
09-23 18:09:52.793  2252     1 D MagicScript: VM: : nova/frameworks/magicscript/vm/src/ModuleLoader.cpp:402: Loaded module from filesystem: 'bin/node_modules/magic-script-components-lumin/src/platform/lumin-runtime/types/cursor-hover-state.js'
09-23 18:09:52.793  2252     1 D MagicScript: VM: : nova/frameworks/magicscript/vm/src/ModuleLoader.cpp:392: Recursively loading '../../utilities/validator.js' from 'bin/node_modules/magic-script-components-lumin/src/platform/lumin-runtime/elements/builders/transform-builder.js'
09-23 18:09:52.793  2252     1 D MagicScript: VM: : nova/frameworks/magicscript/vm/src/ModuleLoader.cpp:290: Looking for module in cache: 'bin/node_modules/magic-script-components-lumin/src/platform/lumin-runtime/utilities/validator.js'
09-23 18:09:52.793  2252     1 D MagicScript: VM: : nova/frameworks/magicscript/vm/src/ModuleLoader.cpp:305: Checking for module digest: 'bin/node_modules/magic-script-components-lumin/src/platform/lumin-runtime/utilities/validator.js'
09-23 18:09:52.793  2252     1 D MagicScript: VM: : nova/frameworks/magicscript/vm/src/nova/DigestChecker.cpp:215: Verifying signed module: 'bin/node_modules/magic-script-components-lumin/src/platform/lumin-runtime/utilities/validator.js'
09-23 18:09:52.793  2252     1 D MagicScript: VM: : nova/frameworks/magicscript/vm/src/ModuleLoader.cpp:311: Loading module from filesystem: 'bin/node_modules/magic-script-components-lumin/src/platform/lumin-runtime/utilities/validator.js'
09-23 18:09:52.794  2252     1 D MagicScript: VM: : nova/frameworks/magicscript/vm/src/ModuleLoader.cpp:362: Found 37 dependencies...
09-23 18:09:52.794  2252     1 D MagicScript: VM: : nova/frameworks/magicscript/vm/src/ModuleLoader.cpp:367: Loading lumin module from custom resolver
09-23 18:09:52.795  2252     1 D MagicScript: VM: : nova/frameworks/magicscript/vm/src/ModuleLoader.cpp:392: Recursively loading '../types/cursor-hover-state.js' from 'bin/node_modules/magic-script-components-lumin/src/platform/lumin-runtime/utilities/validator.js'
09-23 18:09:52.795  2252     1 D MagicScript: VM: : nova/frameworks/magicscript/vm/src/ModuleLoader.cpp:290: Looking for module in cache: 'bin/node_modules/magic-script-components-lumin/src/platform/lumin-runtime/types/cursor-hover-state.js'
09-23 18:09:52.795  2252     1 D MagicScript: VM: : nova/frameworks/magicscript/vm/src/ModuleLoader.cpp:293: Loading module from cache: 'bin/node_modules/magic-script-components-lumin/src/platform/lumin-runtime/types/cursor-hover-state.js'
09-23 18:09:52.795  2252     1 D MagicScript: VM: : nova/frameworks/magicscript/vm/src/ModuleLoader.cpp:392: Recursively loading '../types/advance-direction.js' from 'bin/node_modules/magic-script-components-lumin/src/platform/lumin-runtime/utilities/validator.js'
09-23 18:09:52.795  2252     1 D MagicScript: VM: : nova/frameworks/magicscript/vm/src/ModuleLoader.cpp:290: Looking for module in cache: 'bin/node_modules/magic-script-components-lumin/src/platform/lumin-runtime/types/advance-direction.js'
09-23 18:09:52.795  2252     1 D MagicScript: VM: : nova/frameworks/magicscript/vm/src/ModuleLoader.cpp:305: Checking for module digest: 'bin/node_modules/magic-script-components-lumin/src/platform/lumin-runtime/types/advance-direction.js'
09-23 18:09:52.795  2252     1 D MagicScript: VM: : nova/frameworks/magicscript/vm/src/nova/DigestChecker.cpp:215: Verifying signed module: 'bin/node_modules/magic-script-components-lumin/src/platform/lumin-runtime/types/advance-direction.js'
09-23 18:09:52.795  2252     1 D MagicScript: VM: : nova/frameworks/magicscript/vm/src/ModuleLoader.cpp:311: Loading module from filesystem: 'bin/node_modules/magic-script-components-lumin/src/platform/lumin-runtime/types/advance-direction.js'
09-23 18:09:52.796  2252     1 D MagicScript: VM: : nova/frameworks/magicscript/vm/src/ModuleLoader.cpp:362: Found 1 dependencies...
09-23 18:09:52.796  2252     1 D MagicScript: VM: : nova/frameworks/magicscript/vm/src/ModuleLoader.cpp:367: Loading lumin module from custom resolver
09-23 18:09:52.796  2252     1 D MagicScript: VM: : nova/frameworks/magicscript/vm/src/ModuleLoader.cpp:402: Loaded module from filesystem: 'bin/node_modules/magic-script-components-lumin/src/platform/lumin-runtime/types/advance-direction.js'
09-23 18:09:52.796  2252     1 D MagicScript: VM: : nova/frameworks/magicscript/vm/src/ModuleLoader.cpp:392: Recursively loading '../types/alignment.js' from 'bin/node_modules/magic-script-components-lumin/src/platform/lumin-runtime/utilities/validator.js'
09-23 18:09:52.796  2252     1 D MagicScript: VM: : nova/frameworks/magicscript/vm/src/ModuleLoader.cpp:290: Looking for module in cache: 'bin/node_modules/magic-script-components-lumin/src/platform/lumin-runtime/types/alignment.js'
09-23 18:09:52.796  2252     1 D MagicScript: VM: : nova/frameworks/magicscript/vm/src/ModuleLoader.cpp:305: Checking for module digest: 'bin/node_modules/magic-script-components-lumin/src/platform/lumin-runtime/types/alignment.js'
09-23 18:09:52.796  2252     1 D MagicScript: VM: : nova/frameworks/magicscript/vm/src/nova/DigestChecker.cpp:215: Verifying signed module: 'bin/node_modules/magic-script-components-lumin/src/platform/lumin-runtime/types/alignment.js'
09-23 18:09:52.796  2252     1 D MagicScript: VM: : nova/frameworks/magicscript/vm/src/ModuleLoader.cpp:311: Loading module from filesystem: 'bin/node_modules/magic-script-components-lumin/src/platform/lumin-runtime/types/alignment.js'
09-23 18:09:52.797  2252     1 D MagicScript: VM: : nova/frameworks/magicscript/vm/src/ModuleLoader.cpp:362: Found 1 dependencies...
09-23 18:09:52.797  2252     1 D MagicScript: VM: : nova/frameworks/magicscript/vm/src/ModuleLoader.cpp:367: Loading lumin module from custom resolver
09-23 18:09:52.798  2252     1 D MagicScript: VM: : nova/frameworks/magicscript/vm/src/ModuleLoader.cpp:402: Loaded module from filesystem: 'bin/node_modules/magic-script-components-lumin/src/platform/lumin-runtime/types/alignment.js'
09-23 18:09:52.798  2252     1 D MagicScript: VM: : nova/frameworks/magicscript/vm/src/ModuleLoader.cpp:392: Recursively loading '../types/audio-action.js' from 'bin/node_modules/magic-script-components-lumin/src/platform/lumin-runtime/utilities/validator.js'
09-23 18:09:52.798  2252     1 D MagicScript: VM: : nova/frameworks/magicscript/vm/src/ModuleLoader.cpp:290: Looking for module in cache: 'bin/node_modules/magic-script-components-lumin/src/platform/lumin-runtime/types/audio-action.js'
09-23 18:09:52.798  2252     1 D MagicScript: VM: : nova/frameworks/magicscript/vm/src/ModuleLoader.cpp:305: Checking for module digest: 'bin/node_modules/magic-script-components-lumin/src/platform/lumin-runtime/types/audio-action.js'
09-23 18:09:52.798  2252     1 D MagicScript: VM: : nova/frameworks/magicscript/vm/src/nova/DigestChecker.cpp:215: Verifying signed module: 'bin/node_modules/magic-script-components-lumin/src/platform/lumin-runtime/types/audio-action.js'
09-23 18:09:52.798  2252     1 D MagicScript: VM: : nova/frameworks/magicscript/vm/src/ModuleLoader.cpp:311: Loading module from filesystem: 'bin/node_modules/magic-script-components-lumin/src/platform/lumin-runtime/types/audio-action.js'
09-23 18:09:52.798  2252     1 D MagicScript: VM: : nova/frameworks/magicscript/vm/src/ModuleLoader.cpp:362: Found 0 dependencies...
09-23 18:09:52.798  2252     1 D MagicScript: VM: : nova/frameworks/magicscript/vm/src/ModuleLoader.cpp:402: Loaded module from filesystem: 'bin/node_modules/magic-script-components-lumin/src/platform/lumin-runtime/types/audio-action.js'
09-23 18:09:52.798  2252     1 D MagicScript: VM: : nova/frameworks/magicscript/vm/src/ModuleLoader.cpp:392: Recursively loading '../types/cursor-edge-scroll-mode.js' from 'bin/node_modules/magic-script-components-lumin/src/platform/lumin-runtime/utilities/validator.js'
09-23 18:09:52.798  2252     1 D MagicScript: VM: : nova/frameworks/magicscript/vm/src/ModuleLoader.cpp:290: Looking for module in cache: 'bin/node_modules/magic-script-components-lumin/src/platform/lumin-runtime/types/cursor-edge-scroll-mode.js'
09-23 18:09:52.798  2252     1 D MagicScript: VM: : nova/frameworks/magicscript/vm/src/ModuleLoader.cpp:305: Checking for module digest: 'bin/node_modules/magic-script-components-lumin/src/platform/lumin-runtime/types/cursor-edge-scroll-mode.js'
09-23 18:09:52.798  2252     1 D MagicScript: VM: : nova/frameworks/magicscript/vm/src/nova/DigestChecker.cpp:215: Verifying signed module: 'bin/node_modules/magic-script-components-lumin/src/platform/lumin-runtime/types/cursor-edge-scroll-mode.js'
09-23 18:09:52.798  2252     1 D MagicScript: VM: : nova/frameworks/magicscript/vm/src/ModuleLoader.cpp:311: Loading module from filesystem: 'bin/node_modules/magic-script-components-lumin/src/platform/lumin-runtime/types/cursor-edge-scroll-mode.js'
09-23 18:09:52.798  2252     1 D MagicScript: VM: : nova/frameworks/magicscript/vm/src/ModuleLoader.cpp:362: Found 1 dependencies...
09-23 18:09:52.798  2252     1 D MagicScript: VM: : nova/frameworks/magicscript/vm/src/ModuleLoader.cpp:367: Loading lumin module from custom resolver
09-23 18:09:52.799  2252     1 D MagicScript: VM: : nova/frameworks/magicscript/vm/src/ModuleLoader.cpp:402: Loaded module from filesystem: 'bin/node_modules/magic-script-components-lumin/src/platform/lumin-runtime/types/cursor-edge-scroll-mode.js'
09-23 18:09:52.799  2252     1 D MagicScript: VM: : nova/frameworks/magicscript/vm/src/ModuleLoader.cpp:392: Recursively loading '../types/date-format.js' from 'bin/node_modules/magic-script-components-lumin/src/platform/lumin-runtime/utilities/validator.js'
09-23 18:09:52.799  2252     1 D MagicScript: VM: : nova/frameworks/magicscript/vm/src/ModuleLoader.cpp:290: Looking for module in cache: 'bin/node_modules/magic-script-components-lumin/src/platform/lumin-runtime/types/date-format.js'
09-23 18:09:52.799  2252     1 D MagicScript: VM: : nova/frameworks/magicscript/vm/src/ModuleLoader.cpp:305: Checking for module digest: 'bin/node_modules/magic-script-components-lumin/src/platform/lumin-runtime/types/date-format.js'
09-23 18:09:52.872  2252     1 I liblog  : dropped 408
09-23 18:09:52.872  2252     1 D MagicScript: VM: : nova/frameworks/magicscript/vm/src/ModuleLoader.cpp:362: Found 1 dependencies...
09-23 18:09:52.872  2252     1 D MagicScript: VM: : nova/frameworks/magicscript/vm/src/ModuleLoader.cpp:367: Loading lumin module from custom resolver
09-23 18:09:52.873  2252     1 D MagicScript: VM: : nova/frameworks/magicscript/vm/src/ModuleLoader.cpp:402: Loaded module from filesystem: 'bin/node_modules/magic-script-components-lumin/src/platform/lumin-runtime/types/key-codes.js'
09-23 18:09:52.873  2252     1 D MagicScript: VM: : nova/frameworks/magicscript/vm/src/ModuleLoader.cpp:402: Loaded module from filesystem: 'bin/node_modules/magic-script-components-lumin/src/platform/lumin-runtime/types/event-data/key-input-event-data.js'
09-23 18:09:52.873  2252     1 D MagicScript: VM: : nova/frameworks/magicscript/vm/src/ModuleLoader.cpp:392: Recursively loading '../types/event-data/prism-event-data.js' from 'bin/node_modules/magic-script-components-lumin/src/platform/lumin-runtime/controllers/mxs-prism-controller.js'
09-23 18:09:52.873  2252     1 D MagicScript: VM: : nova/frameworks/magicscript/vm/src/ModuleLoader.cpp:290: Looking for module in cache: 'bin/node_modules/magic-script-components-lumin/src/platform/lumin-runtime/types/event-data/prism-event-data.js'
09-23 18:09:52.873  2252     1 D MagicScript: VM: : nova/frameworks/magicscript/vm/src/ModuleLoader.cpp:305: Checking for module digest: 'bin/node_modules/magic-script-components-lumin/src/platform/lumin-runtime/types/event-data/prism-event-data.js'
09-23 18:09:52.900  2252     1 I liblog  : dropped 247
09-23 18:09:52.900  2252     1 D MagicScript: VM: : nova/frameworks/magicscript/vm/src/ModuleLoader.cpp:362: Found 4 dependencies...
09-23 18:09:52.900  2252     1 D MagicScript: VM: : nova/frameworks/magicscript/vm/src/ModuleLoader.cpp:367: Loading lumin module from custom resolver
09-23 18:09:52.901  2252     1 D MagicScript: VM: : nova/frameworks/magicscript/vm/src/ModuleLoader.cpp:392: Recursively loading '../properties/property-descriptor.js' from 'bin/node_modules/magic-script-components-lumin/src/platform/lumin-runtime/elements/builders/color-picker-builder.js'
09-23 18:09:52.901  2252     1 D MagicScript: VM: : nova/frameworks/magicscript/vm/src/ModuleLoader.cpp:290: Looking for module in cache: 'bin/node_modules/magic-script-components-lumin/src/platform/lumin-runtime/elements/properties/property-descriptor.js'
09-23 18:09:52.901  2252     1 D MagicScript: VM: : nova/frameworks/magicscript/vm/src/ModuleLoader.cpp:293: Loading module from cache: 'bin/node_modules/magic-script-components-lumin/src/platform/lumin-runtime/elements/properties/property-descriptor.js'
09-23 18:09:52.901  2252     1 D MagicScript: VM: : nova/frameworks/magicscript/vm/src/ModuleLoader.cpp:392: Recursively loading '../properties/array-property.js' from 'bin/node_modules/magic-script-components-lumin/src/platform/lumin-runtime/elements/builders/color-picker-builder.js'
09-23 18:09:52.901  2252     1 D MagicScript: VM: : nova/frameworks/magicscript/vm/src/ModuleLoader.cpp:290: Looking for module in cache: 'bin/node_modules/magic-script-components-lumin/src/platform/lumin-runtime/elements/properties/array-property.js'
09-23 18:09:52.901  2252     1 D MagicScript: VM: : nova/frameworks/magicscript/vm/src/ModuleLoader.cpp:293: Loading module from cache: 'bin/node_modules/magic-script-components-lumin/src/platform/lumin-runtime/elements/properties/array-property.js'
09-23 18:09:52.901  2252     1 D MagicScript: VM: : nova/frameworks/magicscript/vm/src/ModuleLoader.cpp:392: Recursively loading './ui-node-builder.js' from 'bin/node_modules/magic-script-components-lumin/src/platform/lumin-runtime/elements/builders/color-picker-builder.js'
09-23 18:09:52.901  2252     1 D MagicScript: VM: : nova/frameworks/magicscript/vm/src/ModuleLoader.cpp:290: Looking for module in cache: 'bin/node_modules/magic-script-components-lumin/src/platform/lumin-runtime/elements/builders/ui-node-builder.js'
09-23 18:09:52.901  2252     1 D MagicScript: VM: : nova/frameworks/magicscript/vm/src/ModuleLoader.cpp:293: Loading module from cache: 'bin/node_modules/magic-script-components-lumin/src/platform/lumin-runtime/elements/builders/ui-node-builder.js'
