09-23 18:22:58.255   358   911 I WifiService: WifiSm: : nova/frameworks/services/wifiservices/src/WifiStateMachine.cpp:1431: event - WIFI_EV_BSS_CONNECTED in State WIFI_STATE_IP_ADDR_ASSIGNED
09-23 18:23:01.061   956  1023 D pwservice: Enqueue grpcMethod[&Ml::PassableWorld::Stub::AsyncGetLocalizationSnapshot][d_89bf6920-2d9a-7018-860d-c406f214cc39_110] 
09-23 18:23:01.242   368   609 D SettingsService: SettingsService: : nova/apps/settings/service/src/SettingsService.cpp:530: [type : System], [key : WIFI_HIDDEN_SSIDS_LIST_V2]
09-23 18:23:01.242   368   609 D SettingsService: SettingsService: : nova/apps/settings/service/src/SettingsService.cpp:1069: name [WIFI_HIDDEN_SSIDS_LIST_V2], requestingForUser=1
09-23 18:23:01.242   368   609 D SettingsService: SettingsService: : nova/apps/settings/service/src/SettingsService.cpp:542: Success : [WIFI_HIDDEN_SSIDS_LIST_V2] ["wifi-demo"	"wifi-demo"	"wifi-demo"	"wifi-demo"	]
09-23 18:23:01.243   368   609 D SettingsService: SettingsService: : nova/apps/settings/service/src/SettingsService.cpp:530: [type : System], [key : WIFI_HIDDEN_SSIDS_LIST_V2]
09-23 18:23:01.243   368   609 D SettingsService: SettingsService: : nova/apps/settings/service/src/SettingsService.cpp:1069: name [WIFI_HIDDEN_SSIDS_LIST_V2], requestingForUser=1
09-23 18:23:01.243   368   609 D SettingsService: SettingsService: : nova/apps/settings/service/src/SettingsService.cpp:542: Success : [WIFI_HIDDEN_SSIDS_LIST_V2] ["wifi-demo"	"wifi-demo"	"wifi-demo"	"wifi-demo"	]
09-23 18:23:01.269   358   911 I WifiService: WifiSm: : nova/frameworks/services/wifiservices/src/WifiStateMachine.cpp:1686: Ev 4 WIFI_EV_BSS_CONNECTED in WIFI_STATE_IP_ADDR_ASSIGNED: IFNAME=wlan0 CTRL-EVENT-CONNECTED - connection to 44:48:c1:80:85:b2 completed (auth) [id=0 id_str=]
09-23 18:23:01.269   358   911 I WifiService: WifiSm: : nova/frameworks/services/wifiservices/src/WifiStateMachine.cpp:1431: event - WIFI_EV_BSS_CONNECTED in State WIFI_STATE_IP_ADDR_ASSIGNED
09-23 18:23:01.289  1392     4 I chatty  : uid=110111(/system/bin/lifecycleservice) settings_app expire 3 lines
09-23 18:23:02.256  1392     1 I chatty  : uid=110111(/system/bin/lifecycleservice) /init expire 4 lines
09-23 18:23:03.274  1392     4 I chatty  : uid=110111(/system/bin/lifecycleservice) settings_app expire 2 lines
09-23 18:23:03.274  1392     1 I chatty  : uid=110111(/system/bin/lifecycleservice) /init expire 4 lines
09-23 18:23:03.569   955   955 D StorageService: StorageService: : nova/frameworks/services/storageservice/storageservice.cpp:365: Storage Monitor timer timeout on timer_id = 70368846684764
09-23 18:23:03.570   955   955 D StorageService: StorageService: : nova/frameworks/services/storageservice/storageservice.cpp:386: xStorage Percent Available: 91% Bytes Left = 93619621888
09-23 18:23:04.256   368   609 D SettingsService: SettingsService: : nova/apps/settings/service/src/SettingsService.cpp:530: [type : System], [key : WIFI_HIDDEN_SSIDS_LIST_V2]
09-23 18:23:04.256   368   609 D SettingsService: SettingsService: : nova/apps/settings/service/src/SettingsService.cpp:1069: name [WIFI_HIDDEN_SSIDS_LIST_V2], requestingForUser=1
09-23 18:23:04.256   368   609 D SettingsService: SettingsService: : nova/apps/settings/service/src/SettingsService.cpp:542: Success : [WIFI_HIDDEN_SSIDS_LIST_V2] ["wifi-demo"	"wifi-demo"	"wifi-demo"	"wifi-demo"	]
09-23 18:23:04.256   368   609 D SettingsService: SettingsService: : nova/apps/settings/service/src/SettingsService.cpp:530: [type : System], [key : WIFI_HIDDEN_SSIDS_LIST_V2]
09-23 18:23:04.256   368   609 D SettingsService: SettingsService: : nova/apps/settings/service/src/SettingsService.cpp:1069: name [WIFI_HIDDEN_SSIDS_LIST_V2], requestingForUser=1
09-23 18:23:04.256   368   609 D SettingsService: SettingsService: : nova/apps/settings/service/src/SettingsService.cpp:542: Success : [WIFI_HIDDEN_SSIDS_LIST_V2] ["wifi-demo"	"wifi-demo"	"wifi-demo"	"wifi-demo"	]
09-23 18:23:04.281  1392     4 I chatty  : uid=110111(/system/bin/lifecycleservice) settings_app expire 3 lines
09-23 18:23:04.294   358   911 I WifiService: WifiSm: : nova/frameworks/services/wifiservices/src/WifiStateMachine.cpp:1686: Ev 4 WIFI_EV_BSS_CONNECTED in WIFI_STATE_IP_ADDR_ASSIGNED: IFNAME=wlan0 CTRL-EVENT-CONNECTED - connection to 44:48:c1:80:85:b2 completed (auth) [id=0 id_str=]
09-23 18:23:04.295   358   911 I WifiService: WifiSm: : nova/frameworks/services/wifiservices/src/WifiStateMachine.cpp:1431: event - WIFI_EV_BSS_CONNECTED in State WIFI_STATE_IP_ADDR_ASSIGNED
09-23 18:23:05.260  1392     1 I chatty  : uid=110111(/system/bin/lifecycleservice) /init expire 5 lines
09-23 18:23:05.308  1392     4 I chatty  : uid=110111(/system/bin/lifecycleservice) settings_app expire 3 lines
09-23 18:23:05.502   358   911 I WifiService: WifiSm: : nova/frameworks/services/wifiservices/src/WifiStateMachine.cpp:1686: Ev 36 WIFISVC_EV_BSS_CHNG_NOTIFY in WIFI_STATE_IP_ADDR_ASSIGNED: 
09-23 18:23:05.504   368   609 D SettingsService: SettingsService: : nova/apps/settings/service/src/SettingsService.cpp:530: [type : System], [key : WIFI_HIDDEN_SSIDS_LIST_V2]
09-23 18:23:05.504   368   609 D SettingsService: SettingsService: : nova/apps/settings/service/src/SettingsService.cpp:1069: name [WIFI_HIDDEN_SSIDS_LIST_V2], requestingForUser=1
09-23 18:23:05.504   368   609 D SettingsService: SettingsService: : nova/apps/settings/service/src/SettingsService.cpp:542: Success : [WIFI_HIDDEN_SSIDS_LIST_V2] ["wifi-demo"	"wifi-demo"	"wifi-demo"	"wifi-demo"	]
09-23 18:23:05.504   368   609 D SettingsService: SettingsService: : nova/apps/settings/service/src/SettingsService.cpp:530: [type : System], [key : WIFI_HIDDEN_SSIDS_LIST_V2]
09-23 18:23:05.504   368   609 D SettingsService: SettingsService: : nova/apps/settings/service/src/SettingsService.cpp:1069: name [WIFI_HIDDEN_SSIDS_LIST_V2], requestingForUser=1
09-23 18:23:05.504   368   609 D SettingsService: SettingsService: : nova/apps/settings/service/src/SettingsService.cpp:542: Success : [WIFI_HIDDEN_SSIDS_LIST_V2] ["wifi-demo"	"wifi-demo"	"wifi-demo"	"wifi-demo"	]
09-23 18:23:05.605   358   911 I WifiService: WifiSm: : nova/frameworks/services/wifiservices/src/WifiStateMachine.cpp:1686: Ev 4 WIFI_EV_BSS_CONNECTED in WIFI_STATE_IP_ADDR_ASSIGNED: IFNAME=wlan0 CTRL-EVENT-CONNECTED - connection to 44:48:c1:80:85:b2 completed (auth) [id=0 id_str=]
09-23 18:23:05.605   358   911 I WifiService: WifiSm: : nova/frameworks/services/wifiservices/src/WifiStateMachine.cpp:1431: event - WIFI_EV_BSS_CONNECTED in State WIFI_STATE_IP_ADDR_ASSIGNED
09-23 18:23:06.274  1392     1 I chatty  : uid=110111(/system/bin/lifecycleservice) /init expire 3 lines
09-23 18:23:07.269  1392     4 I chatty  : uid=110111(/system/bin/lifecycleservice) settings_app expire 2 lines
09-23 18:23:07.269  1392     1 I chatty  : uid=110111(/system/bin/lifecycleservice) /init expire 3 lines
09-23 18:23:07.277   368   609 D SettingsService: SettingsService: : nova/apps/settings/service/src/SettingsService.cpp:530: [type : System], [key : WIFI_HIDDEN_SSIDS_LIST_V2]
09-23 18:23:07.277   368   609 D SettingsService: SettingsService: : nova/apps/settings/service/src/SettingsService.cpp:1069: name [WIFI_HIDDEN_SSIDS_LIST_V2], requestingForUser=1
09-23 18:23:07.277   368   609 D SettingsService: SettingsService: : nova/apps/settings/service/src/SettingsService.cpp:542: Success : [WIFI_HIDDEN_SSIDS_LIST_V2] ["wifi-demo"	"wifi-demo"	"wifi-demo"	"wifi-demo"	]
09-23 18:23:07.277   368   609 D SettingsService: SettingsService: : nova/apps/settings/service/src/SettingsService.cpp:530: [type : System], [key : WIFI_HIDDEN_SSIDS_LIST_V2]
09-23 18:23:07.277   368   609 D SettingsService: SettingsService: : nova/apps/settings/service/src/SettingsService.cpp:1069: name [WIFI_HIDDEN_SSIDS_LIST_V2], requestingForUser=1
09-23 18:23:07.278   368   609 D SettingsService: SettingsService: : nova/apps/settings/service/src/SettingsService.cpp:542: Success : [WIFI_HIDDEN_SSIDS_LIST_V2] ["wifi-demo"	"wifi-demo"	"wifi-demo"	"wifi-demo"	]
09-23 18:23:07.315   358   911 I WifiService: WifiSm: : nova/frameworks/services/wifiservices/src/WifiStateMachine.cpp:1686: Ev 4 WIFI_EV_BSS_CONNECTED in WIFI_STATE_IP_ADDR_ASSIGNED: IFNAME=wlan0 CTRL-EVENT-CONNECTED - connection to 44:48:c1:80:85:b2 completed (auth) [id=0 id_str=]
09-23 18:23:07.315   358   911 I WifiService: WifiSm: : nova/frameworks/services/wifiservices/src/WifiStateMachine.cpp:1431: event - WIFI_EV_BSS_CONNECTED in State WIFI_STATE_IP_ADDR_ASSIGNED
09-23 18:23:08.270  1392     4 I chatty  : uid=110111(/system/bin/lifecycleservice) settings_app expire 2 lines
09-23 18:23:08.271  1392     1 I chatty  : uid=110111(/system/bin/lifecycleservice) /init expire 4 lines
09-23 18:23:09.272  1392     4 I chatty  : uid=110111(/system/bin/lifecycleservice) settings_app expire 3 lines
09-23 18:23:09.433   956  1024 D pwservice: Tracking map quality is not good enough to store. Removing it
09-23 18:23:09.434   723   814 E graph_pss: malleus/workloads/pw/sparsemap/impl/pw_map_binder_client.cpp(171) TrackingMapSaved():
09-23 18:23:09.434   723   814 E graph_pss: ERR: MapManagerClient::TrackingMapSaved failed, Status(-8): '-2: Error invoking trackingMapSaved'
09-23 18:23:09.785   956  1053 D pwservice: Enqueue grpcMethod[&Ml::PassableWorld::Stub::AsyncSaveHeadPoseLocalizationObservations][d_89bf6920-2d9a-7018-860d-c406f214cc39_111] 
09-23 18:23:10.268  1392     1 I chatty  : uid=110111(/system/bin/lifecycleservice) /init expire 5 lines
09-23 18:23:10.291  1392     4 I chatty  : uid=110111(/system/bin/lifecycleservice) settings_app expire 3 lines
09-23 18:23:10.299   368   609 D SettingsService: SettingsService: : nova/apps/settings/service/src/SettingsService.cpp:530: [type : System], [key : WIFI_HIDDEN_SSIDS_LIST_V2]
09-23 18:23:10.299   368   609 D SettingsService: SettingsService: : nova/apps/settings/service/src/SettingsService.cpp:1069: name [WIFI_HIDDEN_SSIDS_LIST_V2], requestingForUser=1
09-23 18:23:10.299   368   609 D SettingsService: SettingsService: : nova/apps/settings/service/src/SettingsService.cpp:542: Success : [WIFI_HIDDEN_SSIDS_LIST_V2] ["wifi-demo"	"wifi-demo"	"wifi-demo"	"wifi-demo"	]
09-23 18:23:10.300   368   609 D SettingsService: SettingsService: : nova/apps/settings/service/src/SettingsService.cpp:530: [type : System], [key : WIFI_HIDDEN_SSIDS_LIST_V2]
09-23 18:23:10.300   368   609 D SettingsService: SettingsService: : nova/apps/settings/service/src/SettingsService.cpp:1069: name [WIFI_HIDDEN_SSIDS_LIST_V2], requestingForUser=1
09-23 18:23:10.300   368   609 D SettingsService: SettingsService: : nova/apps/settings/service/src/SettingsService.cpp:542: Success : [WIFI_HIDDEN_SSIDS_LIST_V2] ["wifi-demo"	"wifi-demo"	"wifi-demo"	"wifi-demo"	]
09-23 18:23:10.332   358   911 I WifiService: WifiSm: : nova/frameworks/services/wifiservices/src/WifiStateMachine.cpp:1686: Ev 4 WIFI_EV_BSS_CONNECTED in WIFI_STATE_IP_ADDR_ASSIGNED: IFNAME=wlan0 CTRL-EVENT-CONNECTED - connection to 44:48:c1:80:85:b2 completed (auth) [id=0 id_str=]
09-23 18:23:10.332   358   911 I WifiService: WifiSm: : nova/frameworks/services/wifiservices/src/WifiStateMachine.cpp:1431: event - WIFI_EV_BSS_CONNECTED in State WIFI_STATE_IP_ADDR_ASSIGNED
09-23 18:23:11.285  1392     1 I chatty  : uid=110111(/system/bin/lifecycleservice) /init expire 3 lines
09-23 18:23:12.278  1392     4 I chatty  : uid=110111(/system/bin/lifecycleservice) settings_app expire 2 lines
09-23 18:23:12.278  1392     1 I chatty  : uid=110111(/system/bin/lifecycleservice) /init expire 4 lines
09-23 18:23:12.703   358  2048 D lib     : NovaDHCP: : nova/frameworks/libs/net/dhcp/toys/dhcp.c:274: Adapter index 7
09-23 18:23:12.703   358  2048 D lib     : NovaDHCP: : nova/frameworks/libs/net/dhcp/toys/dhcp.c:280: MAC 60:4b:aa:01:7f:f0
09-23 18:23:12.703   358  2048 D lib     : NovaDHCP: : nova/frameworks/libs/net/dhcp/toys/dhcp.c:1287: Entering renew state
09-23 18:23:12.721   358  2048 I lib     : IpManager: : nova/frameworks/libs/net/netconfig/IpManager.cpp:128: libdhcp callback
09-23 18:23:12.721   358  2048 I lib     : IpManager: : nova/frameworks/libs/net/netconfig/IpManager.cpp:129: ip 10.14.48.205
09-23 18:23:12.721   358  2048 I lib     : IpManager: : nova/frameworks/libs/net/netconfig/IpManager.cpp:130: gateway 10.14.48.1
09-23 18:23:12.721   358  2048 I lib     : IpManager: : nova/frameworks/libs/net/netconfig/IpManager.cpp:134: domain 
09-23 18:23:12.721   358  2048 I lib     : IpManager: : nova/frameworks/libs/net/netconfig/IpManager.cpp:135: status 1
09-23 18:23:12.721   358  2048 I lib     : IpManager: : nova/frameworks/libs/net/netconfig/IpManager.cpp:136: lease time in minute 15
09-23 18:23:12.721   358  2048 I lib     : IpManager: : nova/frameworks/libs/net/netconfig/IpManager.cpp:137: ifname wlan0
09-23 18:23:12.721   358  2048 I lib     : IpManager: : nova/frameworks/libs/net/netconfig/IpManager.cpp:232: netmask 255.255.252.0 0xfcffff
09-23 18:23:12.721   358  2048 I lib     : IpManager: : nova/frameworks/libs/net/netconfig/IpManager.cpp:239: netmask prefix 22 
09-23 18:23:12.721   358  2048 I lib     : IpManager: : nova/frameworks/libs/net/netconfig/IpManager.cpp:154: wlan0 1 10.14.48.205 10.14.48.1 10.14.139.4 10.14.139.4 22  
09-23 18:23:12.721   358  2048 I WifiService: WifiNwMgmt: : nova/frameworks/services/wifiservices/src/NetworkManagement.cpp:375: status 1
09-23 18:23:12.721   358  2048 I WifiService: WifiNwMgmt: : nova/frameworks/services/wifiservices/src/NetworkManagement.cpp:390: DHCP data same as before, not setting config
09-23 18:23:12.721   358  2048 I lib     : NovaDHCP: : nova/frameworks/libs/net/dhcp/toys/dhcp.c:1399: Lease of 10.14.48.205 obtained, lease time 900 from server 10.14.48.1
09-23 18:23:13.275  1392     4 I chatty  : uid=110111(/system/bin/lifecycleservice) settings_app expire 2 lines
09-23 18:23:13.324   368   609 D SettingsService: SettingsService: : nova/apps/settings/service/src/SettingsService.cpp:530: [type : System], [key : WIFI_HIDDEN_SSIDS_LIST_V2]
09-23 18:23:13.324   368   609 D SettingsService: SettingsService: : nova/apps/settings/service/src/SettingsService.cpp:1069: name [WIFI_HIDDEN_SSIDS_LIST_V2], requestingForUser=1
09-23 18:23:13.324   368   609 D SettingsService: SettingsService: : nova/apps/settings/service/src/SettingsService.cpp:542: Success : [WIFI_HIDDEN_SSIDS_LIST_V2] ["wifi-demo"	"wifi-demo"	"wifi-demo"	"wifi-demo"	]
09-23 18:23:13.327   368   609 D SettingsService: SettingsService: : nova/apps/settings/service/src/SettingsService.cpp:530: [type : System], [key : WIFI_HIDDEN_SSIDS_LIST_V2]
09-23 18:23:13.327   368   609 D SettingsService: SettingsService: : nova/apps/settings/service/src/SettingsService.cpp:1069: name [WIFI_HIDDEN_SSIDS_LIST_V2], requestingForUser=1
09-23 18:23:13.327   368   609 D SettingsService: SettingsService: : nova/apps/settings/service/src/SettingsService.cpp:542: Success : [WIFI_HIDDEN_SSIDS_LIST_V2] ["wifi-demo"	"wifi-demo"	"wifi-demo"	"wifi-demo"	]
09-23 18:23:13.361   358   911 I WifiService: WifiSm: : nova/frameworks/services/wifiservices/src/WifiStateMachine.cpp:1686: Ev 4 WIFI_EV_BSS_CONNECTED in WIFI_STATE_IP_ADDR_ASSIGNED: IFNAME=wlan0 CTRL-EVENT-CONNECTED - connection to 44:48:c1:80:85:b2 completed (auth) [id=0 id_str=]
09-23 18:23:13.363   358   911 I WifiService: WifiSm: : nova/frameworks/services/wifiservices/src/WifiStateMachine.cpp:1431: event - WIFI_EV_BSS_CONNECTED in State WIFI_STATE_IP_ADDR_ASSIGNED
09-23 18:23:14.274  1392     1 I chatty  : uid=110111(/system/bin/lifecycleservice) /init expire 3 lines
09-23 18:23:14.289  1392     4 I chatty  : uid=110111(/system/bin/lifecycleservice) settings_app expire 3 lines
09-23 18:23:14.719   723   814 E graph_pss: malleus/workloads/pss/impl/wifi_scan_component.cpp(115) triggerScan():
09-23 18:23:14.719   723   814 E graph_pss: ERR: scan already in progress. Skipping triggerScan()
09-23 18:23:15.276  1392     1 I chatty  : uid=110111(/system/bin/lifecycleservice) /init expire 3 lines
09-23 18:23:15.303  1392     4 I chatty  : uid=110111(/system/bin/lifecycleservice) settings_app expire 1 line
09-23 18:23:15.580   358   911 I WifiService: WifiSm: : nova/frameworks/services/wifiservices/src/WifiStateMachine.cpp:1686: Ev 36 WIFISVC_EV_BSS_CHNG_NOTIFY in WIFI_STATE_IP_ADDR_ASSIGNED: 
09-23 18:23:15.583   368   609 D SettingsService: SettingsService: : nova/apps/settings/service/src/SettingsService.cpp:530: [type : System], [key : WIFI_HIDDEN_SSIDS_LIST_V2]
09-23 18:23:15.583   368   609 D SettingsService: SettingsService: : nova/apps/settings/service/src/SettingsService.cpp:1069: name [WIFI_HIDDEN_SSIDS_LIST_V2], requestingForUser=1
09-23 18:23:15.583   368   609 D SettingsService: SettingsService: : nova/apps/settings/service/src/SettingsService.cpp:542: Success : [WIFI_HIDDEN_SSIDS_LIST_V2] ["wifi-demo"	"wifi-demo"	"wifi-demo"	"wifi-demo"	]
09-23 18:23:15.584   368   609 D SettingsService: SettingsService: : nova/apps/settings/service/src/SettingsService.cpp:530: [type : System], [key : WIFI_HIDDEN_SSIDS_LIST_V2]
09-23 18:23:15.584   368   609 D SettingsService: SettingsService: : nova/apps/settings/service/src/SettingsService.cpp:1069: name [WIFI_HIDDEN_SSIDS_LIST_V2], requestingForUser=1
09-23 18:23:15.584   368   609 D SettingsService: SettingsService: : nova/apps/settings/service/src/SettingsService.cpp:542: Success : [WIFI_HIDDEN_SSIDS_LIST_V2] ["wifi-demo"	"wifi-demo"	"wifi-demo"	"wifi-demo"	]
09-23 18:23:15.694   358   911 I WifiService: WifiSm: : nova/frameworks/services/wifiservices/src/WifiStateMachine.cpp:1686: Ev 4 WIFI_EV_BSS_CONNECTED in WIFI_STATE_IP_ADDR_ASSIGNED: IFNAME=wlan0 CTRL-EVENT-CONNECTED - connection to 44:48:c1:80:85:b2 completed (auth) [id=0 id_str=]
09-23 18:23:15.694   358   911 I WifiService: WifiSm: : nova/frameworks/services/wifiservices/src/WifiStateMachine.cpp:1431: event - WIFI_EV_BSS_CONNECTED in State WIFI_STATE_IP_ADDR_ASSIGNED
09-23 18:23:15.862   956  1023 D pwservice: Enqueue grpcMethod[&Ml::PassableWorld::Stub::AsyncGetLocalizationSnapshot][d_89bf6920-2d9a-7018-860d-c406f214cc39_112] 
09-23 18:23:16.277  1392     1 I chatty  : uid=110111(/system/bin/lifecycleservice) /init expire 3 lines
09-23 18:23:16.296  1392     4 I chatty  : uid=110111(/system/bin/lifecycleservice) settings_app expire 1 line
09-23 18:23:16.319  1392     4 I SettingsApp: LandingScreen: : nova/apps/settings/app/src/main/LandingScreen.cpp:165: dense mesh render is disabled
09-23 18:23:16.345   368   609 D SettingsService: SettingsService: : nova/apps/settings/service/src/SettingsService.cpp:530: [type : System], [key : WIFI_HIDDEN_SSIDS_LIST_V2]
09-23 18:23:16.345   368   609 D SettingsService: SettingsService: : nova/apps/settings/service/src/SettingsService.cpp:1069: name [WIFI_HIDDEN_SSIDS_LIST_V2], requestingForUser=1
09-23 18:23:16.345   368   609 D SettingsService: SettingsService: : nova/apps/settings/service/src/SettingsService.cpp:542: Success : [WIFI_HIDDEN_SSIDS_LIST_V2] ["wifi-demo"	"wifi-demo"	"wifi-demo"	"wifi-demo"	]
09-23 18:23:16.347   368   609 D SettingsService: SettingsService: : nova/apps/settings/service/src/SettingsService.cpp:530: [type : System], [key : WIFI_HIDDEN_SSIDS_LIST_V2]
09-23 18:23:16.347   368   609 D SettingsService: SettingsService: : nova/apps/settings/service/src/SettingsService.cpp:1069: name [WIFI_HIDDEN_SSIDS_LIST_V2], requestingForUser=1
09-23 18:23:16.347   368   609 D SettingsService: SettingsService: : nova/apps/settings/service/src/SettingsService.cpp:542: Success : [WIFI_HIDDEN_SSIDS_LIST_V2] ["wifi-demo"	"wifi-demo"	"wifi-demo"	"wifi-demo"	]
09-23 18:23:16.395   358   911 I WifiService: WifiSm: : nova/frameworks/services/wifiservices/src/WifiStateMachine.cpp:1686: Ev 4 WIFI_EV_BSS_CONNECTED in WIFI_STATE_IP_ADDR_ASSIGNED: IFNAME=wlan0 CTRL-EVENT-CONNECTED - connection to 44:48:c1:80:85:b2 completed (auth) [id=0 id_str=]
09-23 18:23:16.395   358   911 I WifiService: WifiSm: : nova/frameworks/services/wifiservices/src/WifiStateMachine.cpp:1431: event - WIFI_EV_BSS_CONNECTED in State WIFI_STATE_IP_ADDR_ASSIGNED
09-23 18:23:17.279  1392     1 I ServiceConnector: UniversePrivilegedServiceConnector: : nova/apps/common/serviceconnector/src/UniversePrivilegedServiceConnector.cpp:53: requesting dense mesh enabled state
09-23 18:23:17.279  1392     1 I SettingsApp: LandingScreen: : nova/apps/settings/app/src/main/LandingScreen.cpp:830: Check Mesh Status  visible 1
09-23 18:23:17.284  1392     4 I SettingsApp: LandingScreen: : nova/apps/settings/app/src/main/LandingScreen.cpp:150: dense mesh is enabled
09-23 18:23:17.285  1392     1 I ServiceConnector: UniversePrivilegedServiceConnector: : nova/apps/common/serviceconnector/src/UniversePrivilegedServiceConnector.cpp:71: requesting dense mesh render enabled state
09-23 18:23:17.308  1392     4 I SettingsApp: LandingScreen: : nova/apps/settings/app/src/main/LandingScreen.cpp:165: dense mesh render is disabled
09-23 18:23:18.281  1392     1 I ServiceConnector: UniversePrivilegedServiceConnector: : nova/apps/common/serviceconnector/src/UniversePrivilegedServiceConnector.cpp:53: requesting dense mesh enabled state
09-23 18:23:18.281  1392     1 I SettingsApp: LandingScreen: : nova/apps/settings/app/src/main/LandingScreen.cpp:830: Check Mesh Status  visible 1
09-23 18:23:18.304  1392     4 I SettingsApp: LandingScreen: : nova/apps/settings/app/src/main/LandingScreen.cpp:150: dense mesh is enabled
09-23 18:23:18.304  1392     1 I ServiceConnector: UniversePrivilegedServiceConnector: : nova/apps/common/serviceconnector/src/UniversePrivilegedServiceConnector.cpp:71: requesting dense mesh render enabled state
09-23 18:23:18.326  1392     4 I SettingsApp: LandingScreen: : nova/apps/settings/app/src/main/LandingScreen.cpp:165: dense mesh render is disabled
09-23 18:23:18.523  1081  2035 I cloud-client-core: : : nova/frameworks/libs/cloud-client-native/core/src/Rest.cpp:338: GET https://api.magicleap.io/app-services/v2/contacts/self/ [Correlation-ID:e5e8e852-53c8-574f-d4f4-78390979f885]
09-23 18:23:18.569   955   955 D StorageService: StorageService: : nova/frameworks/services/storageservice/storageservice.cpp:365: Storage Monitor timer timeout on timer_id = 70368846684764
09-23 18:23:18.569   955   955 D StorageService: StorageService: : nova/frameworks/services/storageservice/storageservice.cpp:386: xStorage Percent Available: 91% Bytes Left = 93618561024
09-23 18:23:18.577  1081  2035 I certificate_pinner: : : nova/frameworks/libs/net/certificate_pinner/src/CertificatePinner.cpp:106: Certificate Chain:
09-23 18:23:18.580  1081  2035 I certificate_pinner: : : nova/frameworks/libs/net/certificate_pinner/src/CertificatePinner.cpp:116: 	0) Subject /CN=magicleap.io issuer /C=US/O=Amazon/OU=Server CA 1B/CN=Amazon with public key sha256//VMLuv0Vk2NcWsKFrCT/SauZ5U6sWfRwMMExbkliTfvg=
09-23 18:23:18.581  1081  2035 I certificate_pinner: : : nova/frameworks/libs/net/certificate_pinner/src/CertificatePinner.cpp:116: 	1) Subject /C=US/O=Amazon/OU=Server CA 1B/CN=Amazon issuer /C=US/O=Amazon/CN=Amazon Root CA 1 with public key sha256//JSMzqOOrtyOT1kmau6zKhgT676hGgczD5VMdRMyJZFA=
09-23 18:23:18.581  1081  2035 I certificate_pinner: : : nova/frameworks/libs/net/certificate_pinner/src/CertificatePinner.cpp:116: 	2) Subject /C=US/O=Amazon/CN=Amazon Root CA 1 issuer /C=US/O=Amazon/CN=Amazon Root CA 1 with public key sha256//++MBgDH5WGvL9Bcn5Be30cRcL0f5O+NyoXuWtQdX1aI=
09-23 18:23:18.581  1081  2035 D certificate_pinner: : : nova/frameworks/libs/net/certificate_pinner/src/CertificatePinner.cpp:93: Found trusted subject /CN=magicleap.io with public key sha256//VMLuv0Vk2NcWsKFrCT/SauZ5U6sWfRwMMExbkliTfvg=
09-23 18:23:18.796  1081  2035 D StopWatch: StopWatch cloud-client-core (us): 271448 
09-23 18:23:18.797  1081  2035 I cloud-client-core: : : nova/frameworks/libs/cloud-client-native/core/src/Rest.cpp:452: GET https://api.magicleap.io/app-services/v2/contacts/self/ [Correlation-ID:e5e8e852-53c8-574f-d4f4-78390979f885](269 ms): 200
09-23 18:23:18.797  1081  2035 D ContactsService: CoreRequestProcessor: : nova/frameworks/services/contactservice/service/CoreRequestProcessor.cpp:112: Successfully fetched current contact's info!
09-23 18:23:18.797  1081  2035 I cloud-client-core: : : nova/frameworks/libs/cloud-client-native/core/src/Rest.cpp:338: POST https://api.magicleap.io/app-services/v2/contacts/search [Correlation-ID:a47070ed-be59-a661-f5a2-af8de6e1e49d]
09-23 18:23:18.800  1081  2035 I cloud-client-core: : : nova/frameworks/libs/cloud-client-native/core/src/Rest.cpp:366: ?fields=
09-23 18:23:18.839  1081  2035 I certificate_pinner: : : nova/frameworks/libs/net/certificate_pinner/src/CertificatePinner.cpp:106: Certificate Chain:
09-23 18:23:18.844  1081  2035 I certificate_pinner: : : nova/frameworks/libs/net/certificate_pinner/src/CertificatePinner.cpp:116: 	0) Subject /CN=magicleap.io issuer /C=US/O=Amazon/OU=Server CA 1B/CN=Amazon with public key sha256//VMLuv0Vk2NcWsKFrCT/SauZ5U6sWfRwMMExbkliTfvg=
09-23 18:23:18.844  1081  2035 I certificate_pinner: : : nova/frameworks/libs/net/certificate_pinner/src/CertificatePinner.cpp:116: 	1) Subject /C=US/O=Amazon/OU=Server CA 1B/CN=Amazon issuer /C=US/O=Amazon/CN=Amazon Root CA 1 with public key sha256//JSMzqOOrtyOT1kmau6zKhgT676hGgczD5VMdRMyJZFA=
09-23 18:23:18.845  1081  2035 I certificate_pinner: : : nova/frameworks/libs/net/certificate_pinner/src/CertificatePinner.cpp:116: 	2) Subject /C=US/O=Amazon/CN=Amazon Root CA 1 issuer /C=US/O=Amazon/CN=Amazon Root CA 1 with public key sha256//++MBgDH5WGvL9Bcn5Be30cRcL0f5O+NyoXuWtQdX1aI=
09-23 18:23:18.846  1081  2035 D certificate_pinner: : : nova/frameworks/libs/net/certificate_pinner/src/CertificatePinner.cpp:93: Found trusted subject /CN=magicleap.io with public key sha256//VMLuv0Vk2NcWsKFrCT/SauZ5U6sWfRwMMExbkliTfvg=
09-23 18:23:19.014  1132  1398 D libsense: libsense: : nova/frameworks/services/cloudkit/sense/lib/private/chronicle_api.h:261: com.magicleap.landscapemanagerapp: passive=0, state=1, outbound=1, uploadable=0, uploading=0, uploaded=3
09-23 18:23:19.282  1392     1 I ServiceConnector: UniversePrivilegedServiceConnector: : nova/apps/common/serviceconnector/src/UniversePrivilegedServiceConnector.cpp:53: requesting dense mesh enabled state
09-23 18:23:19.282  1392     1 I SettingsApp: LandingScreen: : nova/apps/settings/app/src/main/LandingScreen.cpp:830: Check Mesh Status  visible 1
09-23 18:23:19.294  1392     4 I SettingsApp: LandingScreen: : nova/apps/settings/app/src/main/LandingScreen.cpp:150: dense mesh is enabled
09-23 18:23:19.294  1392     1 I ServiceConnector: UniversePrivilegedServiceConnector: : nova/apps/common/serviceconnector/src/UniversePrivilegedServiceConnector.cpp:71: requesting dense mesh render enabled state
09-23 18:23:19.316  1392     4 I SettingsApp: LandingScreen: : nova/apps/settings/app/src/main/LandingScreen.cpp:165: dense mesh render is disabled
09-23 18:23:19.369   368   609 D SettingsService: SettingsService: : nova/apps/settings/service/src/SettingsService.cpp:530: [type : System], [key : WIFI_HIDDEN_SSIDS_LIST_V2]
09-23 18:23:19.369   368   609 D SettingsService: SettingsService: : nova/apps/settings/service/src/SettingsService.cpp:1069: name [WIFI_HIDDEN_SSIDS_LIST_V2], requestingForUser=1
09-23 18:23:19.369   368   609 D SettingsService: SettingsService: : nova/apps/settings/service/src/SettingsService.cpp:542: Success : [WIFI_HIDDEN_SSIDS_LIST_V2] ["wifi-demo"	"wifi-demo"	"wifi-demo"	"wifi-demo"	]
09-23 18:23:19.371   368   609 D SettingsService: SettingsService: : nova/apps/settings/service/src/SettingsService.cpp:530: [type : System], [key : WIFI_HIDDEN_SSIDS_LIST_V2]
09-23 18:23:19.371   368   609 D SettingsService: SettingsService: : nova/apps/settings/service/src/SettingsService.cpp:1069: name [WIFI_HIDDEN_SSIDS_LIST_V2], requestingForUser=1
09-23 18:23:19.371   368   609 D SettingsService: SettingsService: : nova/apps/settings/service/src/SettingsService.cpp:542: Success : [WIFI_HIDDEN_SSIDS_LIST_V2] ["wifi-demo"	"wifi-demo"	"wifi-demo"	"wifi-demo"	]
09-23 18:23:19.408   358   911 I WifiService: WifiSm: : nova/frameworks/services/wifiservices/src/WifiStateMachine.cpp:1686: Ev 4 WIFI_EV_BSS_CONNECTED in WIFI_STATE_IP_ADDR_ASSIGNED: IFNAME=wlan0 CTRL-EVENT-CONNECTED - connection to 44:48:c1:80:85:b2 completed (auth) [id=0 id_str=]
09-23 18:23:19.408   358   911 I WifiService: WifiSm: : nova/frameworks/services/wifiservices/src/WifiStateMachine.cpp:1431: event - WIFI_EV_BSS_CONNECTED in State WIFI_STATE_IP_ADDR_ASSIGNED
09-23 18:23:19.449  1081  2035 D StopWatch: StopWatch cloud-client-core (us): 648645 
09-23 18:23:19.449  1081  2035 I cloud-client-core: : : nova/frameworks/libs/cloud-client-native/core/src/Rest.cpp:452: POST https://api.magicleap.io/app-services/v2/contacts/search [Correlation-ID:a47070ed-be59-a661-f5a2-af8de6e1e49d](646 ms): 200
09-23 18:23:19.449  1081  2035 W cloud-client-social: : : nova/frameworks/libs/cloud-client-native/social/src/ContactPage.cpp:28: Could not parse page_token for ContactPage.
09-23 18:23:19.449  1081  2035 D ContactsService: CoreRequestProcessor: : nova/frameworks/services/contactservice/service/CoreRequestProcessor.cpp:142: Current user's info, contact: 25564d19-d3ef-11e9-8e97-8e6c462e00de : first_name: Nick, last_name: Ilin, username: R7830 Sculptoris, email: nilin+1@magicleap.com, phone: , relationship: RelationshipType::kSelf, status: UserStatus::kOnline, location: , bio: , emails: , phone_numbers: , avatar: 
09-23 18:23:19.577  1132  1403 D libsense: libsense: : nova/frameworks/services/cloudkit/sense/lib/private/chronicle_api.h:261: com.magicleap.pwguide: passive=0, state=1, outbound=1, uploadable=0, uploading=0, uploaded=3
09-23 18:23:20.283  1392     1 I ServiceConnector: UniversePrivilegedServiceConnector: : nova/apps/common/serviceconnector/src/UniversePrivilegedServiceConnector.cpp:53: requesting dense mesh enabled state
09-23 18:23:20.283  1392     1 I SettingsApp: LandingScreen: : nova/apps/settings/app/src/main/LandingScreen.cpp:830: Check Mesh Status  visible 1
09-23 18:23:20.291  1392     4 I SettingsApp: LandingScreen: : nova/apps/settings/app/src/main/LandingScreen.cpp:150: dense mesh is enabled
09-23 18:23:20.291  1392     1 I ServiceConnector: UniversePrivilegedServiceConnector: : nova/apps/common/serviceconnector/src/UniversePrivilegedServiceConnector.cpp:71: requesting dense mesh render enabled state
09-23 18:23:20.313  1392     4 I SettingsApp: LandingScreen: : nova/apps/settings/app/src/main/LandingScreen.cpp:165: dense mesh render is disabled
09-23 18:23:21.284  1392     1 I ServiceConnector: UniversePrivilegedServiceConnector: : nova/apps/common/serviceconnector/src/UniversePrivilegedServiceConnector.cpp:53: requesting dense mesh enabled state
09-23 18:23:21.284  1392     1 I SettingsApp: LandingScreen: : nova/apps/settings/app/src/main/LandingScreen.cpp:830: Check Mesh Status  visible 1
09-23 18:23:21.304  1392     4 I SettingsApp: LandingScreen: : nova/apps/settings/app/src/main/LandingScreen.cpp:150: dense mesh is enabled
09-23 18:23:21.305  1392     1 I ServiceConnector: UniversePrivilegedServiceConnector: : nova/apps/common/serviceconnector/src/UniversePrivilegedServiceConnector.cpp:71: requesting dense mesh render enabled state
09-23 18:23:21.326  1392     4 I SettingsApp: LandingScreen: : nova/apps/settings/app/src/main/LandingScreen.cpp:165: dense mesh render is disabled
09-23 18:23:22.286  1392     1 I ServiceConnector: UniversePrivilegedServiceConnector: : nova/apps/common/serviceconnector/src/UniversePrivilegedServiceConnector.cpp:53: requesting dense mesh enabled state
09-23 18:23:22.286  1392     1 I SettingsApp: LandingScreen: : nova/apps/settings/app/src/main/LandingScreen.cpp:830: Check Mesh Status  visible 1
09-23 18:23:22.290  1392     4 I SettingsApp: LandingScreen: : nova/apps/settings/app/src/main/LandingScreen.cpp:150: dense mesh is enabled
09-23 18:23:22.291  1392     1 I ServiceConnector: UniversePrivilegedServiceConnector: : nova/apps/common/serviceconnector/src/UniversePrivilegedServiceConnector.cpp:71: requesting dense mesh render enabled state
09-23 18:23:22.313  1392     4 I SettingsApp: LandingScreen: : nova/apps/settings/app/src/main/LandingScreen.cpp:165: dense mesh render is disabled
09-23 18:23:22.395   368   609 D SettingsService: SettingsService: : nova/apps/settings/service/src/SettingsService.cpp:530: [type : System], [key : WIFI_HIDDEN_SSIDS_LIST_V2]
09-23 18:23:22.395   368   609 D SettingsService: SettingsService: : nova/apps/settings/service/src/SettingsService.cpp:1069: name [WIFI_HIDDEN_SSIDS_LIST_V2], requestingForUser=1
09-23 18:23:22.395   368   609 D SettingsService: SettingsService: : nova/apps/settings/service/src/SettingsService.cpp:542: Success : [WIFI_HIDDEN_SSIDS_LIST_V2] ["wifi-demo"	"wifi-demo"	"wifi-demo"	"wifi-demo"	]
09-23 18:23:22.396   368   609 D SettingsService: SettingsService: : nova/apps/settings/service/src/SettingsService.cpp:530: [type : System], [key : WIFI_HIDDEN_SSIDS_LIST_V2]
09-23 18:23:22.396   368   609 D SettingsService: SettingsService: : nova/apps/settings/service/src/SettingsService.cpp:1069: name [WIFI_HIDDEN_SSIDS_LIST_V2], requestingForUser=1
09-23 18:23:22.396   368   609 D SettingsService: SettingsService: : nova/apps/settings/service/src/SettingsService.cpp:542: Success : [WIFI_HIDDEN_SSIDS_LIST_V2] ["wifi-demo"	"wifi-demo"	"wifi-demo"	"wifi-demo"	]
09-23 18:23:22.418   358   911 I WifiService: WifiSm: : nova/frameworks/services/wifiservices/src/WifiStateMachine.cpp:1686: Ev 4 WIFI_EV_BSS_CONNECTED in WIFI_STATE_IP_ADDR_ASSIGNED: IFNAME=wlan0 CTRL-EVENT-CONNECTED - connection to 44:48:c1:80:85:b2 completed (auth) [id=0 id_str=]
09-23 18:23:22.418   358   911 I WifiService: WifiSm: : nova/frameworks/services/wifiservices/src/WifiStateMachine.cpp:1431: event - WIFI_EV_BSS_CONNECTED in State WIFI_STATE_IP_ADDR_ASSIGNED
09-23 18:23:23.287  1392     1 I ServiceConnector: UniversePrivilegedServiceConnector: : nova/apps/common/serviceconnector/src/UniversePrivilegedServiceConnector.cpp:53: requesting dense mesh enabled state
09-23 18:23:23.287  1392     1 I SettingsApp: LandingScreen: : nova/apps/settings/app/src/main/LandingScreen.cpp:830: Check Mesh Status  visible 1
09-23 18:23:23.306  1392     4 I SettingsApp: LandingScreen: : nova/apps/settings/app/src/main/LandingScreen.cpp:150: dense mesh is enabled
09-23 18:23:23.306  1392     1 I ServiceConnector: UniversePrivilegedServiceConnector: : nova/apps/common/serviceconnector/src/UniversePrivilegedServiceConnector.cpp:71: requesting dense mesh render enabled state
09-23 18:23:23.328  1392     4 I SettingsApp: LandingScreen: : nova/apps/settings/app/src/main/LandingScreen.cpp:165: dense mesh render is disabled
09-23 18:23:24.288  1392     1 I ServiceConnector: UniversePrivilegedServiceConnector: : nova/apps/common/serviceconnector/src/UniversePrivilegedServiceConnector.cpp:53: requesting dense mesh enabled state
09-23 18:23:24.288  1392     1 I SettingsApp: LandingScreen: : nova/apps/settings/app/src/main/LandingScreen.cpp:830: Check Mesh Status  visible 1
09-23 18:23:24.303  1392     4 I SettingsApp: LandingScreen: : nova/apps/settings/app/src/main/LandingScreen.cpp:150: dense mesh is enabled
09-23 18:23:24.304  1392     1 I ServiceConnector: UniversePrivilegedServiceConnector: : nova/apps/common/serviceconnector/src/UniversePrivilegedServiceConnector.cpp:71: requesting dense mesh render enabled state
09-23 18:23:24.326  1392     4 I SettingsApp: LandingScreen: : nova/apps/settings/app/src/main/LandingScreen.cpp:165: dense mesh render is disabled
09-23 18:23:25.290  1392     1 I ServiceConnector: UniversePrivilegedServiceConnector: : nova/apps/common/serviceconnector/src/UniversePrivilegedServiceConnector.cpp:53: requesting dense mesh enabled state
09-23 18:23:25.290  1392     1 I SettingsApp: LandingScreen: : nova/apps/settings/app/src/main/LandingScreen.cpp:830: Check Mesh Status  visible 1
09-23 18:23:25.297  1392     4 I SettingsApp: LandingScreen: : nova/apps/settings/app/src/main/LandingScreen.cpp:150: dense mesh is enabled
09-23 18:23:25.297  1392     1 I ServiceConnector: UniversePrivilegedServiceConnector: : nova/apps/common/serviceconnector/src/UniversePrivilegedServiceConnector.cpp:71: requesting dense mesh render enabled state
09-23 18:23:25.319  1392     4 I SettingsApp: LandingScreen: : nova/apps/settings/app/src/main/LandingScreen.cpp:165: dense mesh render is disabled
09-23 18:23:25.414   368   609 D SettingsService: SettingsService: : nova/apps/settings/service/src/SettingsService.cpp:530: [type : System], [key : WIFI_HIDDEN_SSIDS_LIST_V2]
09-23 18:23:25.414   368   609 D SettingsService: SettingsService: : nova/apps/settings/service/src/SettingsService.cpp:1069: name [WIFI_HIDDEN_SSIDS_LIST_V2], requestingForUser=1
09-23 18:23:25.414   368   609 D SettingsService: SettingsService: : nova/apps/settings/service/src/SettingsService.cpp:542: Success : [WIFI_HIDDEN_SSIDS_LIST_V2] ["wifi-demo"	"wifi-demo"	"wifi-demo"	"wifi-demo"	]
09-23 18:23:25.415   368   609 D SettingsService: SettingsService: : nova/apps/settings/service/src/SettingsService.cpp:530: [type : System], [key : WIFI_HIDDEN_SSIDS_LIST_V2]
09-23 18:23:25.415   368   609 D SettingsService: SettingsService: : nova/apps/settings/service/src/SettingsService.cpp:1069: name [WIFI_HIDDEN_SSIDS_LIST_V2], requestingForUser=1
09-23 18:23:25.415   368   609 D SettingsService: SettingsService: : nova/apps/settings/service/src/SettingsService.cpp:542: Success : [WIFI_HIDDEN_SSIDS_LIST_V2] ["wifi-demo"	"wifi-demo"	"wifi-demo"	"wifi-demo"	]
09-23 18:23:25.431   358   911 I WifiService: WifiSm: : nova/frameworks/services/wifiservices/src/WifiStateMachine.cpp:1686: Ev 4 WIFI_EV_BSS_CONNECTED in WIFI_STATE_IP_ADDR_ASSIGNED: IFNAME=wlan0 CTRL-EVENT-CONNECTED - connection to 44:48:c1:80:85:b2 completed (auth) [id=0 id_str=]
09-23 18:23:25.431   358   911 I WifiService: WifiSm: : nova/frameworks/services/wifiservices/src/WifiStateMachine.cpp:1431: event - WIFI_EV_BSS_CONNECTED in State WIFI_STATE_IP_ADDR_ASSIGNED
09-23 18:23:25.532   358   911 I WifiService: WifiSm: : nova/frameworks/services/wifiservices/src/WifiStateMachine.cpp:1686: Ev 36 WIFISVC_EV_BSS_CHNG_NOTIFY in WIFI_STATE_IP_ADDR_ASSIGNED: 
09-23 18:23:25.534   368   609 D SettingsService: SettingsService: : nova/apps/settings/service/src/SettingsService.cpp:530: [type : System], [key : WIFI_HIDDEN_SSIDS_LIST_V2]
09-23 18:23:25.534   368   609 D SettingsService: SettingsService: : nova/apps/settings/service/src/SettingsService.cpp:1069: name [WIFI_HIDDEN_SSIDS_LIST_V2], requestingForUser=1
09-23 18:23:25.534   368   609 D SettingsService: SettingsService: : nova/apps/settings/service/src/SettingsService.cpp:542: Success : [WIFI_HIDDEN_SSIDS_LIST_V2] ["wifi-demo"	"wifi-demo"	"wifi-demo"	"wifi-demo"	]
09-23 18:23:25.535   368   609 D SettingsService: SettingsService: : nova/apps/settings/service/src/SettingsService.cpp:530: [type : System], [key : WIFI_HIDDEN_SSIDS_LIST_V2]
09-23 18:23:25.535   368   609 D SettingsService: SettingsService: : nova/apps/settings/service/src/SettingsService.cpp:1069: name [WIFI_HIDDEN_SSIDS_LIST_V2], requestingForUser=1
09-23 18:23:25.535   368   609 D SettingsService: SettingsService: : nova/apps/settings/service/src/SettingsService.cpp:542: Success : [WIFI_HIDDEN_SSIDS_LIST_V2] ["wifi-demo"	"wifi-demo"	"wifi-demo"	"wifi-demo"	]
09-23 18:23:25.635   358   911 I WifiService: WifiSm: : nova/frameworks/services/wifiservices/src/WifiStateMachine.cpp:1686: Ev 4 WIFI_EV_BSS_CONNECTED in WIFI_STATE_IP_ADDR_ASSIGNED: IFNAME=wlan0 CTRL-EVENT-CONNECTED - connection to 44:48:c1:80:85:b2 completed (auth) [id=0 id_str=]
09-23 18:23:25.635   358   911 I WifiService: WifiSm: : nova/frameworks/services/wifiservices/src/WifiStateMachine.cpp:1431: event - WIFI_EV_BSS_CONNECTED in State WIFI_STATE_IP_ADDR_ASSIGNED
09-23 18:23:26.291  1392     1 I ServiceConnector: UniversePrivilegedServiceConnector: : nova/apps/common/serviceconnector/src/UniversePrivilegedServiceConnector.cpp:53: requesting dense mesh enabled state
09-23 18:23:26.291  1392     1 I SettingsApp: LandingScreen: : nova/apps/settings/app/src/main/LandingScreen.cpp:830: Check Mesh Status  visible 1
09-23 18:23:26.311  1392     4 I SettingsApp: LandingScreen: : nova/apps/settings/app/src/main/LandingScreen.cpp:150: dense mesh is enabled
09-23 18:23:26.311  1392     1 I ServiceConnector: UniversePrivilegedServiceConnector: : nova/apps/common/serviceconnector/src/UniversePrivilegedServiceConnector.cpp:71: requesting dense mesh render enabled state
09-23 18:23:26.333  1392     4 I SettingsApp: LandingScreen: : nova/apps/settings/app/src/main/LandingScreen.cpp:165: dense mesh render is disabled
09-23 18:23:27.293  1392     1 I ServiceConnector: UniversePrivilegedServiceConnector: : nova/apps/common/serviceconnector/src/UniversePrivilegedServiceConnector.cpp:53: requesting dense mesh enabled state
09-23 18:23:27.293  1392     1 I SettingsApp: LandingScreen: : nova/apps/settings/app/src/main/LandingScreen.cpp:830: Check Mesh Status  visible 1
09-23 18:23:27.306  1392     4 I SettingsApp: LandingScreen: : nova/apps/settings/app/src/main/LandingScreen.cpp:150: dense mesh is enabled
09-23 18:23:27.306  1392     1 I ServiceConnector: UniversePrivilegedServiceConnector: : nova/apps/common/serviceconnector/src/UniversePrivilegedServiceConnector.cpp:71: requesting dense mesh render enabled state
09-23 18:23:27.328  1392     4 I SettingsApp: LandingScreen: : nova/apps/settings/app/src/main/LandingScreen.cpp:165: dense mesh render is disabled
09-23 18:23:28.295  1392     1 I ServiceConnector: UniversePrivilegedServiceConnector: : nova/apps/common/serviceconnector/src/UniversePrivilegedServiceConnector.cpp:53: requesting dense mesh enabled state
09-23 18:23:28.295  1392     1 I SettingsApp: LandingScreen: : nova/apps/settings/app/src/main/LandingScreen.cpp:830: Check Mesh Status  visible 1
09-23 18:23:28.318  1392     4 I SettingsApp: LandingScreen: : nova/apps/settings/app/src/main/LandingScreen.cpp:150: dense mesh is enabled
09-23 18:23:28.318  1392     1 I ServiceConnector: UniversePrivilegedServiceConnector: : nova/apps/common/serviceconnector/src/UniversePrivilegedServiceConnector.cpp:71: requesting dense mesh render enabled state
09-23 18:23:28.340  1392     4 I SettingsApp: LandingScreen: : nova/apps/settings/app/src/main/LandingScreen.cpp:165: dense mesh render is disabled
09-23 18:23:28.435   368   609 D SettingsService: SettingsService: : nova/apps/settings/service/src/SettingsService.cpp:530: [type : System], [key : WIFI_HIDDEN_SSIDS_LIST_V2]
09-23 18:23:28.436   368   609 D SettingsService: SettingsService: : nova/apps/settings/service/src/SettingsService.cpp:1069: name [WIFI_HIDDEN_SSIDS_LIST_V2], requestingForUser=1
09-23 18:23:28.436   368   609 D SettingsService: SettingsService: : nova/apps/settings/service/src/SettingsService.cpp:542: Success : [WIFI_HIDDEN_SSIDS_LIST_V2] ["wifi-demo"	"wifi-demo"	"wifi-demo"	"wifi-demo"	]
09-23 18:23:28.440   368   609 D SettingsService: SettingsService: : nova/apps/settings/service/src/SettingsService.cpp:530: [type : System], [key : WIFI_HIDDEN_SSIDS_LIST_V2]
09-23 18:23:28.440   368   609 D SettingsService: SettingsService: : nova/apps/settings/service/src/SettingsService.cpp:1069: name [WIFI_HIDDEN_SSIDS_LIST_V2], requestingForUser=1
09-23 18:23:28.440   368   609 D SettingsService: SettingsService: : nova/apps/settings/service/src/SettingsService.cpp:542: Success : [WIFI_HIDDEN_SSIDS_LIST_V2] ["wifi-demo"	"wifi-demo"	"wifi-demo"	"wifi-demo"	]
09-23 18:23:28.447   358   911 I WifiService: WifiSm: : nova/frameworks/services/wifiservices/src/WifiStateMachine.cpp:1686: Ev 4 WIFI_EV_BSS_CONNECTED in WIFI_STATE_IP_ADDR_ASSIGNED: IFNAME=wlan0 CTRL-EVENT-CONNECTED - connection to 44:48:c1:80:85:b2 completed (auth) [id=0 id_str=]
09-23 18:23:28.447   358   911 I WifiService: WifiSm: : nova/frameworks/services/wifiservices/src/WifiStateMachine.cpp:1431: event - WIFI_EV_BSS_CONNECTED in State WIFI_STATE_IP_ADDR_ASSIGNED
09-23 18:23:29.297  1392     1 I ServiceConnector: UniversePrivilegedServiceConnector: : nova/apps/common/serviceconnector/src/UniversePrivilegedServiceConnector.cpp:53: requesting dense mesh enabled state
09-23 18:23:29.297  1392     1 I SettingsApp: LandingScreen: : nova/apps/settings/app/src/main/LandingScreen.cpp:830: Check Mesh Status  visible 1
09-23 18:23:29.312  1392     4 I SettingsApp: LandingScreen: : nova/apps/settings/app/src/main/LandingScreen.cpp:150: dense mesh is enabled
09-23 18:23:29.313  1392     1 I ServiceConnector: UniversePrivilegedServiceConnector: : nova/apps/common/serviceconnector/src/UniversePrivilegedServiceConnector.cpp:71: requesting dense mesh render enabled state
09-23 18:23:29.335  1392     4 I SettingsApp: LandingScreen: : nova/apps/settings/app/src/main/LandingScreen.cpp:165: dense mesh render is disabled
09-23 18:23:30.298  1392     1 I ServiceConnector: UniversePrivilegedServiceConnector: : nova/apps/common/serviceconnector/src/UniversePrivilegedServiceConnector.cpp:53: requesting dense mesh enabled state
09-23 18:23:30.298  1392     1 I SettingsApp: LandingScreen: : nova/apps/settings/app/src/main/LandingScreen.cpp:830: Check Mesh Status  visible 1
09-23 18:23:30.303  1392     4 I SettingsApp: LandingScreen: : nova/apps/settings/app/src/main/LandingScreen.cpp:150: dense mesh is enabled
09-23 18:23:30.303  1392     1 I ServiceConnector: UniversePrivilegedServiceConnector: : nova/apps/common/serviceconnector/src/UniversePrivilegedServiceConnector.cpp:71: requesting dense mesh render enabled state
09-23 18:23:30.325  1392     4 I SettingsApp: LandingScreen: : nova/apps/settings/app/src/main/LandingScreen.cpp:165: dense mesh render is disabled
09-23 18:23:30.788  1132  1174 D libsense: libsense: : nova/frameworks/services/cloudkit/sense/lib/private/chronicle_api.h:261: com.magicleap.nova.app_store: passive=0, state=1, outbound=1, uploadable=0, uploading=0, uploaded=0
09-23 18:23:31.299  1392     1 I ServiceConnector: UniversePrivilegedServiceConnector: : nova/apps/common/serviceconnector/src/UniversePrivilegedServiceConnector.cpp:53: requesting dense mesh enabled state
09-23 18:23:31.299  1392     1 I SettingsApp: LandingScreen: : nova/apps/settings/app/src/main/LandingScreen.cpp:830: Check Mesh Status  visible 1
09-23 18:23:31.320  1392     4 I SettingsApp: LandingScreen: : nova/apps/settings/app/src/main/LandingScreen.cpp:150: dense mesh is enabled
09-23 18:23:31.321  1392     1 I ServiceConnector: UniversePrivilegedServiceConnector: : nova/apps/common/serviceconnector/src/UniversePrivilegedServiceConnector.cpp:71: requesting dense mesh render enabled state
09-23 18:23:31.343  1392     4 I SettingsApp: LandingScreen: : nova/apps/settings/app/src/main/LandingScreen.cpp:165: dense mesh render is disabled
09-23 18:23:31.461   368   609 D SettingsService: SettingsService: : nova/apps/settings/service/src/SettingsService.cpp:530: [type : System], [key : WIFI_HIDDEN_SSIDS_LIST_V2]
09-23 18:23:31.461   368   609 D SettingsService: SettingsService: : nova/apps/settings/service/src/SettingsService.cpp:1069: name [WIFI_HIDDEN_SSIDS_LIST_V2], requestingForUser=1
09-23 18:23:31.462   368   609 D SettingsService: SettingsService: : nova/apps/settings/service/src/SettingsService.cpp:542: Success : [WIFI_HIDDEN_SSIDS_LIST_V2] ["wifi-demo"	"wifi-demo"	"wifi-demo"	"wifi-demo"	]
09-23 18:23:31.462   368   609 D SettingsService: SettingsService: : nova/apps/settings/service/src/SettingsService.cpp:530: [type : System], [key : WIFI_HIDDEN_SSIDS_LIST_V2]
09-23 18:23:31.462   368   609 D SettingsService: SettingsService: : nova/apps/settings/service/src/SettingsService.cpp:1069: name [WIFI_HIDDEN_SSIDS_LIST_V2], requestingForUser=1
09-23 18:23:31.462   368   609 D SettingsService: SettingsService: : nova/apps/settings/service/src/SettingsService.cpp:542: Success : [WIFI_HIDDEN_SSIDS_LIST_V2] ["wifi-demo"	"wifi-demo"	"wifi-demo"	"wifi-demo"	]
09-23 18:23:31.467   358   911 I WifiService: WifiSm: : nova/frameworks/services/wifiservices/src/WifiStateMachine.cpp:1686: Ev 4 WIFI_EV_BSS_CONNECTED in WIFI_STATE_IP_ADDR_ASSIGNED: IFNAME=wlan0 CTRL-EVENT-CONNECTED - connection to 44:48:c1:80:85:b2 completed (auth) [id=0 id_str=]
09-23 18:23:31.467   358   911 I WifiService: WifiSm: : nova/frameworks/services/wifiservices/src/WifiStateMachine.cpp:1431: event - WIFI_EV_BSS_CONNECTED in State WIFI_STATE_IP_ADDR_ASSIGNED
09-23 18:23:31.473  1127  1243 D AppConnectService: LoopbackListener: : nova/frameworks/services/appconnectservice/appconnect/service/network/plugins/loopback/LBListener.cpp:109: Run: Polling for client connections, in worker thread...
09-23 18:23:31.879   956  1023 D pwservice: Enqueue grpcMethod[&Ml::PassableWorld::Stub::AsyncGetLocalizationSnapshot][d_89bf6920-2d9a-7018-860d-c406f214cc39_113] 
09-23 18:23:32.301  1392     1 I ServiceConnector: UniversePrivilegedServiceConnector: : nova/apps/common/serviceconnector/src/UniversePrivilegedServiceConnector.cpp:53: requesting dense mesh enabled state
09-23 18:23:32.301  1392     1 I SettingsApp: LandingScreen: : nova/apps/settings/app/src/main/LandingScreen.cpp:830: Check Mesh Status  visible 1
09-23 18:23:32.311  1392     4 I SettingsApp: LandingScreen: : nova/apps/settings/app/src/main/LandingScreen.cpp:150: dense mesh is enabled
09-23 18:23:32.311  1392     1 I ServiceConnector: UniversePrivilegedServiceConnector: : nova/apps/common/serviceconnector/src/UniversePrivilegedServiceConnector.cpp:71: requesting dense mesh render enabled state
09-23 18:23:32.333  1392     4 I SettingsApp: LandingScreen: : nova/apps/settings/app/src/main/LandingScreen.cpp:165: dense mesh render is disabled
09-23 18:23:33.302  1392     1 I ServiceConnector: UniversePrivilegedServiceConnector: : nova/apps/common/serviceconnector/src/UniversePrivilegedServiceConnector.cpp:53: requesting dense mesh enabled state
09-23 18:23:33.302  1392     1 I SettingsApp: LandingScreen: : nova/apps/settings/app/src/main/LandingScreen.cpp:830: Check Mesh Status  visible 1
