09-23 18:21:18.597   358   911 I WifiService: WifiSm: : nova/frameworks/services/wifiservices/src/WifiStateMachine.cpp:1431: event - WIFI_EV_BSS_CONNECTED in State WIFI_STATE_IP_ADDR_ASSIGNED
09-23 18:21:20.164  1392     4 I chatty  : uid=110111(/system/bin/lifecycleservice) settings_app expire 2 lines
09-23 18:21:20.323   956  1024 D pwservice: Enqueue grpcMethod[&Ml::PassableWorld::Stub::AsyncGetLocalizationSnapshot][d_89bf6920-2d9a-7018-860d-c406f214cc39_100] 
09-23 18:21:21.117  1392     1 I chatty  : uid=110111(/system/bin/lifecycleservice) /init expire 2 lines
09-23 18:21:21.157  1392     4 I chatty  : uid=110111(/system/bin/lifecycleservice) settings_app expire 8 lines
09-23 18:21:21.535   368   609 D SettingsService: SettingsService: : nova/apps/settings/service/src/SettingsService.cpp:530: [type : System], [key : WIFI_HIDDEN_SSIDS_LIST_V2]
09-23 18:21:21.535   368   609 D SettingsService: SettingsService: : nova/apps/settings/service/src/SettingsService.cpp:1069: name [WIFI_HIDDEN_SSIDS_LIST_V2], requestingForUser=1
09-23 18:21:21.535   368   609 D SettingsService: SettingsService: : nova/apps/settings/service/src/SettingsService.cpp:542: Success : [WIFI_HIDDEN_SSIDS_LIST_V2] ["wifi-demo"	"wifi-demo"	"wifi-demo"	"wifi-demo"	]
09-23 18:21:21.536   368   609 D SettingsService: SettingsService: : nova/apps/settings/service/src/SettingsService.cpp:530: [type : System], [key : WIFI_HIDDEN_SSIDS_LIST_V2]
09-23 18:21:21.536   368   609 D SettingsService: SettingsService: : nova/apps/settings/service/src/SettingsService.cpp:1069: name [WIFI_HIDDEN_SSIDS_LIST_V2], requestingForUser=1
09-23 18:21:21.536   368   609 D SettingsService: SettingsService: : nova/apps/settings/service/src/SettingsService.cpp:542: Success : [WIFI_HIDDEN_SSIDS_LIST_V2] ["wifi-demo"	"wifi-demo"	"wifi-demo"	"wifi-demo"	]
09-23 18:21:21.618   358   911 I WifiService: WifiSm: : nova/frameworks/services/wifiservices/src/WifiStateMachine.cpp:1686: Ev 4 WIFI_EV_BSS_CONNECTED in WIFI_STATE_IP_ADDR_ASSIGNED: IFNAME=wlan0 CTRL-EVENT-CONNECTED - connection to 44:48:c1:80:85:b2 completed (auth) [id=0 id_str=]
09-23 18:21:21.618   358   911 I WifiService: WifiSm: : nova/frameworks/services/wifiservices/src/WifiStateMachine.cpp:1431: event - WIFI_EV_BSS_CONNECTED in State WIFI_STATE_IP_ADDR_ASSIGNED
09-23 18:21:22.118  1392     1 I chatty  : uid=110111(/system/bin/lifecycleservice) /init expire 14 lines
09-23 18:21:24.561   368   609 D SettingsService: SettingsService: : nova/apps/settings/service/src/SettingsService.cpp:530: [type : System], [key : WIFI_HIDDEN_SSIDS_LIST_V2]
09-23 18:21:24.561   368   609 D SettingsService: SettingsService: : nova/apps/settings/service/src/SettingsService.cpp:1069: name [WIFI_HIDDEN_SSIDS_LIST_V2], requestingForUser=1
09-23 18:21:24.561   368   609 D SettingsService: SettingsService: : nova/apps/settings/service/src/SettingsService.cpp:542: Success : [WIFI_HIDDEN_SSIDS_LIST_V2] ["wifi-demo"	"wifi-demo"	"wifi-demo"	"wifi-demo"	]
09-23 18:21:24.562   368   609 D SettingsService: SettingsService: : nova/apps/settings/service/src/SettingsService.cpp:530: [type : System], [key : WIFI_HIDDEN_SSIDS_LIST_V2]
09-23 18:21:24.562   368   609 D SettingsService: SettingsService: : nova/apps/settings/service/src/SettingsService.cpp:1069: name [WIFI_HIDDEN_SSIDS_LIST_V2], requestingForUser=1
09-23 18:21:24.562   368   609 D SettingsService: SettingsService: : nova/apps/settings/service/src/SettingsService.cpp:542: Success : [WIFI_HIDDEN_SSIDS_LIST_V2] ["wifi-demo"	"wifi-demo"	"wifi-demo"	"wifi-demo"	]
09-23 18:21:24.629   358   911 I WifiService: WifiSm: : nova/frameworks/services/wifiservices/src/WifiStateMachine.cpp:1686: Ev 4 WIFI_EV_BSS_CONNECTED in WIFI_STATE_IP_ADDR_ASSIGNED: IFNAME=wlan0 CTRL-EVENT-CONNECTED - connection to 44:48:c1:80:85:b2 completed (auth) [id=0 id_str=]
09-23 18:21:24.629   358   911 I WifiService: WifiSm: : nova/frameworks/services/wifiservices/src/WifiStateMachine.cpp:1431: event - WIFI_EV_BSS_CONNECTED in State WIFI_STATE_IP_ADDR_ASSIGNED
09-23 18:21:25.150  1392     4 I chatty  : uid=110111(/system/bin/lifecycleservice) settings_app expire 3 lines
09-23 18:21:25.532   358   911 I WifiService: WifiSm: : nova/frameworks/services/wifiservices/src/WifiStateMachine.cpp:1686: Ev 36 WIFISVC_EV_BSS_CHNG_NOTIFY in WIFI_STATE_IP_ADDR_ASSIGNED: 
09-23 18:21:25.533   368   609 D SettingsService: SettingsService: : nova/apps/settings/service/src/SettingsService.cpp:530: [type : System], [key : WIFI_HIDDEN_SSIDS_LIST_V2]
09-23 18:21:25.533   368   609 D SettingsService: SettingsService: : nova/apps/settings/service/src/SettingsService.cpp:1069: name [WIFI_HIDDEN_SSIDS_LIST_V2], requestingForUser=1
09-23 18:21:25.534   368   609 D SettingsService: SettingsService: : nova/apps/settings/service/src/SettingsService.cpp:542: Success : [WIFI_HIDDEN_SSIDS_LIST_V2] ["wifi-demo"	"wifi-demo"	"wifi-demo"	"wifi-demo"	]
09-23 18:21:25.536   368   609 D SettingsService: SettingsService: : nova/apps/settings/service/src/SettingsService.cpp:530: [type : System], [key : WIFI_HIDDEN_SSIDS_LIST_V2]
09-23 18:21:25.536   368   609 D SettingsService: SettingsService: : nova/apps/settings/service/src/SettingsService.cpp:1069: name [WIFI_HIDDEN_SSIDS_LIST_V2], requestingForUser=1
09-23 18:21:25.536   368   609 D SettingsService: SettingsService: : nova/apps/settings/service/src/SettingsService.cpp:542: Success : [WIFI_HIDDEN_SSIDS_LIST_V2] ["wifi-demo"	"wifi-demo"	"wifi-demo"	"wifi-demo"	]
09-23 18:21:25.637   358   911 I WifiService: WifiSm: : nova/frameworks/services/wifiservices/src/WifiStateMachine.cpp:1686: Ev 4 WIFI_EV_BSS_CONNECTED in WIFI_STATE_IP_ADDR_ASSIGNED: IFNAME=wlan0 CTRL-EVENT-CONNECTED - connection to 44:48:c1:80:85:b2 completed (auth) [id=0 id_str=]
09-23 18:21:25.637   358   911 I WifiService: WifiSm: : nova/frameworks/services/wifiservices/src/WifiStateMachine.cpp:1431: event - WIFI_EV_BSS_CONNECTED in State WIFI_STATE_IP_ADDR_ASSIGNED
09-23 18:21:26.143  1392     1 I chatty  : uid=110111(/system/bin/lifecycleservice) /init expire 4 lines
09-23 18:21:27.138  1392     4 I chatty  : uid=110111(/system/bin/lifecycleservice) settings_app expire 3 lines
09-23 18:21:27.581   368   609 D SettingsService: SettingsService: : nova/apps/settings/service/src/SettingsService.cpp:530: [type : System], [key : WIFI_HIDDEN_SSIDS_LIST_V2]
09-23 18:21:27.581   368   609 D SettingsService: SettingsService: : nova/apps/settings/service/src/SettingsService.cpp:1069: name [WIFI_HIDDEN_SSIDS_LIST_V2], requestingForUser=1
09-23 18:21:27.581   368   609 D SettingsService: SettingsService: : nova/apps/settings/service/src/SettingsService.cpp:542: Success : [WIFI_HIDDEN_SSIDS_LIST_V2] ["wifi-demo"	"wifi-demo"	"wifi-demo"	"wifi-demo"	]
09-23 18:21:27.584   368   609 D SettingsService: SettingsService: : nova/apps/settings/service/src/SettingsService.cpp:530: [type : System], [key : WIFI_HIDDEN_SSIDS_LIST_V2]
09-23 18:21:27.584   368   609 D SettingsService: SettingsService: : nova/apps/settings/service/src/SettingsService.cpp:1069: name [WIFI_HIDDEN_SSIDS_LIST_V2], requestingForUser=1
09-23 18:21:27.584   368   609 D SettingsService: SettingsService: : nova/apps/settings/service/src/SettingsService.cpp:542: Success : [WIFI_HIDDEN_SSIDS_LIST_V2] ["wifi-demo"	"wifi-demo"	"wifi-demo"	"wifi-demo"	]
09-23 18:21:27.649   358   911 I WifiService: WifiSm: : nova/frameworks/services/wifiservices/src/WifiStateMachine.cpp:1686: Ev 4 WIFI_EV_BSS_CONNECTED in WIFI_STATE_IP_ADDR_ASSIGNED: IFNAME=wlan0 CTRL-EVENT-CONNECTED - connection to 44:48:c1:80:85:b2 completed (auth) [id=0 id_str=]
09-23 18:21:27.649   358   911 I WifiService: WifiSm: : nova/frameworks/services/wifiservices/src/WifiStateMachine.cpp:1431: event - WIFI_EV_BSS_CONNECTED in State WIFI_STATE_IP_ADDR_ASSIGNED
09-23 18:21:28.127  1392     1 I chatty  : uid=110111(/system/bin/lifecycleservice) /init expire 4 lines
09-23 18:21:28.164  1392     4 I chatty  : uid=110111(/system/bin/lifecycleservice) settings_app expire 2 lines
09-23 18:21:29.128  1392     1 I chatty  : uid=110111(/system/bin/lifecycleservice) /init expire 4 lines
09-23 18:21:29.160  1392     4 I chatty  : uid=110111(/system/bin/lifecycleservice) settings_app expire 3 lines
09-23 18:21:29.300  1127  1243 D AppConnectService: LoopbackListener: : nova/frameworks/services/appconnectservice/appconnect/service/network/plugins/loopback/LBListener.cpp:109: Run: Polling for client connections, in worker thread...
09-23 18:21:30.151  1392     1 I chatty  : uid=110111(/system/bin/lifecycleservice) /init expire 4 lines
09-23 18:21:30.596   368   609 D SettingsService: SettingsService: : nova/apps/settings/service/src/SettingsService.cpp:530: [type : System], [key : WIFI_HIDDEN_SSIDS_LIST_V2]
09-23 18:21:30.596   368   609 D SettingsService: SettingsService: : nova/apps/settings/service/src/SettingsService.cpp:1069: name [WIFI_HIDDEN_SSIDS_LIST_V2], requestingForUser=1
09-23 18:21:30.596   368   609 D SettingsService: SettingsService: : nova/apps/settings/service/src/SettingsService.cpp:542: Success : [WIFI_HIDDEN_SSIDS_LIST_V2] ["wifi-demo"	"wifi-demo"	"wifi-demo"	"wifi-demo"	]
09-23 18:21:30.597   368   609 D SettingsService: SettingsService: : nova/apps/settings/service/src/SettingsService.cpp:530: [type : System], [key : WIFI_HIDDEN_SSIDS_LIST_V2]
09-23 18:21:30.597   368   609 D SettingsService: SettingsService: : nova/apps/settings/service/src/SettingsService.cpp:1069: name [WIFI_HIDDEN_SSIDS_LIST_V2], requestingForUser=1
09-23 18:21:30.597   368   609 D SettingsService: SettingsService: : nova/apps/settings/service/src/SettingsService.cpp:542: Success : [WIFI_HIDDEN_SSIDS_LIST_V2] ["wifi-demo"	"wifi-demo"	"wifi-demo"	"wifi-demo"	]
09-23 18:21:30.665   358   911 I WifiService: WifiSm: : nova/frameworks/services/wifiservices/src/WifiStateMachine.cpp:1686: Ev 4 WIFI_EV_BSS_CONNECTED in WIFI_STATE_IP_ADDR_ASSIGNED: IFNAME=wlan0 CTRL-EVENT-CONNECTED - connection to 44:48:c1:80:85:b2 completed (auth) [id=0 id_str=]
09-23 18:21:30.665   358   911 I WifiService: WifiSm: : nova/frameworks/services/wifiservices/src/WifiStateMachine.cpp:1431: event - WIFI_EV_BSS_CONNECTED in State WIFI_STATE_IP_ADDR_ASSIGNED
09-23 18:21:31.150  1392     4 I chatty  : uid=110111(/system/bin/lifecycleservice) settings_app expire 2 lines
09-23 18:21:32.131  1392     1 I chatty  : uid=110111(/system/bin/lifecycleservice) /init expire 3 lines
09-23 18:21:32.143  1392     4 I chatty  : uid=110111(/system/bin/lifecycleservice) settings_app expire 2 lines
09-23 18:21:33.132  1392     1 I chatty  : uid=110111(/system/bin/lifecycleservice) /init expire 8 lines
09-23 18:21:33.135  1392     4 I chatty  : uid=110111(/system/bin/lifecycleservice) settings_app expire 6 lines
09-23 18:21:33.569   955   955 D StorageService: StorageService: : nova/frameworks/services/storageservice/storageservice.cpp:365: Storage Monitor timer timeout on timer_id = 70368846684764
09-23 18:21:33.569   955   955 D StorageService: StorageService: : nova/frameworks/services/storageservice/storageservice.cpp:386: xStorage Percent Available: 91% Bytes Left = 93627072512
09-23 18:21:33.620   368   609 D SettingsService: SettingsService: : nova/apps/settings/service/src/SettingsService.cpp:530: [type : System], [key : WIFI_HIDDEN_SSIDS_LIST_V2]
09-23 18:21:33.620   368   609 D SettingsService: SettingsService: : nova/apps/settings/service/src/SettingsService.cpp:1069: name [WIFI_HIDDEN_SSIDS_LIST_V2], requestingForUser=1
09-23 18:21:33.621   368   609 D SettingsService: SettingsService: : nova/apps/settings/service/src/SettingsService.cpp:542: Success : [WIFI_HIDDEN_SSIDS_LIST_V2] ["wifi-demo"	"wifi-demo"	"wifi-demo"	"wifi-demo"	]
09-23 18:21:33.622   368   609 D SettingsService: SettingsService: : nova/apps/settings/service/src/SettingsService.cpp:530: [type : System], [key : WIFI_HIDDEN_SSIDS_LIST_V2]
09-23 18:21:33.622   368   609 D SettingsService: SettingsService: : nova/apps/settings/service/src/SettingsService.cpp:1069: name [WIFI_HIDDEN_SSIDS_LIST_V2], requestingForUser=1
09-23 18:21:33.622   368   609 D SettingsService: SettingsService: : nova/apps/settings/service/src/SettingsService.cpp:542: Success : [WIFI_HIDDEN_SSIDS_LIST_V2] ["wifi-demo"	"wifi-demo"	"wifi-demo"	"wifi-demo"	]
09-23 18:21:33.681   358   911 I WifiService: WifiSm: : nova/frameworks/services/wifiservices/src/WifiStateMachine.cpp:1686: Ev 4 WIFI_EV_BSS_CONNECTED in WIFI_STATE_IP_ADDR_ASSIGNED: IFNAME=wlan0 CTRL-EVENT-CONNECTED - connection to 44:48:c1:80:85:b2 completed (auth) [id=0 id_str=]
09-23 18:21:33.681   358   911 I WifiService: WifiSm: : nova/frameworks/services/wifiservices/src/WifiStateMachine.cpp:1431: event - WIFI_EV_BSS_CONNECTED in State WIFI_STATE_IP_ADDR_ASSIGNED
09-23 18:21:34.679   723   809 E graph_pss: malleus/workloads/pss/impl/wifi_scan_component.cpp(115) triggerScan():
09-23 18:21:34.679   723   809 E graph_pss: ERR: scan already in progress. Skipping triggerScan()
09-23 18:21:35.147  1392     1 I chatty  : uid=110111(/system/bin/lifecycleservice) /init expire 4 lines
09-23 18:21:35.489   358   911 I WifiService: WifiSm: : nova/frameworks/services/wifiservices/src/WifiStateMachine.cpp:1686: Ev 36 WIFISVC_EV_BSS_CHNG_NOTIFY in WIFI_STATE_IP_ADDR_ASSIGNED: 
09-23 18:21:35.493   368   609 D SettingsService: SettingsService: : nova/apps/settings/service/src/SettingsService.cpp:530: [type : System], [key : WIFI_HIDDEN_SSIDS_LIST_V2]
09-23 18:21:35.493   368   609 D SettingsService: SettingsService: : nova/apps/settings/service/src/SettingsService.cpp:1069: name [WIFI_HIDDEN_SSIDS_LIST_V2], requestingForUser=1
09-23 18:21:35.493   368   609 D SettingsService: SettingsService: : nova/apps/settings/service/src/SettingsService.cpp:542: Success : [WIFI_HIDDEN_SSIDS_LIST_V2] ["wifi-demo"	"wifi-demo"	"wifi-demo"	"wifi-demo"	]
09-23 18:21:35.494   368   609 D SettingsService: SettingsService: : nova/apps/settings/service/src/SettingsService.cpp:530: [type : System], [key : WIFI_HIDDEN_SSIDS_LIST_V2]
09-23 18:21:35.494   368   609 D SettingsService: SettingsService: : nova/apps/settings/service/src/SettingsService.cpp:1069: name [WIFI_HIDDEN_SSIDS_LIST_V2], requestingForUser=1
09-23 18:21:35.494   368   609 D SettingsService: SettingsService: : nova/apps/settings/service/src/SettingsService.cpp:542: Success : [WIFI_HIDDEN_SSIDS_LIST_V2] ["wifi-demo"	"wifi-demo"	"wifi-demo"	"wifi-demo"	]
09-23 18:21:35.595   358   911 I WifiService: WifiSm: : nova/frameworks/services/wifiservices/src/WifiStateMachine.cpp:1686: Ev 4 WIFI_EV_BSS_CONNECTED in WIFI_STATE_IP_ADDR_ASSIGNED: IFNAME=wlan0 CTRL-EVENT-CONNECTED - connection to 44:48:c1:80:85:b2 completed (auth) [id=0 id_str=]
09-23 18:21:35.595   358   911 I WifiService: WifiSm: : nova/frameworks/services/wifiservices/src/WifiStateMachine.cpp:1431: event - WIFI_EV_BSS_CONNECTED in State WIFI_STATE_IP_ADDR_ASSIGNED
09-23 18:21:36.147  1392     4 I chatty  : uid=110111(/system/bin/lifecycleservice) settings_app expire 2 lines
09-23 18:21:36.651   368   609 D SettingsService: SettingsService: : nova/apps/settings/service/src/SettingsService.cpp:530: [type : System], [key : WIFI_HIDDEN_SSIDS_LIST_V2]
09-23 18:21:36.651   368   609 D SettingsService: SettingsService: : nova/apps/settings/service/src/SettingsService.cpp:1069: name [WIFI_HIDDEN_SSIDS_LIST_V2], requestingForUser=1
09-23 18:21:36.651   368   609 D SettingsService: SettingsService: : nova/apps/settings/service/src/SettingsService.cpp:542: Success : [WIFI_HIDDEN_SSIDS_LIST_V2] ["wifi-demo"	"wifi-demo"	"wifi-demo"	"wifi-demo"	]
09-23 18:21:36.652   368   609 D SettingsService: SettingsService: : nova/apps/settings/service/src/SettingsService.cpp:530: [type : System], [key : WIFI_HIDDEN_SSIDS_LIST_V2]
09-23 18:21:36.652   368   609 D SettingsService: SettingsService: : nova/apps/settings/service/src/SettingsService.cpp:1069: name [WIFI_HIDDEN_SSIDS_LIST_V2], requestingForUser=1
09-23 18:21:36.652   368   609 D SettingsService: SettingsService: : nova/apps/settings/service/src/SettingsService.cpp:542: Success : [WIFI_HIDDEN_SSIDS_LIST_V2] ["wifi-demo"	"wifi-demo"	"wifi-demo"	"wifi-demo"	]
09-23 18:21:36.700   358   911 I WifiService: WifiSm: : nova/frameworks/services/wifiservices/src/WifiStateMachine.cpp:1686: Ev 4 WIFI_EV_BSS_CONNECTED in WIFI_STATE_IP_ADDR_ASSIGNED: IFNAME=wlan0 CTRL-EVENT-CONNECTED - connection to 44:48:c1:80:85:b2 completed (auth) [id=0 id_str=]
09-23 18:21:36.700   358   911 I WifiService: WifiSm: : nova/frameworks/services/wifiservices/src/WifiStateMachine.cpp:1431: event - WIFI_EV_BSS_CONNECTED in State WIFI_STATE_IP_ADDR_ASSIGNED
09-23 18:21:37.137  1392     1 I chatty  : uid=110111(/system/bin/lifecycleservice) /init expire 3 lines
09-23 18:21:37.139  1392     4 I chatty  : uid=110111(/system/bin/lifecycleservice) settings_app expire 2 lines
09-23 18:21:37.223   956  2786 D pwservice: Enqueue grpcMethod[&Ml::PassableWorld::Stub::AsyncGetLocalizationSnapshot][d_89bf6920-2d9a-7018-860d-c406f214cc39_101] 
09-23 18:21:38.138  1392     1 I chatty  : uid=110111(/system/bin/lifecycleservice) /init expire 3 lines
09-23 18:21:38.150  1392     4 I chatty  : uid=110111(/system/bin/lifecycleservice) settings_app expire 16 lines
09-23 18:21:39.139  1392     1 I chatty  : uid=110111(/system/bin/lifecycleservice) /init expire 24 lines
09-23 18:21:39.386   377   657 I CloudService: : : nova/frameworks/services/cloud_service/ncpsservice/src/cloud_service.cpp:821: rxed what -> 1 while in state -> CONNECTED 
09-23 18:21:39.386   377   657 I CloudService: : : nova/frameworks/services/cloud_service/ncpsservice/src/cloud_service.cpp:966: sending message -> DeviceTelemetryEvent
09-23 18:21:39.463   956  2786 D pwservice: Tracking map quality is not good enough to store. Removing it
09-23 18:21:39.464   723   814 E graph_pss: malleus/workloads/pw/sparsemap/impl/pw_map_binder_client.cpp(171) TrackingMapSaved():
09-23 18:21:39.464   723   814 E graph_pss: ERR: MapManagerClient::TrackingMapSaved failed, Status(-8): '-2: Error invoking trackingMapSaved'
09-23 18:21:39.671   368   609 D SettingsService: SettingsService: : nova/apps/settings/service/src/SettingsService.cpp:530: [type : System], [key : WIFI_HIDDEN_SSIDS_LIST_V2]
09-23 18:21:39.671   368   609 D SettingsService: SettingsService: : nova/apps/settings/service/src/SettingsService.cpp:1069: name [WIFI_HIDDEN_SSIDS_LIST_V2], requestingForUser=1
09-23 18:21:39.671   368   609 D SettingsService: SettingsService: : nova/apps/settings/service/src/SettingsService.cpp:542: Success : [WIFI_HIDDEN_SSIDS_LIST_V2] ["wifi-demo"	"wifi-demo"	"wifi-demo"	"wifi-demo"	]
09-23 18:21:39.673   368   609 D SettingsService: SettingsService: : nova/apps/settings/service/src/SettingsService.cpp:530: [type : System], [key : WIFI_HIDDEN_SSIDS_LIST_V2]
09-23 18:21:39.674   368   609 D SettingsService: SettingsService: : nova/apps/settings/service/src/SettingsService.cpp:1069: name [WIFI_HIDDEN_SSIDS_LIST_V2], requestingForUser=1
09-23 18:21:39.674   368   609 D SettingsService: SettingsService: : nova/apps/settings/service/src/SettingsService.cpp:542: Success : [WIFI_HIDDEN_SSIDS_LIST_V2] ["wifi-demo"	"wifi-demo"	"wifi-demo"	"wifi-demo"	]
09-23 18:21:39.737   358   911 I WifiService: WifiSm: : nova/frameworks/services/wifiservices/src/WifiStateMachine.cpp:1686: Ev 4 WIFI_EV_BSS_CONNECTED in WIFI_STATE_IP_ADDR_ASSIGNED: IFNAME=wlan0 CTRL-EVENT-CONNECTED - connection to 44:48:c1:80:85:b2 completed (auth) [id=0 id_str=]
09-23 18:21:39.737   358   911 I WifiService: WifiSm: : nova/frameworks/services/wifiservices/src/WifiStateMachine.cpp:1431: event - WIFI_EV_BSS_CONNECTED in State WIFI_STATE_IP_ADDR_ASSIGNED
09-23 18:21:39.752   956  1023 D pwservice: Enqueue grpcMethod[&Ml::PassableWorld::Stub::AsyncSaveHeadPoseLocalizationObservations][d_89bf6920-2d9a-7018-860d-c406f214cc39_102] 
09-23 18:21:42.701   368   609 D SettingsService: SettingsService: : nova/apps/settings/service/src/SettingsService.cpp:530: [type : System], [key : WIFI_HIDDEN_SSIDS_LIST_V2]
09-23 18:21:42.701   368   609 D SettingsService: SettingsService: : nova/apps/settings/service/src/SettingsService.cpp:1069: name [WIFI_HIDDEN_SSIDS_LIST_V2], requestingForUser=1
09-23 18:21:42.701   368   609 D SettingsService: SettingsService: : nova/apps/settings/service/src/SettingsService.cpp:542: Success : [WIFI_HIDDEN_SSIDS_LIST_V2] ["wifi-demo"	"wifi-demo"	"wifi-demo"	"wifi-demo"	]
09-23 18:21:42.702   368   609 D SettingsService: SettingsService: : nova/apps/settings/service/src/SettingsService.cpp:530: [type : System], [key : WIFI_HIDDEN_SSIDS_LIST_V2]
09-23 18:21:42.702   368   609 D SettingsService: SettingsService: : nova/apps/settings/service/src/SettingsService.cpp:1069: name [WIFI_HIDDEN_SSIDS_LIST_V2], requestingForUser=1
09-23 18:21:42.702   368   609 D SettingsService: SettingsService: : nova/apps/settings/service/src/SettingsService.cpp:542: Success : [WIFI_HIDDEN_SSIDS_LIST_V2] ["wifi-demo"	"wifi-demo"	"wifi-demo"	"wifi-demo"	]
09-23 18:21:42.757   358   911 I WifiService: WifiSm: : nova/frameworks/services/wifiservices/src/WifiStateMachine.cpp:1686: Ev 4 WIFI_EV_BSS_CONNECTED in WIFI_STATE_IP_ADDR_ASSIGNED: IFNAME=wlan0 CTRL-EVENT-CONNECTED - connection to 44:48:c1:80:85:b2 completed (auth) [id=0 id_str=]
09-23 18:21:42.757   358   911 I WifiService: WifiSm: : nova/frameworks/services/wifiservices/src/WifiStateMachine.cpp:1431: event - WIFI_EV_BSS_CONNECTED in State WIFI_STATE_IP_ADDR_ASSIGNED
09-23 18:21:44.762   357   785 I nmservice: : : nova/frameworks/services/netservices/networkmanagementservice/src/NetworkConnectivityMonitor.cpp:282: Sending CURL command
09-23 18:21:44.789   357   785 I nmservice: : : nova/frameworks/services/netservices/networkmanagementservice/src/NetworkConnectivityMonitor.cpp:284: CURL command result [0]
09-23 18:21:44.789   357   785 I nmservice: : : nova/frameworks/services/netservices/networkmanagementservice/src/NetworkConnectivityMonitor.cpp:295: response_code 204 for URL http://google.com/generate_204
09-23 18:21:44.789   357   785 I nmservice: : : nova/frameworks/services/netservices/networkmanagementservice/src/NetworkConnectivityMonitor.cpp:297: response_code [204] for URL [http://google.com/generate_204]
09-23 18:21:44.789   357   785 I nmservice: : : nova/frameworks/services/netservices/networkmanagementservice/src/NetworkConnectivityMonitor.cpp:298: Response Data []
09-23 18:21:45.478   358   911 I WifiService: WifiSm: : nova/frameworks/services/wifiservices/src/WifiStateMachine.cpp:1686: Ev 36 WIFISVC_EV_BSS_CHNG_NOTIFY in WIFI_STATE_IP_ADDR_ASSIGNED: 
09-23 18:21:45.485   368   609 D SettingsService: SettingsService: : nova/apps/settings/service/src/SettingsService.cpp:530: [type : System], [key : WIFI_HIDDEN_SSIDS_LIST_V2]
09-23 18:21:45.486   368   609 D SettingsService: SettingsService: : nova/apps/settings/service/src/SettingsService.cpp:1069: name [WIFI_HIDDEN_SSIDS_LIST_V2], requestingForUser=1
09-23 18:21:45.488   368   609 D SettingsService: SettingsService: : nova/apps/settings/service/src/SettingsService.cpp:542: Success : [WIFI_HIDDEN_SSIDS_LIST_V2] ["wifi-demo"	"wifi-demo"	"wifi-demo"	"wifi-demo"	]
09-23 18:21:45.488   368   609 D SettingsService: SettingsService: : nova/apps/settings/service/src/SettingsService.cpp:530: [type : System], [key : WIFI_HIDDEN_SSIDS_LIST_V2]
09-23 18:21:45.488   368   609 D SettingsService: SettingsService: : nova/apps/settings/service/src/SettingsService.cpp:1069: name [WIFI_HIDDEN_SSIDS_LIST_V2], requestingForUser=1
09-23 18:21:45.488   368   609 D SettingsService: SettingsService: : nova/apps/settings/service/src/SettingsService.cpp:542: Success : [WIFI_HIDDEN_SSIDS_LIST_V2] ["wifi-demo"	"wifi-demo"	"wifi-demo"	"wifi-demo"	]
09-23 18:21:45.589   358   911 I WifiService: WifiSm: : nova/frameworks/services/wifiservices/src/WifiStateMachine.cpp:1686: Ev 4 WIFI_EV_BSS_CONNECTED in WIFI_STATE_IP_ADDR_ASSIGNED: IFNAME=wlan0 CTRL-EVENT-CONNECTED - connection to 44:48:c1:80:85:b2 completed (auth) [id=0 id_str=]
09-23 18:21:45.589   358   911 I WifiService: WifiSm: : nova/frameworks/services/wifiservices/src/WifiStateMachine.cpp:1431: event - WIFI_EV_BSS_CONNECTED in State WIFI_STATE_IP_ADDR_ASSIGNED
09-23 18:21:45.721   368   609 D SettingsService: SettingsService: : nova/apps/settings/service/src/SettingsService.cpp:530: [type : System], [key : WIFI_HIDDEN_SSIDS_LIST_V2]
09-23 18:21:45.722   368   609 D SettingsService: SettingsService: : nova/apps/settings/service/src/SettingsService.cpp:1069: name [WIFI_HIDDEN_SSIDS_LIST_V2], requestingForUser=1
09-23 18:21:45.722   368   609 D SettingsService: SettingsService: : nova/apps/settings/service/src/SettingsService.cpp:542: Success : [WIFI_HIDDEN_SSIDS_LIST_V2] ["wifi-demo"	"wifi-demo"	"wifi-demo"	"wifi-demo"	]
09-23 18:21:45.724   368   609 D SettingsService: SettingsService: : nova/apps/settings/service/src/SettingsService.cpp:530: [type : System], [key : WIFI_HIDDEN_SSIDS_LIST_V2]
09-23 18:21:45.724   368   609 D SettingsService: SettingsService: : nova/apps/settings/service/src/SettingsService.cpp:1069: name [WIFI_HIDDEN_SSIDS_LIST_V2], requestingForUser=1
09-23 18:21:45.724   368   609 D SettingsService: SettingsService: : nova/apps/settings/service/src/SettingsService.cpp:542: Success : [WIFI_HIDDEN_SSIDS_LIST_V2] ["wifi-demo"	"wifi-demo"	"wifi-demo"	"wifi-demo"	]
09-23 18:21:45.790   358   911 I WifiService: WifiSm: : nova/frameworks/services/wifiservices/src/WifiStateMachine.cpp:1686: Ev 4 WIFI_EV_BSS_CONNECTED in WIFI_STATE_IP_ADDR_ASSIGNED: IFNAME=wlan0 CTRL-EVENT-CONNECTED - connection to 44:48:c1:80:85:b2 completed (auth) [id=0 id_str=]
09-23 18:21:45.790   358   911 I WifiService: WifiSm: : nova/frameworks/services/wifiservices/src/WifiStateMachine.cpp:1431: event - WIFI_EV_BSS_CONNECTED in State WIFI_STATE_IP_ADDR_ASSIGNED
09-23 18:21:46.153  1392     4 I chatty  : uid=110111(/system/bin/lifecycleservice) settings_app expire 3 lines
09-23 18:21:47.153  1392     1 I chatty  : uid=110111(/system/bin/lifecycleservice) /init expire 4 lines
09-23 18:21:47.195  1392     4 I chatty  : uid=110111(/system/bin/lifecycleservice) settings_app expire 3 lines
09-23 18:21:47.900  1081  2035 I cloud-client-core: : : nova/frameworks/libs/cloud-client-native/core/src/Rest.cpp:338: GET https://api.magicleap.io/app-services/v2/contacts/self/ [Correlation-ID:e5603ac2-046f-1781-2e3d-de0dc02be5e8]
09-23 18:21:47.942  1081  2035 I certificate_pinner: : : nova/frameworks/libs/net/certificate_pinner/src/CertificatePinner.cpp:106: Certificate Chain:
09-23 18:21:47.947  1081  2035 I certificate_pinner: : : nova/frameworks/libs/net/certificate_pinner/src/CertificatePinner.cpp:116: 	0) Subject /CN=magicleap.io issuer /C=US/O=Amazon/OU=Server CA 1B/CN=Amazon with public key sha256//VMLuv0Vk2NcWsKFrCT/SauZ5U6sWfRwMMExbkliTfvg=
09-23 18:21:47.956  1081  2035 I certificate_pinner: : : nova/frameworks/libs/net/certificate_pinner/src/CertificatePinner.cpp:116: 	1) Subject /C=US/O=Amazon/OU=Server CA 1B/CN=Amazon issuer /C=US/O=Amazon/CN=Amazon Root CA 1 with public key sha256//JSMzqOOrtyOT1kmau6zKhgT676hGgczD5VMdRMyJZFA=
09-23 18:21:47.956  1081  2035 I certificate_pinner: : : nova/frameworks/libs/net/certificate_pinner/src/CertificatePinner.cpp:116: 	2) Subject /C=US/O=Amazon/CN=Amazon Root CA 1 issuer /C=US/O=Amazon/CN=Amazon Root CA 1 with public key sha256//++MBgDH5WGvL9Bcn5Be30cRcL0f5O+NyoXuWtQdX1aI=
09-23 18:21:47.957  1081  2035 D certificate_pinner: : : nova/frameworks/libs/net/certificate_pinner/src/CertificatePinner.cpp:93: Found trusted subject /CN=magicleap.io with public key sha256//VMLuv0Vk2NcWsKFrCT/SauZ5U6sWfRwMMExbkliTfvg=
09-23 18:21:48.046   956  1023 D pwservice: Enqueue grpcMethod[&Ml::PassableWorld::Stub::AsyncGetLocalizationSnapshot][d_89bf6920-2d9a-7018-860d-c406f214cc39_103] 
09-23 18:21:48.104  1081  2035 D StopWatch: StopWatch cloud-client-core (us): 199714 
09-23 18:21:48.104  1081  2035 I cloud-client-core: : : nova/frameworks/libs/cloud-client-native/core/src/Rest.cpp:452: GET https://api.magicleap.io/app-services/v2/contacts/self/ [Correlation-ID:e5603ac2-046f-1781-2e3d-de0dc02be5e8](197 ms): 200
09-23 18:21:48.104  1081  2035 D ContactsService: CoreRequestProcessor: : nova/frameworks/services/contactservice/service/CoreRequestProcessor.cpp:112: Successfully fetched current contact's info!
09-23 18:21:48.104  1081  2035 I cloud-client-core: : : nova/frameworks/libs/cloud-client-native/core/src/Rest.cpp:338: POST https://api.magicleap.io/app-services/v2/contacts/search [Correlation-ID:b37faaf2-0d81-a56a-27c4-fdafa3b178ad]
09-23 18:21:48.105  1081  2035 I cloud-client-core: : : nova/frameworks/libs/cloud-client-native/core/src/Rest.cpp:366: ?fields=
09-23 18:21:48.154  1392     1 I chatty  : uid=110111(/system/bin/lifecycleservice) /init expire 4 lines
09-23 18:21:48.155  1081  2035 I certificate_pinner: : : nova/frameworks/libs/net/certificate_pinner/src/CertificatePinner.cpp:106: Certificate Chain:
09-23 18:21:48.155  1081  2035 I certificate_pinner: : : nova/frameworks/libs/net/certificate_pinner/src/CertificatePinner.cpp:116: 	0) Subject /CN=magicleap.io issuer /C=US/O=Amazon/OU=Server CA 1B/CN=Amazon with public key sha256//VMLuv0Vk2NcWsKFrCT/SauZ5U6sWfRwMMExbkliTfvg=
09-23 18:21:48.155  1081  2035 I certificate_pinner: : : nova/frameworks/libs/net/certificate_pinner/src/CertificatePinner.cpp:116: 	1) Subject /C=US/O=Amazon/OU=Server CA 1B/CN=Amazon issuer /C=US/O=Amazon/CN=Amazon Root CA 1 with public key sha256//JSMzqOOrtyOT1kmau6zKhgT676hGgczD5VMdRMyJZFA=
09-23 18:21:48.155  1081  2035 I certificate_pinner: : : nova/frameworks/libs/net/certificate_pinner/src/CertificatePinner.cpp:116: 	2) Subject /C=US/O=Amazon/CN=Amazon Root CA 1 issuer /C=US/O=Amazon/CN=Amazon Root CA 1 with public key sha256//++MBgDH5WGvL9Bcn5Be30cRcL0f5O+NyoXuWtQdX1aI=
09-23 18:21:48.155  1081  2035 D certificate_pinner: : : nova/frameworks/libs/net/certificate_pinner/src/CertificatePinner.cpp:93: Found trusted subject /CN=magicleap.io with public key sha256//VMLuv0Vk2NcWsKFrCT/SauZ5U6sWfRwMMExbkliTfvg=
09-23 18:21:48.519  1081  2035 D StopWatch: StopWatch cloud-client-core (us): 413935 
09-23 18:21:48.519  1081  2035 I cloud-client-core: : : nova/frameworks/libs/cloud-client-native/core/src/Rest.cpp:452: POST https://api.magicleap.io/app-services/v2/contacts/search [Correlation-ID:b37faaf2-0d81-a56a-27c4-fdafa3b178ad](411 ms): 200
09-23 18:21:48.520  1081  2035 W cloud-client-social: : : nova/frameworks/libs/cloud-client-native/social/src/ContactPage.cpp:28: Could not parse page_token for ContactPage.
09-23 18:21:48.520  1081  2035 D ContactsService: CoreRequestProcessor: : nova/frameworks/services/contactservice/service/CoreRequestProcessor.cpp:142: Current user's info, contact: 25564d19-d3ef-11e9-8e97-8e6c462e00de : first_name: Nick, last_name: Ilin, username: R7830 Sculptoris, email: nilin+1@magicleap.com, phone: , relationship: RelationshipType::kSelf, status: UserStatus::kOnline, location: , bio: , emails: , phone_numbers: , avatar: 
09-23 18:21:48.569   955   955 D StorageService: StorageService: : nova/frameworks/services/storageservice/storageservice.cpp:365: Storage Monitor timer timeout on timer_id = 70368846684764
09-23 18:21:48.570   955   955 D StorageService: StorageService: : nova/frameworks/services/storageservice/storageservice.cpp:386: xStorage Percent Available: 91% Bytes Left = 93626290176
09-23 18:21:48.745   368   609 D SettingsService: SettingsService: : nova/apps/settings/service/src/SettingsService.cpp:530: [type : System], [key : WIFI_HIDDEN_SSIDS_LIST_V2]
09-23 18:21:48.745   368   609 D SettingsService: SettingsService: : nova/apps/settings/service/src/SettingsService.cpp:1069: name [WIFI_HIDDEN_SSIDS_LIST_V2], requestingForUser=1
09-23 18:21:48.745   368   609 D SettingsService: SettingsService: : nova/apps/settings/service/src/SettingsService.cpp:542: Success : [WIFI_HIDDEN_SSIDS_LIST_V2] ["wifi-demo"	"wifi-demo"	"wifi-demo"	"wifi-demo"	]
09-23 18:21:48.747   368   609 D SettingsService: SettingsService: : nova/apps/settings/service/src/SettingsService.cpp:530: [type : System], [key : WIFI_HIDDEN_SSIDS_LIST_V2]
09-23 18:21:48.747   368   609 D SettingsService: SettingsService: : nova/apps/settings/service/src/SettingsService.cpp:1069: name [WIFI_HIDDEN_SSIDS_LIST_V2], requestingForUser=1
09-23 18:21:48.747   368   609 D SettingsService: SettingsService: : nova/apps/settings/service/src/SettingsService.cpp:542: Success : [WIFI_HIDDEN_SSIDS_LIST_V2] ["wifi-demo"	"wifi-demo"	"wifi-demo"	"wifi-demo"	]
09-23 18:21:48.807   358   911 I WifiService: WifiSm: : nova/frameworks/services/wifiservices/src/WifiStateMachine.cpp:1686: Ev 4 WIFI_EV_BSS_CONNECTED in WIFI_STATE_IP_ADDR_ASSIGNED: IFNAME=wlan0 CTRL-EVENT-CONNECTED - connection to 44:48:c1:80:85:b2 completed (auth) [id=0 id_str=]
09-23 18:21:48.807   358   911 I WifiService: WifiSm: : nova/frameworks/services/wifiservices/src/WifiStateMachine.cpp:1431: event - WIFI_EV_BSS_CONNECTED in State WIFI_STATE_IP_ADDR_ASSIGNED
09-23 18:21:49.157  1392     4 I chatty  : uid=110111(/system/bin/lifecycleservice) settings_app expire 2 lines
09-23 18:21:49.158  1392     1 I chatty  : uid=110111(/system/bin/lifecycleservice) /init expire 4 lines
09-23 18:21:50.172  1392     4 I chatty  : uid=110111(/system/bin/lifecycleservice) settings_app expire 3 lines
09-23 18:21:51.159  1392     1 I chatty  : uid=110111(/system/bin/lifecycleservice) /init expire 4 lines
09-23 18:21:51.186  1392     4 I chatty  : uid=110111(/system/bin/lifecycleservice) settings_app expire 2 lines
09-23 18:21:51.768   368   609 D SettingsService: SettingsService: : nova/apps/settings/service/src/SettingsService.cpp:530: [type : System], [key : WIFI_HIDDEN_SSIDS_LIST_V2]
09-23 18:21:51.768   368   609 D SettingsService: SettingsService: : nova/apps/settings/service/src/SettingsService.cpp:1069: name [WIFI_HIDDEN_SSIDS_LIST_V2], requestingForUser=1
09-23 18:21:51.768   368   609 D SettingsService: SettingsService: : nova/apps/settings/service/src/SettingsService.cpp:542: Success : [WIFI_HIDDEN_SSIDS_LIST_V2] ["wifi-demo"	"wifi-demo"	"wifi-demo"	"wifi-demo"	]
09-23 18:21:51.771   368   609 D SettingsService: SettingsService: : nova/apps/settings/service/src/SettingsService.cpp:530: [type : System], [key : WIFI_HIDDEN_SSIDS_LIST_V2]
09-23 18:21:51.771   368   609 D SettingsService: SettingsService: : nova/apps/settings/service/src/SettingsService.cpp:1069: name [WIFI_HIDDEN_SSIDS_LIST_V2], requestingForUser=1
09-23 18:21:51.771   368   609 D SettingsService: SettingsService: : nova/apps/settings/service/src/SettingsService.cpp:542: Success : [WIFI_HIDDEN_SSIDS_LIST_V2] ["wifi-demo"	"wifi-demo"	"wifi-demo"	"wifi-demo"	]
09-23 18:21:51.836   358   911 I WifiService: WifiSm: : nova/frameworks/services/wifiservices/src/WifiStateMachine.cpp:1686: Ev 4 WIFI_EV_BSS_CONNECTED in WIFI_STATE_IP_ADDR_ASSIGNED: IFNAME=wlan0 CTRL-EVENT-CONNECTED - connection to 44:48:c1:80:85:b2 completed (auth) [id=0 id_str=]
09-23 18:21:51.837   358   911 I WifiService: WifiSm: : nova/frameworks/services/wifiservices/src/WifiStateMachine.cpp:1431: event - WIFI_EV_BSS_CONNECTED in State WIFI_STATE_IP_ADDR_ASSIGNED
09-23 18:21:52.160  1392     1 I chatty  : uid=110111(/system/bin/lifecycleservice) /init expire 4 lines
09-23 18:21:52.194  1392     4 I chatty  : uid=110111(/system/bin/lifecycleservice) settings_app expire 3 lines
09-23 18:21:53.184  1392     1 I chatty  : uid=110111(/system/bin/lifecycleservice) /init expire 3 lines
09-23 18:21:54.169  1392     4 I chatty  : uid=110111(/system/bin/lifecycleservice) settings_app expire 2 lines
09-23 18:21:54.170  1392     1 I chatty  : uid=110111(/system/bin/lifecycleservice) /init expire 3 lines
09-23 18:21:54.792   368   609 D SettingsService: SettingsService: : nova/apps/settings/service/src/SettingsService.cpp:530: [type : System], [key : WIFI_HIDDEN_SSIDS_LIST_V2]
09-23 18:21:54.792   368   609 D SettingsService: SettingsService: : nova/apps/settings/service/src/SettingsService.cpp:1069: name [WIFI_HIDDEN_SSIDS_LIST_V2], requestingForUser=1
09-23 18:21:54.792   368   609 D SettingsService: SettingsService: : nova/apps/settings/service/src/SettingsService.cpp:542: Success : [WIFI_HIDDEN_SSIDS_LIST_V2] ["wifi-demo"	"wifi-demo"	"wifi-demo"	"wifi-demo"	]
09-23 18:21:54.793   368   609 D SettingsService: SettingsService: : nova/apps/settings/service/src/SettingsService.cpp:530: [type : System], [key : WIFI_HIDDEN_SSIDS_LIST_V2]
09-23 18:21:54.793   368   609 D SettingsService: SettingsService: : nova/apps/settings/service/src/SettingsService.cpp:1069: name [WIFI_HIDDEN_SSIDS_LIST_V2], requestingForUser=1
09-23 18:21:54.793   368   609 D SettingsService: SettingsService: : nova/apps/settings/service/src/SettingsService.cpp:542: Success : [WIFI_HIDDEN_SSIDS_LIST_V2] ["wifi-demo"	"wifi-demo"	"wifi-demo"	"wifi-demo"	]
09-23 18:21:54.849   358   911 I WifiService: WifiSm: : nova/frameworks/services/wifiservices/src/WifiStateMachine.cpp:1686: Ev 4 WIFI_EV_BSS_CONNECTED in WIFI_STATE_IP_ADDR_ASSIGNED: IFNAME=wlan0 CTRL-EVENT-CONNECTED - connection to 44:48:c1:80:85:b2 completed (auth) [id=0 id_str=]
09-23 18:21:54.849   358   911 I WifiService: WifiSm: : nova/frameworks/services/wifiservices/src/WifiStateMachine.cpp:1431: event - WIFI_EV_BSS_CONNECTED in State WIFI_STATE_IP_ADDR_ASSIGNED
09-23 18:21:55.179  1392     4 I chatty  : uid=110111(/system/bin/lifecycleservice) settings_app expire 2 lines
09-23 18:21:55.180  1392     1 I chatty  : uid=110111(/system/bin/lifecycleservice) /init expire 4 lines
09-23 18:21:55.559   358   911 I WifiService: WifiSm: : nova/frameworks/services/wifiservices/src/WifiStateMachine.cpp:1686: Ev 36 WIFISVC_EV_BSS_CHNG_NOTIFY in WIFI_STATE_IP_ADDR_ASSIGNED: 
09-23 18:21:55.561   368   609 D SettingsService: SettingsService: : nova/apps/settings/service/src/SettingsService.cpp:530: [type : System], [key : WIFI_HIDDEN_SSIDS_LIST_V2]
09-23 18:21:55.561   368   609 D SettingsService: SettingsService: : nova/apps/settings/service/src/SettingsService.cpp:1069: name [WIFI_HIDDEN_SSIDS_LIST_V2], requestingForUser=1
09-23 18:21:55.561   368   609 D SettingsService: SettingsService: : nova/apps/settings/service/src/SettingsService.cpp:542: Success : [WIFI_HIDDEN_SSIDS_LIST_V2] ["wifi-demo"	"wifi-demo"	"wifi-demo"	"wifi-demo"	]
09-23 18:21:55.562   368   609 D SettingsService: SettingsService: : nova/apps/settings/service/src/SettingsService.cpp:530: [type : System], [key : WIFI_HIDDEN_SSIDS_LIST_V2]
09-23 18:21:55.562   368   609 D SettingsService: SettingsService: : nova/apps/settings/service/src/SettingsService.cpp:1069: name [WIFI_HIDDEN_SSIDS_LIST_V2], requestingForUser=1
09-23 18:21:55.562   368   609 D SettingsService: SettingsService: : nova/apps/settings/service/src/SettingsService.cpp:542: Success : [WIFI_HIDDEN_SSIDS_LIST_V2] ["wifi-demo"	"wifi-demo"	"wifi-demo"	"wifi-demo"	]
09-23 18:21:55.663   358   911 I WifiService: WifiSm: : nova/frameworks/services/wifiservices/src/WifiStateMachine.cpp:1686: Ev 4 WIFI_EV_BSS_CONNECTED in WIFI_STATE_IP_ADDR_ASSIGNED: IFNAME=wlan0 CTRL-EVENT-CONNECTED - connection to 44:48:c1:80:85:b2 completed (auth) [id=0 id_str=]
09-23 18:21:55.663   358   911 I WifiService: WifiSm: : nova/frameworks/services/wifiservices/src/WifiStateMachine.cpp:1431: event - WIFI_EV_BSS_CONNECTED in State WIFI_STATE_IP_ADDR_ASSIGNED
09-23 18:21:56.173  1392     4 I chatty  : uid=110111(/system/bin/lifecycleservice) settings_app expire 3 lines
09-23 18:21:57.168  1392     1 I chatty  : uid=110111(/system/bin/lifecycleservice) /init expire 3 lines
09-23 18:21:57.209  1392     4 I chatty  : uid=110111(/system/bin/lifecycleservice) settings_app expire 1 line
09-23 18:21:57.804   368   609 D SettingsService: SettingsService: : nova/apps/settings/service/src/SettingsService.cpp:530: [type : System], [key : WIFI_HIDDEN_SSIDS_LIST_V2]
09-23 18:21:57.804   368   609 D SettingsService: SettingsService: : nova/apps/settings/service/src/SettingsService.cpp:1069: name [WIFI_HIDDEN_SSIDS_LIST_V2], requestingForUser=1
09-23 18:21:57.804   368   609 D SettingsService: SettingsService: : nova/apps/settings/service/src/SettingsService.cpp:542: Success : [WIFI_HIDDEN_SSIDS_LIST_V2] ["wifi-demo"	"wifi-demo"	"wifi-demo"	"wifi-demo"	]
09-23 18:21:57.808   368   609 D SettingsService: SettingsService: : nova/apps/settings/service/src/SettingsService.cpp:530: [type : System], [key : WIFI_HIDDEN_SSIDS_LIST_V2]
09-23 18:21:57.808   368   609 D SettingsService: SettingsService: : nova/apps/settings/service/src/SettingsService.cpp:1069: name [WIFI_HIDDEN_SSIDS_LIST_V2], requestingForUser=1
09-23 18:21:57.808   368   609 D SettingsService: SettingsService: : nova/apps/settings/service/src/SettingsService.cpp:542: Success : [WIFI_HIDDEN_SSIDS_LIST_V2] ["wifi-demo"	"wifi-demo"	"wifi-demo"	"wifi-demo"	]
09-23 18:21:57.877   358   911 I WifiService: WifiSm: : nova/frameworks/services/wifiservices/src/WifiStateMachine.cpp:1686: Ev 4 WIFI_EV_BSS_CONNECTED in WIFI_STATE_IP_ADDR_ASSIGNED: IFNAME=wlan0 CTRL-EVENT-CONNECTED - connection to 44:48:c1:80:85:b2 completed (auth) [id=0 id_str=]
09-23 18:21:57.877   358   911 I WifiService: WifiSm: : nova/frameworks/services/wifiservices/src/WifiStateMachine.cpp:1431: event - WIFI_EV_BSS_CONNECTED in State WIFI_STATE_IP_ADDR_ASSIGNED
09-23 18:21:58.170  1392     1 I chatty  : uid=110111(/system/bin/lifecycleservice) /init expire 31 lines
09-23 18:21:58.179  1392     4 I chatty  : uid=110111(/system/bin/lifecycleservice) settings_app expire 22 lines
09-23 18:21:58.935  1132  1398 D libsense: libsense: : nova/frameworks/services/cloudkit/sense/lib/private/chronicle_api.h:261: com.magicleap.landscapemanagerapp: passive=0, state=1, outbound=1, uploadable=0, uploading=0, uploaded=3
09-23 18:21:59.498  1132  1403 D libsense: libsense: : nova/frameworks/services/cloudkit/sense/lib/private/chronicle_api.h:261: com.magicleap.pwguide: passive=0, state=1, outbound=1, uploadable=0, uploading=0, uploaded=3
09-23 18:21:59.688   723   814 E graph_pss: malleus/workloads/pss/impl/wifi_scan_component.cpp(115) triggerScan():
09-23 18:21:59.688   723   814 E graph_pss: ERR: scan already in progress. Skipping triggerScan()
09-23 18:22:00.832   368   609 D SettingsService: SettingsService: : nova/apps/settings/service/src/SettingsService.cpp:530: [type : System], [key : WIFI_HIDDEN_SSIDS_LIST_V2]
09-23 18:22:00.832   368   609 D SettingsService: SettingsService: : nova/apps/settings/service/src/SettingsService.cpp:1069: name [WIFI_HIDDEN_SSIDS_LIST_V2], requestingForUser=1
09-23 18:22:00.832   368   609 D SettingsService: SettingsService: : nova/apps/settings/service/src/SettingsService.cpp:542: Success : [WIFI_HIDDEN_SSIDS_LIST_V2] ["wifi-demo"	"wifi-demo"	"wifi-demo"	"wifi-demo"	]
09-23 18:22:00.832   368   609 D SettingsService: SettingsService: : nova/apps/settings/service/src/SettingsService.cpp:530: [type : System], [key : WIFI_HIDDEN_SSIDS_LIST_V2]
09-23 18:22:00.832   368   609 D SettingsService: SettingsService: : nova/apps/settings/service/src/SettingsService.cpp:1069: name [WIFI_HIDDEN_SSIDS_LIST_V2], requestingForUser=1
09-23 18:22:00.832   368   609 D SettingsService: SettingsService: : nova/apps/settings/service/src/SettingsService.cpp:542: Success : [WIFI_HIDDEN_SSIDS_LIST_V2] ["wifi-demo"	"wifi-demo"	"wifi-demo"	"wifi-demo"	]
09-23 18:22:00.899   358   911 I WifiService: WifiSm: : nova/frameworks/services/wifiservices/src/WifiStateMachine.cpp:1686: Ev 4 WIFI_EV_BSS_CONNECTED in WIFI_STATE_IP_ADDR_ASSIGNED: IFNAME=wlan0 CTRL-EVENT-CONNECTED - connection to 44:48:c1:80:85:b2 completed (auth) [id=0 id_str=]
09-23 18:22:00.899   358   911 I WifiService: WifiSm: : nova/frameworks/services/wifiservices/src/WifiStateMachine.cpp:1431: event - WIFI_EV_BSS_CONNECTED in State WIFI_STATE_IP_ADDR_ASSIGNED
09-23 18:22:03.569   955   955 D StorageService: StorageService: : nova/frameworks/services/storageservice/storageservice.cpp:365: Storage Monitor timer timeout on timer_id = 70368846684764
09-23 18:22:03.570   955   955 D StorageService: StorageService: : nova/frameworks/services/storageservice/storageservice.cpp:386: xStorage Percent Available: 91% Bytes Left = 93625360384
09-23 18:22:03.850   368   609 D SettingsService: SettingsService: : nova/apps/settings/service/src/SettingsService.cpp:530: [type : System], [key : WIFI_HIDDEN_SSIDS_LIST_V2]
09-23 18:22:03.850   368   609 D SettingsService: SettingsService: : nova/apps/settings/service/src/SettingsService.cpp:1069: name [WIFI_HIDDEN_SSIDS_LIST_V2], requestingForUser=1
09-23 18:22:03.851   368   609 D SettingsService: SettingsService: : nova/apps/settings/service/src/SettingsService.cpp:542: Success : [WIFI_HIDDEN_SSIDS_LIST_V2] ["wifi-demo"	"wifi-demo"	"wifi-demo"	"wifi-demo"	]
09-23 18:22:03.852   368   609 D SettingsService: SettingsService: : nova/apps/settings/service/src/SettingsService.cpp:530: [type : System], [key : WIFI_HIDDEN_SSIDS_LIST_V2]
09-23 18:22:03.852   368   609 D SettingsService: SettingsService: : nova/apps/settings/service/src/SettingsService.cpp:1069: name [WIFI_HIDDEN_SSIDS_LIST_V2], requestingForUser=1
09-23 18:22:03.852   368   609 D SettingsService: SettingsService: : nova/apps/settings/service/src/SettingsService.cpp:542: Success : [WIFI_HIDDEN_SSIDS_LIST_V2] ["wifi-demo"	"wifi-demo"	"wifi-demo"	"wifi-demo"	]
09-23 18:22:03.921   358   911 I WifiService: WifiSm: : nova/frameworks/services/wifiservices/src/WifiStateMachine.cpp:1686: Ev 4 WIFI_EV_BSS_CONNECTED in WIFI_STATE_IP_ADDR_ASSIGNED: IFNAME=wlan0 CTRL-EVENT-CONNECTED - connection to 44:48:c1:80:85:b2 completed (auth) [id=0 id_str=]
09-23 18:22:03.921   358   911 I WifiService: WifiSm: : nova/frameworks/services/wifiservices/src/WifiStateMachine.cpp:1431: event - WIFI_EV_BSS_CONNECTED in State WIFI_STATE_IP_ADDR_ASSIGNED
09-23 18:22:04.238   956  1024 D pwservice: Enqueue grpcMethod[&Ml::PassableWorld::Stub::AsyncGetLocalizationSnapshot][d_89bf6920-2d9a-7018-860d-c406f214cc39_104] 
09-23 18:22:05.536   358   911 I WifiService: WifiSm: : nova/frameworks/services/wifiservices/src/WifiStateMachine.cpp:1686: Ev 36 WIFISVC_EV_BSS_CHNG_NOTIFY in WIFI_STATE_IP_ADDR_ASSIGNED: 
09-23 18:22:05.538   368   609 D SettingsService: SettingsService: : nova/apps/settings/service/src/SettingsService.cpp:530: [type : System], [key : WIFI_HIDDEN_SSIDS_LIST_V2]
09-23 18:22:05.538   368   609 D SettingsService: SettingsService: : nova/apps/settings/service/src/SettingsService.cpp:1069: name [WIFI_HIDDEN_SSIDS_LIST_V2], requestingForUser=1
09-23 18:22:05.538   368   609 D SettingsService: SettingsService: : nova/apps/settings/service/src/SettingsService.cpp:542: Success : [WIFI_HIDDEN_SSIDS_LIST_V2] ["wifi-demo"	"wifi-demo"	"wifi-demo"	"wifi-demo"	]
09-23 18:22:05.538   368   609 D SettingsService: SettingsService: : nova/apps/settings/service/src/SettingsService.cpp:530: [type : System], [key : WIFI_HIDDEN_SSIDS_LIST_V2]
09-23 18:22:05.538   368   609 D SettingsService: SettingsService: : nova/apps/settings/service/src/SettingsService.cpp:1069: name [WIFI_HIDDEN_SSIDS_LIST_V2], requestingForUser=1
09-23 18:22:05.539   368   609 D SettingsService: SettingsService: : nova/apps/settings/service/src/SettingsService.cpp:542: Success : [WIFI_HIDDEN_SSIDS_LIST_V2] ["wifi-demo"	"wifi-demo"	"wifi-demo"	"wifi-demo"	]
09-23 18:22:05.640   358   911 I WifiService: WifiSm: : nova/frameworks/services/wifiservices/src/WifiStateMachine.cpp:1686: Ev 4 WIFI_EV_BSS_CONNECTED in WIFI_STATE_IP_ADDR_ASSIGNED: IFNAME=wlan0 CTRL-EVENT-CONNECTED - connection to 44:48:c1:80:85:b2 completed (auth) [id=0 id_str=]
09-23 18:22:05.640   358   911 I WifiService: WifiSm: : nova/frameworks/services/wifiservices/src/WifiStateMachine.cpp:1431: event - WIFI_EV_BSS_CONNECTED in State WIFI_STATE_IP_ADDR_ASSIGNED
09-23 18:22:06.873   368   609 D SettingsService: SettingsService: : nova/apps/settings/service/src/SettingsService.cpp:530: [type : System], [key : WIFI_HIDDEN_SSIDS_LIST_V2]
09-23 18:22:06.873   368   609 D SettingsService: SettingsService: : nova/apps/settings/service/src/SettingsService.cpp:1069: name [WIFI_HIDDEN_SSIDS_LIST_V2], requestingForUser=1
09-23 18:22:06.873   368   609 D SettingsService: SettingsService: : nova/apps/settings/service/src/SettingsService.cpp:542: Success : [WIFI_HIDDEN_SSIDS_LIST_V2] ["wifi-demo"	"wifi-demo"	"wifi-demo"	"wifi-demo"	]
09-23 18:22:06.873   368   609 D SettingsService: SettingsService: : nova/apps/settings/service/src/SettingsService.cpp:530: [type : System], [key : WIFI_HIDDEN_SSIDS_LIST_V2]
09-23 18:22:06.873   368   609 D SettingsService: SettingsService: : nova/apps/settings/service/src/SettingsService.cpp:1069: name [WIFI_HIDDEN_SSIDS_LIST_V2], requestingForUser=1
09-23 18:22:06.873   368   609 D SettingsService: SettingsService: : nova/apps/settings/service/src/SettingsService.cpp:542: Success : [WIFI_HIDDEN_SSIDS_LIST_V2] ["wifi-demo"	"wifi-demo"	"wifi-demo"	"wifi-demo"	]
09-23 18:22:06.950   358   911 I WifiService: WifiSm: : nova/frameworks/services/wifiservices/src/WifiStateMachine.cpp:1686: Ev 4 WIFI_EV_BSS_CONNECTED in WIFI_STATE_IP_ADDR_ASSIGNED: IFNAME=wlan0 CTRL-EVENT-CONNECTED - connection to 44:48:c1:80:85:b2 completed (auth) [id=0 id_str=]
09-23 18:22:06.950   358   911 I WifiService: WifiSm: : nova/frameworks/services/wifiservices/src/WifiStateMachine.cpp:1431: event - WIFI_EV_BSS_CONNECTED in State WIFI_STATE_IP_ADDR_ASSIGNED
09-23 18:22:08.183  1392     1 I chatty  : uid=110111(/system/bin/lifecycleservice) /init expire 4 lines
09-23 18:22:09.204  1392     4 I chatty  : uid=110111(/system/bin/lifecycleservice) settings_app expire 2 lines
09-23 18:22:09.205  1392     1 I chatty  : uid=110111(/system/bin/lifecycleservice) /init expire 4 lines
09-23 18:22:09.432   956  1024 D pwservice: Tracking map quality is not good enough to store. Removing it
09-23 18:22:09.432   723   814 E graph_pss: malleus/workloads/pw/sparsemap/impl/pw_map_binder_client.cpp(171) TrackingMapSaved():
09-23 18:22:09.432   723   814 E graph_pss: ERR: MapManagerClient::TrackingMapSaved failed, Status(-8): '-2: Error invoking trackingMapSaved'
